Taxa_Name	NW001_3_all	NW002_2_all	NW003_3_all	NW005_3_all	NW006_3_all	NW007_2_all	NW008_1_all	NW010_2_all	NW011_2_all	NW012_3_all	NW013_3_all	NW014_1_all	NW015_3_all	NW016_1_all	NW016_2_2_all	NW016_5_all	NW018_3_2_all	NW019_3_all	NW020_3_all	NW021_3_all	NW022_4_all	NW023_3_all	NW025_3_all	NW026_3_all	NW027_2_all	NW028_3_all	NW029_3_all	NW030_2_all	NW031_3_all	NW032_3_all	NW033_2_all	NW034_3_all	NW035_2_all	NW036_3_all	NW038_3_all	NW040_3_all	NW041_2_all	NW042_3_all	NW043_3_all	NW044_1_all	NW045_3_all	NW046_5_all	NW047_4_all	NW048_5_1_all	NW049_3_all	NW050_3_all	NW051_3_all	NW052_2_all	NW053_3_all
Bacteroidaceae	28.86835	0	12.90724	19.96928	2.51701	24.97345	11.59387	41.15853	27.26818	18.23494	30.13641	26.8335	27.06291	30.2387	15.82434	2.25567	48.2447	18.27033	6.33427	46.81907	12.48116	11.07155	43.41352	22.65992	0	27.60254	10.59594	54.60026	14.61145	42.85587	39.56082	45.88441	6.13226	39.51893	8.4157	11.02251	32.09421	8.21151	3.85732	24.42072	29.90322	7.2433	22.56277	38.64419	20.29627	3.25413	9.14594	11.60097	12.33078
Acidaminococcaceae	20.96996	0	0	1.50819	0.07005	1.67899	6.44456	15.86068	0	0	0	1.22553	0	2.17341	3.47656	1.14153	0	3.09603	0	3.47972	0.32119	1.9646	1.01866	2.48874	0	0	2.56877	0	0	1.92995	0	0.27111	2.73188	3.79452	1.69057	1.32547	3.30136	1.1396	2.03025	1.03558	1.27089	0.03488	3.83181	2.23115	1.08722	0.13399	0.50706	1.5621	0.27733
Akkermansiaceae	14.76302	2.1738	13.13449	0	0.8007	0	0	8.71651	0.13448	0	0	0.40499	0	0	12.36166	52.04993	3.75918	12.54016	0.01034	2.90077	0.04177	0.04742	8.70084	0	0	0	0.19819	1.14959	1.26732	5.25374	0	0	5.08938	6.21399	2.12549	8.57021	0	0	1.40672	8.81314	0	6.35351	19.33191	0.40993	5.93962	0	3.11629	0	0
Rikenellaceae	6.81077	7.01706	26.19822	9.06871	1.22296	0.02806	7.76292	6.01105	5.08679	5.44986	6.39196	2.99928	6.62797	5.12354	11.86813	0.13984	15.47676	12.93598	8.48522	7.40283	3.05342	4.31381	19.73806	4.33122	0	0	22.0904	6.63563	6.98236	0	4.64269	9.18926	2.15689	10.12425	21.34417	10.44205	8.15405	14.7568	4.12718	9.28897	4.1408	1.43119	3.53223	9.43322	6.58512	13.61836	8.26163	8.10669	8.91388
Coriobacteriaceae	6.42286	0	0	1.28212	4.44454	0	3.69219	9.7859	0	0.98928	0	0.40487	0	0.04437	0.15733	0.43587	0.31528	0.16309	2.00119	0	9.00455	0	0.06721	0.22199	0	0	0	0	0.58535	0	0	0	1.30531	0.15422	0.35274	1.38876	6.80196	0	0.21093	0.30236	0.28584	1.3481	4.46037	0.96513	0	0	2.34187	0.21099	0.27593
Lachnospiraceae	5.69045	17.44532	6.55121	32.74598	4.96752	18.88436	26.28642	6.1558	17.04286	19.20649	16.14836	31.6071	15.23351	5.87009	4.1057	23.98135	9.03876	3.11566	25.62897	6.49721	20.89387	8.25826	6.81372	24.51329	68.64029	22.35465	8.9191	11.10158	5.97132	17.19763	21.7807	11.97262	2.67875	18.62808	9.88077	6.83253	19.57054	33.41062	8.7801	2.98933	14.6163	6.47547	15.13478	23.51301	35.72268	11.9777	0.95821	36.6858	15.10207
Oscillospiraceae	4.08548	10.50869	10.78118	14.74642	14.67395	6.22499	15.43111	3.76609	18.3588	19.76075	25.67278	7.6554	17.2966	6.48943	8.56615	3.32733	5.62954	9.1214	14.41075	10.05316	18.5698	8.52114	3.97621	10.04266	0	5.38814	3.31905	11.5027	12.28795	5.9741	9.27746	5.47408	11.87599	10.1206	12.37645	8.02318	12.76355	9.28286	19.1194	13.48379	12.07487	23.9097	9.02672	0.5354	12.21983	6.70376	10.54969	9.65259	12.36241
Tannerellaceae	2.64508	9.46185	2.11217	3.2565	0.05991	0.90078	0.52048	2.70433	0.44083	0.32007	0	2.80867	5.54215	5.06927	8.96837	0.226	4.04781	9.44232	13.53956	8.59167	1.00366	5.04502	3.29834	1.50852	0	1.90452	5.62158	2.63065	3.98199	0	5.48894	9.9283	1.28063	2.36542	2.39232	6.91196	1.42002	5.51751	1.16956	2.41431	1.71943	1.8186	0.77201	0.66267	6.02311	1.76476	2.80868	0.56712	3.2845
Desulfovibrionaceae	1.70811	0	0.73164	0.90112	0.60526	0.45835	0.21392	1.07352	0	0	0.54427	0.76539	0.71822	1.1288	1.08358	0.29506	0.70173	0.61334	0	0.34438	0.47432	0.69954	0.09659	0.2083	0	0	2.3046	0.34383	0.21228	1.10466	0	0.22084	0.45598	0.04016	1.385	1.04229	0.63437	0.91832	0.89589	0.59246	0.56476	0.25348	1.2479	3.63796	0.51084	0.07085	0.45055	1.06295	0.41681
Eubacteriales_unclassified	1.69485	2.73165	0.3757	2.9652	0.44044	0.18953	1.23683	1.01485	0.89243	0.97781	0.04764	0.98739	1.37776	0.24961	0.16337	1.12546	1.30132	0.11465	2.13229	0.37716	0.78471	1.17742	0.2709	0.61711	0	1.9654	0.70308	0.50516	0.15798	2.52818	1.42887	1.36605	8.19302	2.12031	1.25076	0.58727	0.67164	1.42855	0.98465	0.6278	1.4499	0.71502	1.31594	1.02386	3.18827	0.27141	0.4223	1.28734	0.53506
Clostridiaceae	1.15589	9.09173	1.09578	4.24011	2.18966	7.9679	2.50635	0.03719	8.40241	4.68882	0.07781	5.99464	6.23094	6.10586	2.04148	9.7307	1.88616	1.575	8.6312	1.54118	0.5786	4.5106	0.24325	13.76191	12.10056	4.89275	0.48744	2.41804	0.79378	2.81382	4.00764	1.83505	7.23824	0.33861	0.66342	0.22934	1.4089	3.01466	6.0238	0.88293	8.71119	0.59075	5.14712	9.86228	2.1452	0.33885	3.44996	9.19017	0.40316
Clostridia_unclassified	1.08763	0.16954	0.3873	0.09379	1.91412	0.42636	0.58036	0.73629	0.07585	2.1046	0.08445	1.26	1.89149	1.31139	0.09122	0.39275	0.21819	0.00193	0.5944	0.09479	0.57867	3.77815	0.42216	0.63427	0	0.2291	6.4015	0.30919	1.39157	0.14682	0.61474	0.57543	4.0735	0.36023	0.19635	5.19781	0.48097	0.8902	0.37325	0.62006	0.09036	4.33657	0.50541	0	0.35131	0.29407	4.19187	0.33754	0.55189
Streptococcaceae	1.04641	6.31133	0	1.349	0	0	0.11615	0.4116	0.27343	0	0	0.02456	0.12471	0	1.68441	0.07298	0	1.28733	1.36592	0	0.14516	0	0	4.10377	1.11036	6.48475	0	0	9.99124	0.99473	0.12022	0.18191	0.76391	1.58734	0	0	0.38497	0.04321	0	0	1.2905	0	0	0.33061	0.62476	0	0.43754	3.28123	17.75342
Sutterellaceae	0.90483	0.36257	0	0.35338	0.04575	3.78372	0	0.40846	0.34966	0.01631	0	1.81517	1.24911	1.02999	0.47684	0	1.62035	0.30418	1.9112	0	0	0	0	2.51482	0	0	0	0.19691	0.04483	0	0	1.54292	0	0	0.37501	0.23664	1.64118	0.2162	0	0.05307	0.84959	0.00495	0.18587	1.33125	0	0	0.06115	0.57384	0
FGB3012	0.77015	0	0	0.51016	0	0	0	1.4964	0	0	1.49908	0	0	0.09165	0	0.69757	0	0	0	0.62627	0	0	0.22352	0	0	0	1.20295	0.98889	0	1.38507	1.07382	0	0	0	0	0	1.23167	1.06303	0	0	0	0.50141	0.77875	0.16226	0.77895	0	0.68189	0.43354	0
Lactobacillaceae	0.71844	3.80819	0	0.06549	0.06373	0	0	0.31683	0.29902	0	0	0	0	0	3.29687	0	0	5.73597	0	0	0	0	0	0.33254	0	7.3181	0	0	0	0.00245	0	0	0	0	0	0.03959	0	0.17742	0	0	0	0	0	0.39997	0	0	0.0874	0.42345	0.01889
Eggerthellaceae	0.4592	0.50147	0.38111	0.07078	0.14508	1.11108	1.33537	0.01123	0.23891	0.61891	1.07653	0.04216	0.07265	0	0.07268	0.00833	0	0.09224	0.01366	0	0.31452	1.37861	0.04389	0.14593	0	0.0829	0.02192	0.85509	0.05171	0.29489	0.41642	0.42317	0.55485	0.08927	0.4325	0.12249	0.97176	1.33993	0	0.12651	0.37388	0.31993	0	0	0.04079	0.09085	0.00358	0.32358	0.01946
Ruminococcaceae	0.06479	0.79036	0	0	0	0.02422	0.05252	0.23692	0.88727	0.011	0	0.2995	0	0	0	0	0.10232	0	0.85395	0	0	0	0.79789	0.19773	0	0	0	0.08651	0	0	0	0	0	0	0.38162	0	0	0	0.08223	0.0654	0.59052	0	2.85292	0	0.39312	1.93197	0	0.21624	0.29997
Prevotellaceae	0.04116	0	0	0	0	10.169	2.40644	0	0	0.45699	0	0	0	0.45303	8.76973	0.13001	0	2.16415	0	0	0	0	0	1.02586	0	0	0.43197	0	0	0	0	0	0	0	2.89736	0.17416	0	0	17.49828	0.0214	1.58498	0	0.37474	0.39752	0	0	0.06569	0	0
FGB74461	0.0294	0.13777	0	0.03703	0	0	0	0.03535	0	0.00642	0	0	0	0	0	0	0	0	0.06076	0	0	0	0	0	0	0	0	0.01528	0	0	0	0	0	0	0	0.01555	0	0	0	0.03386	0	0.05969	0.02314	0	0	0	0	0	0
Eubacteriales_Family_XIII_Incertae_Sedis	0.02666	0	0	0.06102	0.03031	0	0.86575	0	0	0.0327	0	0	0	0.10084	0.06917	0	0	0.02272	0.06287	0	0.17155	0	0	0	0.00911	0	0	0.1103	0.33806	0	0.13246	0.00539	0.16851	0	0	0.56318	0.25657	0.06756	0.15514	0	0.10665	0.14171	0	0	0.22082	0	0.2395	0	0.63059
Erysipelotrichaceae	0.01553	0.48967	0.12788	0.09846	2.91273	0	5.15158	0	0.05082	0.60527	5.36697	0.33938	0.35203	0.71743	4.77188	0.20796	0.03087	7.37858	0.13075	0.11626	1.04974	1.05136	0.01188	0.013	2.33591	0	1.53819	0.57423	0.1437	0.04911	0.31773	0.11455	0.56977	0.53133	3.38892	1.04048	0.07449	3.53932	0.41283	0.09012	0.15391	1.05505	0.00281	0.47358	0.23479	0.83868	0	1.4332	0
Enterobacteriaceae	0.01344	0.49294	0.2839	0	0.2638	0	0.33846	0	0	0	0	0.06256	0	0.39556	0	0.03645	0	0	0	8.25653	0.1256	0	0.11952	4.07166	8.57373	1.02828	1.26161	1.19995	0.02798	0	0.27806	0	0.34093	0	0	4.64316	0	0.6346	2.16752	0.87924	0.42657	0	4.93461	0	0.36495	54.86656	0	0	20.01954
Porphyromonadaceae	0.00753	0	0	0	0	0	0	0	0	0	0	0	0	0	0	0	0	0	0	0	0	0	0	0	0	0	7.03403	0	0	0	0	0	0	0	0.0649	0.05941	0	0.24711	0.04127	0.0102	0	0	0	0	0	0	0.01705	0	0
FGB4806	0	9.83054	0	0	0	0	0	0	5.25747	7.10785	0	0	1.29095	0	0	0	0	0	0	0	0	1.92673	0	0	0	0	0	0	0	0	0	5.7118	4.52889	0	0	0.34565	0	0	0	0	6.30593	0.59441	0	0	0	0	0.63211	0	0
FGB72899	0	7.38256	0	0	0	0	0	0	0	0	0	0	0	0	0	0	0	0	0	0	0	0	0	0	0	0	0	0	0	0	0	0	0	0	0	0	0	0	0	0	0	0	0	0	0	0	0	0	0
Veillonellaceae	0	4.9104	1.18095	0	0	6.04697	4.55431	0	6.95075	3.59848	0	3.1146	0	0	2.64219	0	1.36616	2.06139	6.49956	0	2.73874	0	0	0	2.95984	6.05606	0	3.14348	0.74212	0	0.73656	0	0	0	0	0.18662	0	0	0	0	0	0	0	0	0	0	0	4.15964	0
Firmicutes_unclassified	0	1.46319	1.65577	1.63406	0	0	0.13421	0.06245	1.17798	0	0	0	0.16789	1.30275	0.31966	0.24736	1.05142	0.18087	0.97475	0.15668	0.78941	0	0	0.98603	0	0	0	0.40809	0.00463	0.21391	0	0.27617	0.76833	0	0.81255	0.06973	1.67488	0.53027	0.88242	0.0584	1.63429	0.27538	0	0.41735	0.58629	0.49342	0.02612	4.77491	1.78475
Muribaculaceae	0	1.21669	0	0.29425	0	0	0	0	0	0	0	0	0	0	0	0	0	0	0	0	0	0.01926	0	0	0	0	0	0	0	0	0	0	0	0	0	0	0	0	6.13347	0	0	0	0	2.24035	0	0	0	0	0
Candidatus_Borkfalkiaceae	0	0.96981	0.28714	0	0	0	0	0	0	0	0	0	0	0	0	0	0	0	0	0	0	0	0	0	0	0	0	0	0	0	0	0	0	0	0	0	0	0	0	0	0	0	0	0	0	0	0	0	0
FGB1354	0	0.96017	0	0	24.81209	0	0	0	0	0	0	0	0	0	3.42138	0	0	3.45274	0	0	0	0	0	0	0	0	0	0	2.49766	0	0	0	2.30712	0	0	1.90145	0	0	3.62732	2.78001	0.19166	0	0	0	0	0	0	0	1.72015
Barnesiellaceae	0	0.6532	0	0.10129	0	0	0	0	0	2.12198	2.76743	1.18408	3.42967	3.03374	0.6923	1.28217	0	0.68158	0	0.55672	1.86427	0.08859	4.64838	1.15975	0	0	0.03482	0	0.66478	4.46141	2.29684	0	0	0	2.3507	0	1.39851	0	0	0.47575	1.19875	0.45695	2.32082	2.00911	0	0	0.17087	0	0
Bifidobacteriaceae	0	0.29821	0	0.03361	0.016	15.73993	2.99402	0	1.18571	0.07963	0.39078	0	0	0	0.28929	0	0.74975	0.38433	0.82578	0	7.95262	0	0	0	0.05548	13.28498	0	0	0.04001	0	4.3329	0	3.85368	0.00294	0	0	2.73406	0.01533	0	0.13941	0.00743	2.77247	0	0.01763	0.5401	0.28631	0.9459	0.1061	0
Odoribacteraceae	0	0.17616	17.46502	0.65468	0.05435	0	0.16525	0	0	3.61773	0.09643	0.53272	1.03625	6.73562	1.00369	0.09522	0	1.32166	0	0.35436	0.26647	14.90842	2.91249	0.40375	0	0	11.05968	0.63187	4.72045	0	0	0	2.10365	0	3.53965	2.1672	0.16528	7.86295	0.60498	4.75338	0	5.76149	0.04345	0.33044	0	0.10791	26.33814	0.02239	0.08938
Bacteroidales_unclassified	0	0.14233	0	0	0	0	0	0	0	0	0	0	0	0	0	0	0	0	0	0	0	0	0	0	0	0	0	0	0	0	0	0	0	0	0	0	0	0.57565	0	0	0	0	0	0	0	0	0	0	0
FGB2982	0	0.14087	0	0.15647	5.12507	0	0	0	0	0	0	0	0	0	0	0	0	0	0.05103	0.26572	0	0.39852	0	0	0	0	0	0	7.24329	0	0	0	0.46931	0	0.31272	1.99569	0	0	0.57731	0.48154	0	0.15394	0	0	0	0	0	0	0
FGB3054	0	0.12092	0	0	2.27537	0	0	0	0	0	0	0	0	0	0	0	0	0	0	0	0	0.02894	0	0	0	0	0	0	0.08006	0	0	0.52818	0	0	0.42058	0	0	0.08865	0	0.02492	0	0	0	0	0	0	0	0	0
Tissierellaceae	0	0.11604	0	0	0	0	0	0	0	0	0	0	0	0	0	0	0	0	0	0	0	0	0	0	0	0	0	0	0	0	0	0	0	0	0	0	0	0	0	0	0	0	0	0	0	0	0	0	0
FGB1011	0	0.05246	0	0	0.01527	0	0.79675	0	0	0	0.0023	0	0	0	0	0.05953	0	0	0	0	0	0	0	0	0	0	0	0	0	0	0	0	0	0	0	0	0.11193	0	0	0.02657	0	0.00958	0	0	0.03952	0	0	0	0
Coprobacillaceae	0	0.04181	0	0	0	0	0.17676	0	0.10976	0	0	0	0	0	0	0	0	0	0	0	0.08977	0	0	0	0	0	0	0	0	0	0	0	0	0.11113	0	1.01889	0	0	0	0	0	0	0	0	0	0	0	0.02239	0
FGB74412	0	0.02459	0	0	0	0	0	0	0	0	0	0	0	0	0	0	0	0	0	0	0	0	0	0	0	0	0	0	0	0	0	0	0	0	0	0	0	0	0	0	0	0	0	0	0	0	0	0	0
Peptostreptococcaceae	0	0.00352	0	0	0	0	0.22463	0	0.51814	0	0	0	0	0	0.01847	0	0	0.08354	0.09092	0	0.26629	0	0	0	1.04641	0.39219	0	0	0	0.14913	0.56754	0.09836	0.02614	0.06934	0	0	0	0	0	0	0	0	0	0	0	0	0	0	0
FGB11916	0	0.00259	0	0	0	0	0	0	0	0	0	0	0	0	0	0	0	0	0	0	0	0	0	0	0	0	0	0	0	0	0	0	0	0	0	0	0	0	0	0	0	0	0	0	0	0	0	0	0
FGB3005	0	0	1.08812	0	1.58678	0	0	0	1.08219	2.61422	0.72983	1.37835	0.21999	0	0	0	0	0	0	0.30548	3.20556	0.76018	0	0.67507	0	0	0	0	1.23967	0.72	0	1.69219	0.05524	0	0.00159	0.29236	1.54174	0.93721	1.31006	1.15779	1.71597	0.57376	0.46946	0.01446	0.11422	0.77766	8.76314	2.87129	0.78072
FGB1765	0	0	0.75868	0.00412	0.4355	0	0	0	0	0.42663	0	0	3.61372	3.2192	0	1.30644	0	0	3.47307	0.16388	0	0.31979	0.41877	0	0	0	0	0.00835	0	0	0	0.02608	1.74567	0	3.14485	13.28358	0	0.02239	0	3.15626	0	4.00404	0	0	0	0	0.58465	0.25911	0.39609
FGB1787	0	0	0.58522	0	1.06747	0	0	0	0	0	0	0	0.0014	0	0	0	0	0	0	0	0	0.11041	0	0	0	0	0	0	0	0	0	0	0	0	0	0	0	0	0	1.07096	0	0	0	0	0	0	1.30552	0	0
Methanobacteriaceae	0	0	0.49921	0	0.68181	0	0	0	0	0.42143	0.02317	0	0	0	0.01981	0	0	0.02277	0	1.01443	4.88821	2.76278	0	0	0	0	4.88184	0	0.80978	0	0	0.05408	3.63697	0	1.37505	3.18949	0	1.44132	0.14772	0.5561	0	3.29137	0	0	0	0	3.93486	0	0.99095
FGB2918	0	0	0.2957	0	0	0	0	0	0	0	0	0	0	0	0	0	0	0	0	0	0	0.21121	0	0	0	0	0	0	0	0	0	0	0	0	0	0	0	0	0.01413	0.07605	0	0	0	0	0	0	0	0	0
Clostridiales_unclassified	0	0	0.27462	0	0.03269	0	0	0	0.16169	0.49053	0.64955	0	0.02373	0.10182	0.02181	0.04032	0.29518	0	0.31402	0	0.01607	0.89878	0.04816	0	0	0	0.89568	0.23508	0	1.07848	0	0	0.15501	0.02173	0.11382	0.44649	0.01734	0.06428	0.05472	1.08548	0.13309	0.76242	0	0	0	0	0	0.05427	0
FGB3072	0	0	0.22336	0	0.30575	0	0	0	0	0	0	0	0	0	0	0	0	0	0	0	0	0.35081	0.00163	0	0	0	0	0	0.03179	0	0	0	1.23942	0	0.01554	0	0	0	0.01126	0	0	0	0	0	0	0	0.04612	0	0
FGB1227	0	0	0.14736	0	0	0	0	0	0	1.33779	0	0	0	0	0.09161	0	0	0.03469	0	0.00243	0	0.30016	0.58872	0	0	0	0.12231	0	0	0	0.07465	0	0	0	0	0	0.04673	0.34297	0	0	0	0.31837	0	0	0	0	0.01717	0	0
FGB14936	0	0	0.13149	0	0	0	2.69059	0	0	0	0	0	0.36791	0	0	0	0	0	1.3349	0	0.12464	0	0	0	0	0	0	0	0.42862	0	0	0	0	0	0.51312	0	0	0	0.22691	0	0.6803	0	0	0	0	0.03636	0	0	0
FGB2898	0	0	0.11128	0	0.15986	0	0	0	0	0	0.10591	0	0	0.1491	0.09943	0	0	0.16744	0	0.02621	0	0	0	0	0	0	0.07037	0	0	0	0	0	0	0	0	0.16982	0	0	0	0.04311	0	0.20327	0	0	0	0	0.01764	0	0
FGB3069	0	0	0.10987	0.02667	0.68033	0	0	0	0	1.16566	0.02501	0	0	0	0	0	0	0	0	0	0.61633	0.32202	0.40171	0	0	0	0.02946	0	0	0	0	0	3.12877	0	0.01661	0.72093	0	0.12109	0.02107	0.30265	0	3.07851	0	0	0	0	1.59433	0	0
FGB1776	0	0	0.0497	0	0.37903	0	0	0	0	0	0	0	0.24456	0	0	0	0	0	0	0	0	0	0	0	0	0	0	0	0	0	0	0	0	0	0.60048	0	0	0	0	0.76272	0	0	0	0	0	0	0.08383	0	0
FGB1292	0	0	0.04617	0.10635	0.22332	0	0.08551	0	0	0	0	0.01826	0.05277	0	0	0	0.04281	0	0.09578	0	0	0	0.02191	0	0.44532	0	0	0	0	0	0	0	0.02138	0.11501	0.15555	0	0	0.03477	0	0	0	0.36783	0	0	0	0.06443	0	0.06515	0
FGB2989	0	0	0.02251	0.09506	0	0	0.0433	0	0	0	0	0	0.0765	0	0.30467	0	0	0.23635	0	0	0	0	0	0	0	0	0	0	0.14351	0	0	0	0	0	0	0	0	0.03113	0	0	0	1.23832	0.25102	0	0	0	0.04087	0	0
FGB72926	0	0	0	1.61248	0.0535	0	0	0	0.00737	0	0	0	0	0	0	0	0	0	0	0	0	0	0	0	0	0	0	0	0	0	0	0	0.25567	0	0.48035	0	0	0	0	0.06615	0	0	0	0	0	0	0	0	0
FGB72924	0	0	0	0.68551	0	0	0	0	0.21038	0	0	0	0	0	0	0	0	0	0	0	0	0	0	0	0	0	0	0	0	0	0	0	0	0	0.03299	0	0	0	0	0	0	0	0	0	0	0	0	0	0
FGB38642	0	0	0	0.48478	3.67522	0	0	0	0.17653	0	0	0	0	0	0	0	0	0	0	0	0.039	0.07624	0	0	0	0	0	0	0.03532	0	0	0	0.06839	0	0.07806	0	0	0	0.15053	0.03581	0	0	0	0	0	0	0	0	0
FGB1258	0	0	0	0.38097	0	0	0	0	0	0	0	0	0	0	0	0	0	0	0	0	0	0	0	0	0	0	0	0	0	0	0	0	0.08033	0	0.13865	0	0	0	0.13284	0	0	0	0	0	0	0	0	0	0
FGB2404	0	0	0	0.35597	0	0	0	0	0	0	0	0	0	0	0	0	1.46611	0	0	0	0	0.1648	0	0.13572	0	0	0	0	0	0	0	0	0	0	0.86501	0.38542	0	0	0.744	0.18589	0	0.35944	0	0	0	0	0	0	0
FGB1226	0	0	0	0.02741	0.19885	0	0	0	0	0	0	0	0.0144	0	0	0	0	0	0	0	0	0	0	0	0	0	0	0	0	0	0	0	0	0	0	0.044	0	0	0.12502	0.04336	0	0	0	0	0	0	0	0	0.03062
Eubacteriaceae	0	0	0	0.0236	0.76597	1.16171	0.47123	0	2.84628	0.01189	0.33598	0.89422	0	0	0	0.32215	2.65561	0	0.15507	0.01065	2.59169	0	0.41467	2.85148	0	1.01563	0.08085	0.21765	0.00886	1.03432	0	0.97071	0	3.59288	0.16951	0.01574	0.0513	0.71877	0	0.5395	1.16565	0.05815	0.85102	0	0.42777	2.01449	0	0.54705	0
FGB74429	0	0	0	0	5.97728	0	0	0	0	0	0	0	0	0	0	0	0	0	0	0	0	5.76028	0	0	0	0	0	0	0	0	0	0	0	0	0	0	0	0	0	0.31084	0	0	0	0	0	0	0	0	0
FGB10477	0	0	0	0	2.46995	0	0	0	0	0	0	0	0	0	0	0	0	0	0	0	0	3.96991	0	0	0	0	0	0	0.84091	0	0	0	0.5449	0	0.36001	2.78695	0	0	0.8013	1.2566	0	1.5059	0	0	0	0	0	0	0
FGB12107	0	0	0	0	1.98483	0	0	0	0	0	0	0.57315	0	0	0	0	0	0	0	0.03495	2.1391	1.0163	0	0	0	0	0	0	0	0	0	0.54156	1.90155	0	0	0	0	0.91653	0	0.30234	0.76324	0	0	0	0	0	0	0	0.51502
FGB2984	0	0	0	0	1.62737	0	0	0	0	0	0	0	0	0	0	0	0	0	0	0	0	0	0	0	0	0	0	0	3.15771	0	0	0	0.07115	0	0	0	0	0	1.06734	3.08965	0	0	0	0	0	0	0	0	0
FGB2942	0	0	0	0	1.26773	0	0	0	0	0	0	0	0	0	0	0	0	0	0	0	0	0	0	0	0	0	0	0	0	0	0	0	0	0	0	0	0	0	0	0	0	0	0	0	0	0	0	0	0
FGB1799	0	0	0	0	0.89517	0	0	0	0	0	0	0	0	0	0	0	0	0	0	0	0	0	0	0	0	0	0	0	0	0	0	0	0	0	0	0	0	0	0	0	0	0	0	0	0	0	0	0	0
FGB2875	0	0	0	0	0.78555	0	0	0	0	0	0	0	0	0	0	0	0	0	0	0	0	0.26362	0.00754	0	0	0	0.12194	0	0.8027	0	0	0	0.22565	0	0.06343	0.47462	0	0	1.32714	0.88461	0	0.33996	0	0	0	0	0	0	0
FGB2870	0	0	0	0	0.72085	0	0	0	0	0	0	0	0	0	0	0	0	0	0	0	0	0	0	0	0	0	0	0	0	0	0	0	0	0	0	0	0	0	0	0	0	0	0	0	0	0	0	0	0
FGB58251	0	0	0	0	0.69908	0	0	0	0	0	0	0	0	0	0	0	0	0	0	0	0	0	0	0	0	0	0	0	0	0	0	0	0	0	0	0	0	0	0	0	0	0	0	0	0	0	0	0	0
FGB2844	0	0	0	0	0.68239	0	0	0	0	0	0	0	0	0	0	0	0	0	0	0	0	0	0	0	0	0	0	0	0.36379	0	0	0	0	0	0	0.08485	0	0	0	0	0	0	0	0	0	0	0	0	0
FGB3061	0	0	0	0	0.45184	0	0	0	0	0	0	0	0	0	0	0	0	0	0	0	0	0	0	0	0	0	0	0	0	0	0	0	0	0	0	0	0	0	0	0	0	0	0	0	0	0	0	0	0
FGB2985	0	0	0	0	0.43224	0	0	0	0	0.50362	0	0	0	0	0	0	0	0	0	0	0	0.62025	0	0	0	0	0	0	0	0	0	0	0.03695	0	0.60858	0	0	0	0.08633	0	0	0.02896	0	0	0	0	0.27767	0	0
FGB3062	0	0	0	0	0.35619	0	0	0	0.12713	0	0	0	0	0	0	0	0	0	0	0	0	0	0	0	0	0	0	0	0.09307	0	0	0	0.0629	0	2.93693	0	0	0	0	0	0	0	0	0	0	0	0	0	0
FGB2947	0	0	0	0	0.29337	0	0	0	0	0	0	0	0	0	0	0	0	0	0	0	0	0	0	0	0	0	0	0	0	0	0	0	0	0	0	0	0	0	0	0	0	0	0	0	0	0	0	0	0
FGB3035	0	0	0	0	0.26959	0	0	0	0	0	0	0	0	0	0	0	0	0	0	0	0	0.1408	0.67577	0	0	0	0	0	0	0	0	0	0	0	2.66531	0	0	0	0.08873	0	0	0	0	0	0	0	0	0	0
FGB2921	0	0	0	0	0.23234	0	0	0	0	0	0	0	0	0	0	0	0	0	0	0	0	0	0	0	0	0	0	0	0	0	0	0	0.08861	0	0	0	0	0	0	0	0	0	0	0	0	0	0	0	0
FGB2950	0	0	0	0	0.15035	0	0	0	0	0	0	0	0.00738	0	0	0	0	0	0	0	0	0.11432	0	0	0	0	0	0	0.49709	0	0	0	0	0	0	0	0	0	0	0	0	0	0	0	0	0	0	0	0
FGB667	0	0	0	0	0.13912	0	0	0	0	0	0	0	0	0	0	0	0	0	0	0	0	0.81968	0	0	0	0	0	0	0	0	0	0	0	0	0.24591	0.45915	0	0.04049	0.03641	0	0	0	0	0	0	0	0	0	0
FGB2949	0	0	0	0	0.13817	0	0	0	0	0	0	0	0	0	0	0	0	0	0	0	0	0	0	0	0	0	0	0	0	0	0	0	0	0	0.21509	0	0	0	0	0	0	0	0	0	0	0	0	0	0
Christensenellaceae	0	0	0	0	0.1156	0	0.0351	0	0	0	0	0	0	0	0	0	0	0	0	0	0.01483	0	0	0	0	0	0.02232	0	0.0248	0	0	0	0.00721	0	0	0	0	0	0.01844	0	0	0.02578	0	0	0	0	0	0	0
FGB3043	0	0	0	0	0.10617	0	0	0	0	0	0	0	0	0	0	0	0	0	0	0	0	0.0123	0	0	0	0	0	0	0	0	0	0	0	0	0.05924	0	0	0	0	0	0	0	0	0	0	0	0	0	0
Methanomassiliicoccaceae	0	0	0	0	0.08212	0	0	0	0	0	0	0	0	0	0.59945	0	0	1.15592	0	0	0	0.14588	0	0	0	0	0.19724	0	0	0	0	0.16641	0	0	0	0	0	0	0	0	0	0.76018	0	0	0	0	0.71215	0	0
FGB45555	0	0	0	0	0.07243	0	0	0	0.16607	0	0	0	0	0	0	0	0	0	0	0	0	0	0	0	0	0	0	0	0.00574	0	0	0	0	0	0	0	0	0	0	0.21063	0	0	0	0	0	0	0	0	0
Atopobiaceae	0	0	0	0	0.04532	0	0	0	0	0	0	0	0	0	0	0	0	0	0	0	0	0	0	0	0	0	0	0	0	0	0	0	0	0	0	0.00334	0	0	0.02402	0	0	0	0	0	0	0	0	0	0
Actinomycetaceae	0	0	0	0	0.03829	0	0	0	0	0	0	0	0	0	0	0	0	0	0	0	0	0	0	0	0.11348	0	0.43038	0	0	0	0	0	0	0	0	0	0.05108	0	0	0	0	0	0	0	0	0	0	0.00394	0
FGB4385	0	0	0	0	0.02267	0	0	0	0	0	0	0	0	0	1.14856	0	0	0.76438	0	0	0	0	0	0	0	0	0	0	0	0	0	0	0	0	3.75157	0	0	0	4.51895	0	0	0	0	0	0	0	0	0	0
FGB602	0	0	0	0	0.01666	0	0	0	0	0	0	0	0.31782	0	0	0	0	0	0	0	0	0	0	0	0	0	0	0	0	0	0	0	0	0	0.12044	0	0	0	0	0.15006	0	0	0	0	0	0	0	0	0
FGB2394	0	0	0	0	0.00783	0	0	0	0	0	0	0	0.14623	0	0	0	0	0	0	0	0.01006	0	0	0	0	0	0	0	0.15579	0	0	0	0	0	0	0.05893	0	0	1.22208	0.87131	0	0	0	0	0	0	0	0	0
FGB1201	0	0	0	0	0.00777	0	0	0	0	0	0	0	0	0	0	0	0	0	0	0	0	0	0	0	0	0	0	0	0.0397	0	0	0	0	0	0	0	0.07205	0	0.05743	0	0	0	0	0	0	0	0	0	0
FGB2107	0	0	0	0	0	0.23061	0	0	0	0	0	0	0	4.99794	0	0.27619	0	0	0	0	0	0	0	0	0	0	0	0	0	0	0	0	0	0	0.00175	0.0501	0	0	0	0	0	0.05511	0	0.93643	0	0	0	0	0
FGB4405	0	0	0	0	0	0	0.38212	0	0	0.8451	0	6.77451	0	0	0	0	0	0	0	0	0.07475	0	0	0	0	0	0	0	0	0	0	0.3532	1.0611	0	0	0	0	0	0	0	0	0.3768	0	0	0	0	0	0	0
FGB74730	0	0	0	0	0	0	0.32745	0	0	0	0	0	0	0	0	0	0	0	0	0	0	0	0	0	0	0	0	0	0	0	0	0	0	0	0	0	0.17894	0.05186	0	0	0	0	0	0	0	0	0	0	0
FGB1359	0	0	0	0	0	0	0.30197	0	0	0	0	0	0	0	0	0	0	0	0	0	0	0	0	0	0	0	0	0	0	0	0	0	0	0	0	0.43654	0	0	0.11672	0	0	0	0	0	0	0	0	0	0
FGB529	0	0	0	0	0	0	0.08154	0	0	0	0	0	0	0	0	0	0	0	0	0	0	0	0	0	0	0	0	0	0	0	0	0.33961	0.04407	0	0	0	0	0	0	0	0	0	0	0	0	0	0	0	0
Pasteurellaceae	0	0	0	0	0	0	0	0	0.17581	0	0	0	0	0	0	0	0	0	0	0	0	0	0	0.09157	0	0	0	0	0	0	0	0	0	0	0	0	0	0	0	0	0	0	0	0	0.11538	0	0	0.13983	0
FGB9491	0	0	0	0	0	0	0	0	0.02993	0	0	0	0	0	0	0	0	0	0	0	0	0	0	0	0	0	0	0	0	0	0	0	0	0	0	0	0	0.01525	0	0	0	0	0	0	0	0	0	0	0
FGB1347	0	0	0	0	0	0	0	0	0.01508	0	0	0	0	0	0	0	0	0	0	0	0	0	0	0	0	0	0	0	0	0	0	0	0	0	0	0	0	0	0	0	0	0	0	0	0	0	0	0	0
FGB9989	0	0	0	0	0	0	0	0	0	1.09002	0	0	0	0	0	0	0	0	0	0	0.32129	0	0	0	0	0	0	0	0.4202	0	0	0	0.09746	0	0	0	0	0	0.52568	0.18017	0	0	0	0	0	0	0	0	0
FGB2983	0	0	0	0	0	0	0	0	0	0.47234	0	0	0	0	0	0	0	0	0	0	0	0.63955	0	0	0	0	1.12405	0	0	0	0	0	0	0	0.15856	0	0	0	0	0	0	0.32393	0	0	0	0	0.272	0	0
FGB1260	0	0	0	0	0	0	0	0	0	0.18501	0	0	0	0	0	0	0	0	0	0	0	0	0	0	0	0	0	0	0	0	0	0	0	0	0	0	0	0	0	0	0	0	0	0	0	0	0	0	0
Candidatus_Gastranaerophilales_unclassified	0	0	0	0	0	0	0	0	0	0.13323	0	0	2.4763	0	0	0	0	0	0	0	0	0	0.00493	0	0	0	0	0	0	0	0	0	0	0	1.142	0.01742	0	0	0.27614	0	0	0.16201	0	0	0	0	0	0	0
FGB3070	0	0	0	0	0	0	0	0	0	0.09856	0	0	0	0	0	0	0	0	0	0.00747	0	0.36404	0	0	0	0	0	0	0	0	0	0	0	0	0.04902	0	0	0	0.2403	0.0202	0	0	0	0	0	0	0	0	0
FGB3023	0	0	0	0	0	0	0	0	0	0.07992	0	0	0.09407	0.1586	0	0.03437	0	0	0	0	0.07089	0	0	0	0	0	0	0.13168	0	0	0	0	0	0	0.02869	0	0	0	0.03775	0.01961	0	0.07927	0.01239	0	0.00821	0	0	0.02459	0.06295
FGB10341	0	0	0	0	0	0	0	0	0	0.04476	0	0	0	0	0	0	0	0	0	0	0	0	0	0	0	0	0	0	0	0	0	0	0	0	0	0	0	0	0	0	0	0	0	0	0	0	0	0	0
FGB2992	0	0	0	0	0	0	0	0	0	0.04179	0	0	0	0	0	0	0	0	0	0	0.75444	1.04539	0	0	0	0	0	0	0.05541	0	0	0	1.50013	0	0	0	0	0	0	0.16798	0	0	0	0	0	0	0	0	0
FGB1262	0	0	0	0	0	0	0	0	0	0.03162	0	0	0	0	0	0	0	0	0	0	0.01144	0	0	0	0	0	0	0	0	0	0	0	0	0	0	0	0	0	0	0	0	0.0112	0	0	0	0	0	0	0
FGB1670	0	0	0	0	0	0	0	0	0	0	7.30543	0	0	0	0	0	0	0	0	0	0	0.54793	0	0	0	0	0	0	0	0	0	0	0	0	0.03243	0.03035	0	0	0	0	0	0	0	0	0	0	0	0	0
FGB3047	0	0	0	0	0	0	0	0	0	0	0.35208	0	0	0	0	0	0	0	0	0	0	0	0	0	0	0	0	0	0	0	0	0	0	0	0	0	0	0	0	0	0	0	0	0	0	0	0	0	0
FGB1249	0	0	0	0	0	0	0	0	0	0	0.14061	0	0.02231	0	0	0	0	0	0	0	0	0	0	0	0	0	0.09893	0	0	0	0	0.04283	0	0	0	0	0	0	0	0	0	0.14076	0	0	0	0.06349	0	0	0
FGB74435	0	0	0	0	0	0	0	0	0	0	0.02924	0	0	0	0	0	0	0	0	0	0	0	0	0	0	0	0	0	0	0	0	0	0	0	0	0	0.09047	0	0	0	0	0.03385	0	0	0	0	0	0	0
FGB2106	0	0	0	0	0	0	0	0	0	0	0	0	2.42342	0	0	0	0	0	0	0	0	0.13649	0	0.2811	0	0	0	0	0	0	0	0	0	0	0	0	0	0	0	0	0	0	0	0	0	0	0	0	0
FGB72904	0	0	0	0	0	0	0	0	0	0	0	0	0.11796	0	0	0	0	0	0	0	0	0	0	0	0	0	0.63912	0	0	0	0	0	0	0	0	0	0	0	0	0	0	0	0	0	0	0	0	0	0
FGB1211	0	0	0	0	0	0	0	0	0	0	0	0	0.03872	0	0	0	0	0	0	0	0	0	0	0	0	0	0	0	0	0	0	0	0	0	0	0	0	0	0.01825	0	0	0	0	0	0	0	0	0	0
FGB2932	0	0	0	0	0	0	0	0	0	0	0	0	0.03429	0	0	0	0	0	0	0	0	0.20451	0	0	0	0	0	0	0	0	0	0	0.36067	0	0	0	0	0	0	0	0	0	0	0	0	0	0	0	0
Victivallaceae	0	0	0	0	0	0	0	0	0	0	0	0	0.00171	0	0	0	0	0	0	0	0	0	0	0	0	0	0.05503	0	0	0	0	0	0	0	0.02648	0.01266	0	0	0.52205	0.11799	0	0	0	0	0	0	0.33358	0	0
Pseudomonadaceae	0	0	0	0	0	0	0	0	0	0	0	0	0	12.59982	0	0.08146	0	0	0	0	0	0	0	0	0	0	0	0	0	0	0	0	0	0	0	0	0	0	0	0.03259	0	0	0	0	0	0	0	0	0
FGB2403	0	0	0	0	0	0	0	0	0	0	0	0	0	1.10677	0	0	0	0	0	0	0	0	0	0	0	0	0	0	0	0	0	0	0	0	0	0	0	0	0	0	0	0	0	0	0	0	0	0	0
FGB3004	0	0	0	0	0	0	0	0	0	0	0	0	0	0.00165	0	0	0	0	0	0	0	0	0	0	0	0	0	0	0	0	0	0	0	0	0	0	0	0	0	0	0	0.00154	0	0	0	0	0	0	0
Synergistaceae	0	0	0	0	0	0	0	0	0	0	0	0	0	0	0.78627	0	0	0.95866	0	0	0.02959	0	0	0	0	0	3.1902	0	5.31105	0	0	0	6.95961	0	0	0.03073	0	0.12343	0.80681	0.22393	0	0	0	0	0	0	1.23685	0	0
FGB668	0	0	0	0	0	0	0	0	0	0	0	0	0	0	0.62421	0	0	0.51863	0	0	0	0	0	0	0	0	0	0	0	0	0	0	0	0	1.82384	0	0	0	0	0	0	0	0	0	0	0	0	0	0
FGB1814	0	0	0	0	0	0	0	0	0	0	0	0	0	0	0.05957	0	0	0	0	0	0	0	0	0	0	0	0	0	0	0	0	0.10921	0	0	0.03858	0	0	0	0	0.02306	0	0	0	0	0	0	0	0	0
FGB4623	0	0	0	0	0	0	0	0	0	0	0	0	0	0	0.00818	0	0	0	0	0	0	0	0	0	0	0	0	0	0	0	0	0	0	0	0	0	0	0	0	0	0	0	0	0	0	0	0	0	0
FGB40183	0	0	0	0	0	0	0	0	0	0	0	0	0	0	0	0	0	0	0.01782	0	0	0	0	0	0	0	0	0	0	0	0	0	0	0	0	0	0	0	0	0	0	0	0	0	0	0	0	0	0
FGB658	0	0	0	0	0	0	0	0	0	0	0	0	0	0	0	0	0	0	0	0	1.07242	0	0	0	0	0	0	0	0	0	0	0	6.75269	0	0	0	0	0	0	0	0	0	0	0	0	0	0	0	0
Turicibacteraceae	0	0	0	0	0	0	0	0	0	0	0	0	0	0	0	0	0	0	0	0	0.35516	0	0	0	0.93866	0	0	0	0	0	0	0	0.19313	0	0	0	0	0	0	0	0	0	0	0	0.13161	0	0	0	0
Oxalobacteraceae	0	0	0	0	0	0	0	0	0	0	0	0	0	0	0	0	0	0	0	0	0.07108	0	0	0	0	0	0	0	0	0	0	0	0	0	0	0	0.00348	0	0	0	0	0	0	0	0	0	0	0	0
FGB3048	0	0	0	0	0	0	0	0	0	0	0	0	0	0	0	0	0	0	0	0	0.03361	0	0	0	0	0	0	0	0	0	0	0	0	0	0	0	0	0	0	0	0	0	0	0	0	0	0	0	0
FGB2831	0	0	0	0	0	0	0	0	0	0	0	0	0	0	0	0	0	0	0	0	0	5.44036	0	0	0	0	0	0	0	0	0	0	0	0	0	0	0	0	0	0.33024	0	0	0	0	0	0	0	0	0
FGB2979	0	0	0	0	0	0	0	0	0	0	0	0	0	0	0	0	0	0	0	0	0	1.43749	0.07283	0	0	0	0.53613	0	0	4.86354	0	0	0	0	0	0	0	0.15078	0	0.52837	0	15.1282	0	0	0	0	3.359	0	0
FGB72	0	0	0	0	0	0	0	0	0	0	0	0	0	0	0	0	0	0	0	0	0	0.90994	0	0	0	0	0	0	0	0	0	0	0	0	0	0	0	0	0	0	0	0	0	0	0	0	0	0	0
FGB2880	0	0	0	0	0	0	0	0	0	0	0	0	0	0	0	0	0	0	0	0	0	0.455	0	0	0	0	0	0	0	0	0	0	0	0	0	0	0	0	0	0	0	0	0	0	0	0	0	0	0
FGB4425	0	0	0	0	0	0	0	0	0	0	0	0	0	0	0	0	0	0	0	0	0	0.20679	0	0	0	0	0	0	0	0	0	0	0	0	0	0	0	0	0	0	0	0	0	0	0	0	0	0	0
FGB1780	0	0	0	0	0	0	0	0	0	0	0	0	0	0	0	0	0	0	0	0	0	0.1584	0	0	0	0	0	0	0	0	0	0	0	0	0	0	0	0	0	0	0	0	0	0	0	0	0	0	0
FGB45503	0	0	0	0	0	0	0	0	0	0	0	0	0	0	0	0	0	0	0	0	0	0.09408	0	0	0	0	0	0	0	0	0	0	0	0	0	0	0	0	0	0	0	0	0	0	0	0	0	0	0
FGB11739	0	0	0	0	0	0	0	0	0	0	0	0	0	0	0	0	0	0	0	0	0	0.03161	0	0	0	0	0	0	0	0	0	0	0	0	0	0	0	0	0	0	0	0	0	0	0	0	0	0	0
FGB3002	0	0	0	0	0	0	0	0	0	0	0	0	0	0	0	0	0	0	0	0	0	0	0.38202	0	0	0	0	0	0	4.82763	0	0	0	0	0	0	0	0	0	0	0	0	0	0	0	0	0	0	0
FGB1303	0	0	0	0	0	0	0	0	0	0	0	0	0	0	0	0	0	0	0	0	0	0	0.14431	0	0	0	0	0	0	0	0	0	0	0	0	0	0	0	0	0	0	0	0	0	0	0	0	0	0
Micrococcaceae	0	0	0	0	0	0	0	0	0	0	0	0	0	0	0	0	0	0	0	0	0	0	0	0.02228	0	0	0	0	0	0	0	0	0	0	0	0	0	0	0	0	0	0	0	0	0.16108	0	0	0	0
Morganellaceae	0	0	0	0	0	0	0	0	0	0	0	0	0	0	0	0	0	0	0	0	0	0	0	0	0.97369	0	0	0	0	0	0	0	0	0	0	0	0	0	0	0	0	0	0	0	0	0	0	0	0
Enterococcaceae	0	0	0	0	0	0	0	0	0	0	0	0	0	0	0	0	0	0	0	0	0	0	0	0	0.43221	0	0	0	0	0	0	0	0	0	0	0	0	0	0	0	0	0	0	0	0	0	0	0	0
FGB74494	0	0	0	0	0	0	0	0	0	0	0	0	0	0	0	0	0	0	0	0	0	0	0	0	0.26494	0	0	0	0	0	0	0	0	0	0	0	0	0	0	0	0	0	0	0	0	0	0	0	0
FGB2164	0	0	0	0	0	0	0	0	0	0	0	0	0	0	0	0	0	0	0	0	0	0	0	0	0	0	0.82394	0	0	0	0	0	0	0	0	0	0	0	0	0	0	0	0	0	0	0	0.75411	0	0
FGB618	0	0	0	0	0	0	0	0	0	0	0	0	0	0	0	0	0	0	0	0	0	0	0	0	0	0	0.48169	0	0	0	0	0	0	0	0	0	0	0	0	0	0	0	0	0	0	0	0	0	0
Tissierellia_unclassified	0	0	0	0	0	0	0	0	0	0	0	0	0	0	0	0	0	0	0	0	0	0	0	0	0	0	0.20542	0	0	0	0	0	0	0	0	0	0	0	0	0	0	0	0	0	0	0	0	0	0
FGB73062	0	0	0	0	0	0	0	0	0	0	0	0	0	0	0	0	0	0	0	0	0	0	0	0	0	0	0.1983	0	10.2352	0	0	0	0	0	0.10945	0	0	0	0	0.17945	0	0	0	0	0	0	0	0	0
FGB1311	0	0	0	0	0	0	0	0	0	0	0	0	0	0	0	0	0	0	0	0	0	0	0	0	0	0	0	0	0.23157	0	0	0	0	0	0	0	0	0	0	0	0	0	0	0	0	0	0	0	0
FGB1473	0	0	0	0	0	0	0	0	0	0	0	0	0	0	0	0	0	0	0	0	0	0	0	0	0	0	0	0	0.15128	0	0	0	0.03843	0	0	0	0	0	0.01712	0	0	0	0	0.02023	0	0	0	0	0.32815
FGB2840	0	0	0	0	0	0	0	0	0	0	0	0	0	0	0	0	0	0	0	0	0	0	0	0	0	0	0	0	0.08257	0	0	0	0	0	0	0	0	0	0	0	0	0	0	0	0	0	0.47869	0	0
FGB9238	0	0	0	0	0	0	0	0	0	0	0	0	0	0	0	0	0	0	0	0	0	0	0	0	0	0	0	0	0	0.12055	0	0	0	0	0	0	0	0	0	0	0	0	0	0	0	0	0	0	0
FGB74538	0	0	0	0	0	0	0	0	0	0	0	0	0	0	0	0	0	0	0	0	0	0	0	0	0	0	0	0	0	0	2.84383	0	0	0	0	0	0	0	0	0	0	0	0.03002	0	0	0	0	0	0.10552
FGB28775	0	0	0	0	0	0	0	0	0	0	0	0	0	0	0	0	0	0	0	0	0	0	0	0	0	0	0	0	0	0	0.0071	0	0	0	0	0	0	0	0	0	0	0	0	0	0	0	0	0	0
FGB2915	0	0	0	0	0	0	0	0	0	0	0	0	0	0	0	0	0	0	0	0	0	0	0	0	0	0	0	0	0	0	0	0.10451	0	0	0	0	0	0	0	0.49825	0	0	0	0	0	0	0	0	0
FGB1325	0	0	0	0	0	0	0	0	0	0	0	0	0	0	0	0	0	0	0	0	0	0	0	0	0	0	0	0	0	0	0	0	0	0.09969	0	0	0	0	0.31838	0	0	0	0	0	1.14816	0	0	0	0
FGB8140	0	0	0	0	0	0	0	0	0	0	0	0	0	0	0	0	0	0	0	0	0	0	0	0	0	0	0	0	0	0	0	0	0	0	0.49543	0	0	0	0	0	0	0	0	0	0	0	0	0	0
Selenomonadaceae	0	0	0	0	0	0	0	0	0	0	0	0	0	0	0	0	0	0	0	0	0	0	0	0	0	0	0	0	0	0	0	0	0	0	0.20049	0	0	0	0	0	0	0	0	0	0	0	0	0	0
FGB10299	0	0	0	0	0	0	0	0	0	0	0	0	0	0	0	0	0	0	0	0	0	0	0	0	0	0	0	0	0	0	0	0	0	0	0.11533	0	0	0	0	0	0	0	0	0	0	0	0	0	0
FGB2874	0	0	0	0	0	0	0	0	0	0	0	0	0	0	0	0	0	0	0	0	0	0	0	0	0	0	0	0	0	0	0	0	0	0	0	0.47164	0	0	0.06703	0	0	0	0	0	0	0	0	0	0
FGB2345	0	0	0	0	0	0	0	0	0	0	0	0	0	0	0	0	0	0	0	0	0	0	0	0	0	0	0	0	0	0	0	0	0	0	0	0.33122	0	0	0.06852	0	0	0	0	0	0	0	0	0	0
FGB15212	0	0	0	0	0	0	0	0	0	0	0	0	0	0	0	0	0	0	0	0	0	0	0	0	0	0	0	0	0	0	0	0	0	0	0	0.05043	0	0	0	0	0	0	0	0	0	0	0	0	0
FGB2964	0	0	0	0	0	0	0	0	0	0	0	0	0	0	0	0	0	0	0	0	0	0	0	0	0	0	0	0	0	0	0	0	0	0	0	0	0	0.01585	0	0	0	0	0	0	0	0	0	0	0
FGB1479	0	0	0	0	0	0	0	0	0	0	0	0	0	0	0	0	0	0	0	0	0	0	0	0	0	0	0	0	0	0	0	0	0	0	0	0	0	0	2.31021	0	0	0	0	0	0	0	0	0	0
Succinivibrionaceae	0	0	0	0	0	0	0	0	0	0	0	0	0	0	0	0	0	0	0	0	0	0	0	0	0	0	0	0	0	0	0	0	0	0	0	0	0	0	0.39817	0	0	0	0	0	0	0	0	0	0
FGB2834	0	0	0	0	0	0	0	0	0	0	0	0	0	0	0	0	0	0	0	0	0	0	0	0	0	0	0	0	0	0	0	0	0	0	0	0	0	0	0.37176	0.02504	0	0	0	0	0	0	0	0	0
Fusobacteriaceae	0	0	0	0	0	0	0	0	0	0	0	0	0	0	0	0	0	0	0	0	0	0	0	0	0	0	0	0	0	0	0	0	0	0	0	0	0	0	0.22637	0	5.99952	0	0	0	0	0	0	0	0
FGB1838	0	0	0	0	0	0	0	0	0	0	0	0	0	0	0	0	0	0	0	0	0	0	0	0	0	0	0	0	0	0	0	0	0	0	0	0	0	0	0.18513	0	0	0	0	0	0	0	0	0	0
FGB629	0	0	0	0	0	0	0	0	0	0	0	0	0	0	0	0	0	0	0	0	0	0	0	0	0	0	0	0	0	0	0	0	0	0	0	0	0	0	0.06604	0	0	0	0	0	0	0	0	0	0
FGB10055	0	0	0	0	0	0	0	0	0	0	0	0	0	0	0	0	0	0	0	0	0	0	0	0	0	0	0	0	0	0	0	0	0	0	0	0	0	0	0.04258	0	0	0	0	0	0	0	0	0	0
FGB10026	0	0	0	0	0	0	0	0	0	0	0	0	0	0	0	0	0	0	0	0	0	0	0	0	0	0	0	0	0	0	0	0	0	0	0	0	0	0	0.03391	0	0	0	0	0	0	0	0	0	0
FGB9272	0	0	0	0	0	0	0	0	0	0	0	0	0	0	0	0	0	0	0	0	0	0	0	0	0	0	0	0	0	0	0	0	0	0	0	0	0	0	0.00286	0	0	0	0	0	0	0	0	0	0
FGB29420	0	0	0	0	0	0	0	0	0	0	0	0	0	0	0	0	0	0	0	0	0	0	0	0	0	0	0	0	0	0	0	0	0	0	0	0	0	0	0	5.32059	0	0	0	0	0	0	0	0	0
FGB2829	0	0	0	0	0	0	0	0	0	0	0	0	0	0	0	0	0	0	0	0	0	0	0	0	0	0	0	0	0	0	0	0	0	0	0	0	0	0	0	0.36706	0	0	0	0	0	0	0	0	0
FGB15209	0	0	0	0	0	0	0	0	0	0	0	0	0	0	0	0	0	0	0	0	0	0	0	0	0	0	0	0	0	0	0	0	0	0	0	0	0	0	0	0.31638	0	0	0	0	0	0	0	0	0
Puniceicoccaceae	0	0	0	0	0	0	0	0	0	0	0	0	0	0	0	0	0	0	0	0	0	0	0	0	0	0	0	0	0	0	0	0	0	0	0	0	0	0	0	0	0	0.14208	0	0	0	0	0	0	0
FGB38703	0	0	0	0	0	0	0	0	0	0	0	0	0	0	0	0	0	0	0	0	0	0	0	0	0	0	0	0	0	0	0	0	0	0	0	0	0	0	0	0	0	0.01144	0	0	0	0	0	0	0
Lawsonellaceae	0	0	0	0	0	0	0	0	0	0	0	0	0	0	0	0	0	0	0	0	0	0	0	0	0	0	0	0	0	0	0	0	0	0	0	0	0	0	0	0	0	0	0	0	0	0	0.10388	0	0
FGB8972	0	0	0	0	0	0	0	0	0	0	0	0	0	0	0	0	0	0	0	0	0	0	0	0	0	0	0	0	0	0	0	0	0	0	0	0	0	0	0	0	0	0	0	0	0	0	0.08403	0	0
FGB2897	0	0	0	0	0	0	0	0	0	0	0	0	0	0	0	0	0	0	0	0	0	0	0	0	0	0	0	0	0	0	0	0	0	0	0	0	0	0	0	0	0	0	0	0	0	0	0.0453	0	0
Promicromonosporaceae	0	0	0	0	0	0	0	0	0	0	0	0	0	0	0	0	0	0	0	0	0	0	0	0	0	0	0	0	0	0	0	0	0	0	0	0	0	0	0	0	0	0	0	0	0	0	0.04362	0	0
