Taxa_Name	NW001_3_all	NW002_2_all	NW003_3_all	NW005_3_all	NW006_3_all	NW007_2_all	NW008_1_all	NW010_2_all	NW011_2_all	NW012_3_all	NW013_3_all	NW014_1_all	NW015_3_all	NW016_1_all	NW016_2_2_all	NW016_5_all	NW018_3_2_all	NW019_3_all	NW020_3_all	NW021_3_all	NW022_4_all	NW023_3_all	NW025_3_all	NW026_3_all	NW027_2_all	NW028_3_all	NW029_3_all	NW030_2_all	NW031_3_all	NW032_3_all	NW033_2_all	NW034_3_all	NW035_2_all	NW036_3_all	NW038_3_all	NW040_3_all	NW041_2_all	NW042_3_all	NW043_3_all	NW044_1_all	NW045_3_all	NW046_5_all	NW047_4_all	NW048_5_1_all	NW049_3_all	NW050_3_all	NW051_3_all	NW052_2_all	NW053_3_all
Bacteroides	23.43497	0	12.90724	8.55082	1.3795	12.83758	5.576	33.09875	15.6244	17.28545	21.41855	9.49366	20.30424	14.31995	6.79268	1.83222	37.79528	9.5334	6.33427	28.10017	11.38986	5.43792	37.70321	13.86756	0	10.33757	6.52866	42.59218	9.27087	42.85587	7.78669	29.78576	3.73465	32.93281	2.83937	6.72983	30.52504	8.21151	1.85096	17.10074	18.31928	4.03867	14.91029	9.40149	20.29627	0.39103	5.3138	7.07104	5.69261
Acidaminococcus	17.34089	0	0	0	0	0	0	12.346	0	0	0	0	0	0	2.25885	0	0	2.41986	0	0	0	0	0	0	0	0	0	0	0	0	0	0	0	0	0	0	0	0	0.15164	0	0.39253	0	0	0	0	0	0.35864	0	0
Akkermansia	14.76302	2.1738	13.13449	0	0.8007	0	0	8.71651	0.13448	0	0	0.40499	0	0	12.36166	52.04993	3.75918	12.54016	0.01034	2.90077	0.04177	0.04742	8.70084	0	0	0	0.19819	1.14959	1.26732	5.25374	0	0	5.08938	6.21399	2.12549	8.57021	0	0	1.40672	8.81314	0	6.35351	19.33191	0.40993	5.93962	0	3.11629	0	0
Alistipes	6.81077	6.71234	26.19822	8.71603	0.93633	0.02806	7.76292	6.01105	5.08679	5.44986	6.39196	2.99928	0.73901	5.12354	11.86813	0.13984	15.47676	12.93598	5.34379	7.40283	3.05342	4.31381	19.73806	4.33122	0	0	20.35431	6.63563	6.98236	0	4.64269	9.18926	2.08066	2.38016	21.34417	10.44205	8.15405	6.95769	4.12718	9.16551	4.1408	1.43119	3.53223	8.67849	6.58512	13.61836	8.26163	8.10669	8.91388
Collinsella	6.42286	0	0	1.26873	2.8395	0	3.69219	9.7859	0	0.98928	0	0.40487	0	0.04437	0.10565	0.43587	0.31528	0.10314	2.00119	0	8.60545	0	0.06721	0.22199	0	0	0	0	0.45263	0	0	0	1.30531	0.15422	0.35274	1.38876	6.80196	0	0.20227	0.30236	0.28584	1.3481	4.46037	0.96513	0	0	2.34187	0.21099	0.27593
Phocaeicola	5.43338	0	0	11.41846	1.13751	12.13587	6.01787	8.05978	11.64378	0.94949	8.71785	17.33985	6.75867	15.91875	9.03167	0.42345	10.44942	8.73693	0	18.7189	1.0913	5.63363	5.71031	8.79236	0	17.26498	4.06728	12.00808	5.34058	0	31.77413	0	2.39761	6.58612	4.16359	4.29268	1.56916	0	2.00637	7.31998	11.58394	3.20463	7.65248	29.24271	0	2.8631	3.83214	4.52992	6.63817
Phascolarctobacterium	3.62907	0	0	1.50819	0.07005	1.67899	0	3.51469	0	0	0	1.22553	0	2.17341	1.21771	1.14153	0	0.67617	0	3.47972	0.32119	0	1.01866	2.48874	0	0	0	0	0	1.92995	0	0.27111	0	3.79452	1.69057	1.32547	3.30136	1.1396	1.87861	1.03558	0	0	3.83181	2.23115	1.08722	0.13399	0.14842	1.5621	0.27733
Parabacteroides	2.64508	9.46185	2.11217	3.2565	0	0.90078	0.52048	2.70433	0.44083	0.32007	0	2.80867	5.54215	5.06927	8.96837	0.226	4.04781	9.44232	13.53956	8.59167	1.00366	5.04502	3.29834	1.50852	0	1.90452	5.62158	2.63065	3.98199	0	5.48894	9.9283	1.28063	2.36542	2.39232	6.91196	1.42002	5.51751	1.16956	2.41431	1.71943	1.8186	0.77201	0.55687	6.02311	1.76476	2.80868	0.56712	3.2845
Anaerobutyricum	2.2295	2.64205	0.26111	1.78576	0.38753	6.4247	1.67611	1.81925	0.26289	0.85554	0	1.20324	0.43994	0.10098	0.12164	0.59771	0	0.15282	1.77457	0.01997	1.57022	0.23346	0	0.83717	0	1.24361	0	0.73949	0.11718	0.36986	0.12423	0.50444	0.03668	0.19684	0.53752	0	0.58986	0.76174	0.0217	0.08024	0.33945	0	0	0.3854	0.46659	0.17654	0.06109	1.08038	0.26408
Vescimonas	1.72045	1.07008	0	0	0	0	0.59037	1.17724	0.34611	0	0	0	0.38384	0.76461	0	0.34254	0	0	0	0.59697	1.04563	0	0	0.23741	0	0	0	0	0	0	0	0.05978	0.07421	0.2705	0.64185	1.58858	0	0	0.2082	1.8786	0.63576	0.30053	0	0	0	0	1.92485	0.62144	0.76233
Streptococcus	1.04641	6.31133	0	1.349	0	0	0.11615	0.4116	0.27343	0	0	0.02456	0.12471	0	1.68441	0.07298	0	1.28733	1.36592	0	0.08879	0	0	4.10377	1.11036	6.48475	0	0	9.99124	0.99473	0.12022	0.18191	0.76391	1.58734	0	0	0.38497	0.04321	0	0	1.2905	0	0	0.33061	0.62476	0	0.43754	3.28123	17.75342
Eubacteriales_unclassified	1.00956	1.11957	0.06829	0.89396	0.01884	0.18953	0.00146	0.58011	0.4679	0.40164	0	0.25278	0.12153	0.06189	0.08197	0.95024	0.49136	0.02364	1.16533	0.17713	0.01164	0.00137	0.16981	0.2183	0	0.79477	0	0.38953	0.06591	1.13711	0.9288	0.46557	0	1.7241	0.17061	0.0228	0.62012	1.03713	0.13806	0.12918	1.01474	0.06223	0.71812	0.80816	0.04079	0.03266	0	0.10058	0.10978
Dysosmobacter	0.9584	1.73174	0.35854	0.35818	0.09946	3.35711	0	0.50492	0	0.98582	3.9401	0.22222	1.6478	0.42647	0.54934	0.43908	0.72791	0.19555	0.8688	0.64616	1.04864	0.15758	0.66298	0.36997	0	1.98863	1.10785	1.43767	0.04417	0.74868	2.68768	0.44808	0.34987	0.32566	0.41737	0.1743	2.52672	0.73214	2.10115	0.76997	0.55615	0	0.87534	0.16544	1.55112	0.95071	0.01387	0.35056	0.06072
Bilophila	0.95045	0	0.73164	0.06725	0.07401	0.45835	0.21392	0.71168	0	0	0.38258	0.26877	0	1.1288	0	0.29506	0.652	0	0	0.34438	0.47032	0.33383	0	0.2083	0	0	0.24957	0.34383	0	1.10466	0	0.22084	0	0.04016	0.17065	0.52584	0.19377	0.1343	0	0.22265	0.56476	0.07034	0.44692	1.84337	0.51084	0.07085	0.1012	0	0.04982
Sutterella	0.90483	0	0	0	0	0	0	0.40846	0	0	0	0	0.71465	0	0	0	1.62035	0	0	0	0	0	0	2.51482	0	0	0	0.19691	0	0	0	0	0	0	0.37501	0.23664	0	0	0	0	0	0.00495	0.18587	0.79771	0	0	0.06115	0	0
Roseburia	0.848	3.15806	0.05377	3.09533	0	1.34202	2.12421	0.46171	6.24111	2.03208	0	3.61916	5.66596	0	0.60032	1.30032	0.28955	0.49114	2.73927	1.55597	0.8655	0.18169	0	5.65999	0	10.49007	0	0.26155	0	4.11109	0	2.25068	0.1437	2.59089	0.24405	0	0.13045	4.88586	2.37696	0	5.22684	0	0	2.33356	12.59721	0.6558	0	11.68334	0.22225
Clostridia_unclassified	0.82096	0.14028	0	0	0	0	0.15212	0.73629	0	0	0	0.48326	0	0	0	0.03568	0	0	0.39435	0	0.28535	0	0	0	0	0.10291	0	0	0	0.09205	0.01683	0	0	0	0	0	0.03731	0.06571	0	0	0.01233	0	0.27267	0	0.13096	0.29407	0	0.17642	0
GGB3602	0.77991	0.62618	0	0	0	0	0	1.62902	0	0	0	0	0	0	0	0	0	0	0	0	0	0	0	0	0	0	0	0	0	0	0	0	0	0	0	0	1.12544	14.46767	0.1898	0	0	0	0	0	0	0	0	0	0
GGB9480	0.77015	0	0	0.51016	0	0	0	1.4964	0	0	1.49908	0	0	0.09165	0	0.69757	0	0	0	0.62627	0	0	0.22352	0	0	0	1.20295	0.98889	0	1.38507	1.07382	0	0	0	0	0	1.23167	1.06303	0	0	0	0.50141	0.77875	0.16226	0.77895	0	0.68189	0.43354	0
Desulfovibrio	0.75766	0	0	0.83387	0.53126	0	0	0.36184	0	0	0	0.29619	0	0	1.00728	0	0.04973	0.61334	0	0	0.004	0.30265	0	0	0	0	2.05503	0	0.21228	0	0	0	0.45598	0	0	0.21166	0.4406	0.78403	0.73887	0.31533	0	0.04566	0.80098	1.79459	0	0	0.34101	1.06295	0.36699
Ligilactobacillus	0.71844	0	0	0	0	0	0	0.31683	0	0	0	0	0	0	0	0	0	0	0	0	0	0	0	0	0	0	0	0	0	0	0	0	0	0	0	0	0	0.14362	0	0	0	0	0	0	0	0	0.0874	0	0
Clostridium	0.63152	8.46692	0.07192	3.06863	0.22498	7.34216	1.22442	0	3.84646	2.5474	0	5.34444	4.70653	5.81853	0.14154	8.61043	0.95926	0.22422	7.47156	1.09464	0.30452	2.88538	0.24325	11.33898	11.70406	4.34826	0	1.5672	0.07666	0.26946	0.90007	0.17181	0.26422	0.17047	0.07683	0.01683	0.5055	1.14562	0.75286	0.30678	7.11065	0.56478	0	7.3028	1.87879	0.33885	0.05672	6.69189	0.0426
Blautia	0.52979	1.36816	0.76287	7.96059	0.94611	1.76058	13.24402	0.62822	0.84459	2.40723	5.00823	3.75627	3.77875	1.9041	0.36736	8.13541	0.77528	0.21489	5.43841	0.25123	2.71216	0.79881	1.81581	4.36454	3.90398	2.82861	0	2.8163	0.31892	3.90669	7.81992	3.38102	0.15509	5.43507	1.62445	0.48982	8.07593	2.40056	0.60716	0.28775	1.03405	0	8.3041	3.71318	1.96376	1.30435	0.75402	7.61197	1.78984
Anaerotruncus	0.51625	1.08624	0.86161	0	0	0	0.4647	0.33724	0	0.07417	1.01402	0	0.0226	0.57618	0.45266	0.01925	0	0.21616	0	0.01525	0	0	0.08608	0	0	0	0.31576	0.05606	0.04928	0.19432	0.00665	0	0.24171	0	0	0	0	0.19031	0.24507	0.35353	0	0.00846	0	0	0	0	1.53721	0	0
Clostridiaceae_unclassified	0.49956	0.36387	0.70933	0.92514	1.75224	0.62574	0.82369	0.03719	4.3396	1.10762	0	0.6502	1.36432	0.0446	1.89994	0.92446	0.56482	1.35078	0.47144	0.44654	0.2224	1.62523	0	1.91066	0.3965	0.52691	0.48744	0.85084	0.65109	1.65125	2.77328	1.66324	6.76889	0.12885	0.55291	0	0.01206	1.80658	4.89596	0.56323	1.3956	0	4.09884	1.0743	0.26642	0	3.39324	1.43249	0.26258
Evtepia	0.46368	0.39746	0	0.17854	0	0	0.5718	0.43474	0	0	0	0	0.17964	0.01371	0.0814	0.17522	0	0.09101	0	0	0.77307	0	0	0.17688	0	0.37364	0	0	0	0.0179	0.50006	0	0	0.22981	0	0.5184	0	0.38914	0.44419	0	0.18905	0	0	0.13478	0	0.23875	0	0	0.35115
Enterocloster	0.41043	1.10587	0	0.07089	0	0.12012	0.10858	0.22015	0	0.13615	0.80628	0	0.68311	1.74053	0	10.31076	0.13156	0	0.52559	0.11676	0	0.03938	0.33556	0.02266	7.16925	0.26324	0.14401	0.40278	0.87807	4.90466	0.97573	0	0	0.70183	0	0	0.18486	0.89511	0.05649	0	0.01233	0	3.01696	1.58117	0.06802	0	0	0.19465	0
GGB3433	0.3638	0	0	0.34897	0	0	0	0.46702	0	1.37509	0	0	0.34568	0.32699	0	0.50431	0	0	1.45855	0	0.01716	0.03612	1.46987	0	0	0	0	0	0	0	0	0.13392	0	1.94662	0.04152	0.02957	0.76959	2.92994	0	0.1233	0	0	0.24376	0.02305	0.84544	0.50225	0	0.00901	0.07639
Slackia	0.35439	0	0	0.02399	0	0	0.82636	0	0	0	0	0	0	0	0	0	0	0.09224	0	0	0	0	0	0.14593	0	0	0	0	0	0	0	0	0	0	0.31524	0.12249	0	0	0	0.12651	0	0	0	0	0	0	0	0	0
GGB9699	0.33929	0	0	0.91418	0	0	0	0.18177	0.94278	0.15892	0	0	0	0	0.11748	0	0.1775	0.07755	0	0.04768	0	0	0	0	0	0	0	0	0	0	0	0	0	0.42285	0	0	0.9451	0.06162	0	0.17663	0	0	0	0	0.10391	0	0	0.13011	0.56123
Neglectibacter	0.30247	0	0.62003	0.5775	1.71329	0	1.64043	0.88238	0	2.14936	0.98838	0	0.29631	0.40047	0.79577	0.47648	0	1.26805	0.8034	1.00391	0.36834	0.89853	0.99359	0	0	0	0.54613	0.32021	0.96217	0.42462	0	0	0.25639	1.11277	0.38635	1.56568	0.84349	1.69399	0.52579	0.56446	0	0.91539	0.25544	0	0.2761	0	2.01895	0.2844	0.61318
GGB3653	0.20363	0.32366	0	0.06618	0.18605	0.07112	0.01321	0.07627	0.10056	0.04775	0.04538	0	0.00987	0	0.01771	0	0	0.03121	0	0.02452	0	0	0	0.01149	0	0.01024	0	0	0	0.04723	0	0	0.20619	0	0.06328	0	0.12305	0.10932	0.30794	0.13371	0.12133	0	0.0191	0	0	0.15505	0	0	0
GGB9581	0.15598	0.02926	0	0	0	0.42636	0	0	0.07585	0	0.00931	0.02194	0	0	0.03859	0.01223	0	0	0	0	0	0	0	0.02733	0	0.03145	0	0	0	0	0	0	0	0	0	0	0	0	0	0	0.03454	0	0	0	0	0	0	0.01506	0
Intestinimonas	0.14215	0.42714	0.30741	0.10699	0.04551	0	0	0	0	0.57617	0.04764	0	0	0.17401	0	0	0	0	0.4316	0	0	0.02369	0.10109	0	0	0	0	0.11562	0	1.37318	0	0	0	0.11172	0	0	0	0.00228	0	0.03524	0	0.65278	0	0.07745	0	0	0.33903	0	0
Mediterraneibacter	0.13638	2.31704	2.14921	3.95516	0.96915	1.72334	4.4092	0.13749	0.29019	1.42118	4.76821	0.59364	0.15091	0	0.09233	0.66647	0.52722	0.05396	3.02524	2.45939	1.15853	1.55704	1.2494	1.42898	50.38235	0.6343	2.6205	3.20994	3.95109	0.93702	3.6456	2.15299	0.83878	3.70707	1.54509	4.06141	2.70589	2.17565	0.14836	0.75948	2.75036	0	2.07579	1.23514	0.63898	4.85426	0.02432	4.98001	4.55636
Lachnoclostridium	0.13563	1.4098	0.64264	0	0	0.21464	0.0056	0.06161	0	0.01426	0.09074	0	0.0471	0.49376	0.10368	0.44411	0	0.11531	0.58512	0.07718	0.1361	0.64993	0.01668	0.10229	3.58463	0.2861	1.10499	0.06047	0.11852	0.57489	1.5881	0	0	0.65077	0	0.26563	0.00775	0.29484	0	0	0	0	0.16697	0	0	0	0	0	0
Oscillospiraceae_unclassified	0.11512	0.37551	0	0.94663	4.13637	0	3.49252	0.63612	0.02135	3.05614	0.51231	0.08335	6.69979	0.03241	0.75399	0.9946	0.69401	1.0219	1.93142	5.84665	0.85289	0.97232	0.56318	0.0139	0	1.09774	0.2098	0.59517	0.76583	0.23093	0.02239	0.56319	2.34611	1.25587	3.51984	0.63908	0.20141	2.34069	2.84409	0.6663	3.18011	1.9409	0	0.00196	0.50284	0	1.54839	1.45721	0
GGB3819	0.11068	0	0	0	0	0	0.33785	0	0	0	0.07288	0.04515	0	0	0	0.34484	0	0	0	0	0	0	0	0.08922	0	0	0	0	0	0	0	0	0	0.28641	0	0	0	0	0.0403	0	0	0	0.23275	0	0	0	0	0.14606	0
GGB9760	0.07946	0.78749	0	0	0.16091	0	0.25372	0	0	0	0	0	0	0	0	0	0.01291	0	0.53537	0	0	0	0	0.12814	0	0	0	0	0	0	0	0	0	0.05468	0	0.01283	0	0	0.30833	0.32019	0.24385	0	0	0.00347	0.06566	0	0	0	0.01452
Ruthenibacterium	0.07237	0.37071	0.47821	0.19225	0.05807	0	2.98592	0.04641	0	0.65145	4.02588	0.09208	0.24602	1.36595	0.0568	0.79726	0.06596	0.02815	0.06204	0.29968	0.60781	0.6804	1.19149	0.13158	0	0	0.84557	0.06139	2.64749	1.64186	2.33087	0.15792	1.31817	1.43568	0.28858	1.00281	3.04693	0.70539	0.2685	0.09352	0.21913	1.61463	0.37841	0	0.04183	0.04222	0	0.59129	0.37515
Candidatus_Cibionibacter	0.06479	0.79036	0	0	0	0.02422	0.05252	0.23692	0.88727	0.011	0	0.2995	0	0	0	0	0.10232	0	0.85395	0	0	0	0.79789	0.19773	0	0	0	0.08651	0	0	0	0	0	0	0.38162	0	0	0	0.08223	0.0654	0.59052	0	2.85292	0	0.39312	1.93197	0	0.21624	0.29997
Adlercreutzia	0.05299	0.29265	0.17544	0	0	0	0.21513	0	0.13907	0.39356	0.83615	0.04216	0	0	0.03029	0	0	0	0.00314	0	0	0.07731	0	0	0	0	0	0.85509	0	0	0	0.14851	0.48904	0	0	0	0.43253	1.17872	0	0	0.32075	0	0	0	0	0	0	0.32358	0
Eggerthella	0.05181	0.20882	0.19875	0.04679	0	1.11108	0.18853	0.01123	0.02623	0.00965	0.12725	0	0.07265	0	0	0.00833	0	0	0.01052	0	0.31292	1.30129	0.04389	0	0	0.05354	0	0	0	0.29489	0.41642	0.27466	0.06582	0.08927	0	0	0.45437	0.12948	0	0	0.01433	0.09636	0	0	0	0.09085	0	0	0
GGB74403	0.05015	0	0	0.07808	0	0	0	0	0	0	0	0	0	0	0	0	0	0	0	0	0	0	0	0	0	0	0	0	0	0	0	0	0	0	0	0	0	0	0	0	0	0	0	0	0	0	0	0	0
Lachnospiraceae_unclassified	0.04481	2.37948	0.19705	6.76308	0.26633	2.36909	1.67661	0.64085	4.63305	5.35746	0	16.32951	0.19119	0	0.37751	0	2.63054	0.33326	2.67247	1.0909	7.56419	0.77847	0.05467	2.76715	0	0.26213	0.11714	0	0	0	0.08408	0	0	0.23347	2.20389	0	2.17014	2.26924	2.80738	0.46225	1.49965	2.0025	0	4.59931	15.72039	2.30861	0.09434	2.98465	3.17866
Prevotella	0.04116	0	0	0	0	10.169	2.40644	0	0	0	0	0	0	0	8.32622	0	0	1.79674	0	0	0	0	0	0	0	0	0.09472	0	0	0	0	0	0	0	2.68229	0	0	0	16.95	0	0	0	0	0	0	0	0	0	0
GGB9524	0.0294	0.13777	0	0.03703	0	0	0	0.03535	0	0.00642	0	0	0	0	0	0	0	0	0	0	0	0	0	0	0	0	0	0.01528	0	0	0	0	0	0	0	0.01555	0	0	0	0.03386	0	0	0.02314	0	0	0	0	0	0
Eubacteriales_Family_XIII_Incertae_Sedis_unclassified	0.02666	0	0	0	0.01081	0	0.23463	0	0	0.02257	0	0	0	0	0	0	0	0	0	0	0.12691	0	0	0	0	0	0	0	0	0	0	0.00539	0	0	0	0.12721	0.25657	0.02324	0	0	0.00753	0	0	0	0	0	0	0	0.09022
Hungatella	0.02481	0	0	0	0.00158	0	0.03383	0	0	0	0	0	0.03568	0	0	0	0	0	0.1994	0	0.01637	0	0	0	0	0.01758	0	0	0.06604	0.73674	0.33428	0	0	0.03929	0	0.21252	0.84963	0	0	0.01292	0	0.02597	0	0	0	0	0	0	0
Dielma	0.01553	0	0	0	0	0	0	0	0	0	0	0	0	0	0	0	0	0	0	0	0	0	0	0	0	0	0	0	0	0	0	0	0	0	0	0	0	0.10555	0	0	0	0	0	0	0	0	0	0	0
Escherichia	0.01344	0.49294	0.2839	0	0.2638	0	0.33846	0	0	0	0	0.06256	0	0.39556	0	0.03645	0	0	0	7.2486	0.1256	0	0.06689	0	8.57373	1.02828	1.26161	0	0.02798	0	0.27806	0	0.34093	0	0	4.64316	0	0.6346	2.16752	0.87924	0.42657	0	4.93461	0	0.36495	54.86656	0	0	20.01954
GGB3169	0.00908	0	0	0	0	0	0	0	0	0	0	0	0	0	0	0	0	0	0	0	0	0	0	0	0	0	0	0	0	0	0	0	0	0	0	0	0	0	0	0	0	0	0	0	0	0	0	0	0
Dorea	0.00858	0	0.08826	0.59015	0.61905	0.34943	1.09946	0.0142	0.38828	0.40961	0	1.4837	0.431	0	0.25623	0.35292	0.1621	0.01091	0.15796	0	4.70861	0	0.06227	1.51102	0	1.62029	0	1.05072	0	0.13877	0	0.47418	0	0	0.74985	0.20561	1.04259	0	0.67802	0.0115	0.39649	0	0.19777	2.16785	0	0.23863	0.01962	1.07658	0.13173
Porphyromonas	0.00753	0	0	0	0	0	0	0	0	0	0	0	0	0	0	0	0	0	0	0	0	0	0	0	0	0	6.61448	0	0	0	0	0	0	0	0	0	0	0.24711	0	0.0102	0	0	0	0	0	0	0.01705	0	0
Faecalibacterium	0.00189	0.40784	0.28672	1.40612	0.46632	1.01594	3.37122	0	5.59429	1.10486	2.17889	4.26694	3.44795	0	0.80009	0	2.64546	0.27018	5.69275	0.09788	6.92933	0.80644	0	4.44806	0	2.16242	0	7.2198	0.13657	1.59989	0	1.63329	0.06022	3.84789	2.91497	0	0.03424	0.09694	2.16511	0.7655	3.65282	0.06972	3.71302	0.25988	4.14589	1.83495	0.56378	0	0.96522
GGB51647	0	9.83054	0	0	0	0	0	0	5.25747	7.10785	0	0	1.29095	0	0	0	0	0	0	0	0	1.92673	0	0	0	0	0	0	0	0	0	5.7118	4.52889	0	0	0.34565	0	0	0	0	6.30593	0.59441	0	0	0	0	0.63211	0	0
GGB4611	0	7.38256	0	0	0	0	0	0	0	0	0	0	0	0	0	0	0	0	0	0	0	0	0	0	0	0	0	0	0	0	0	0	0	0	0	0	0	0	0	0	0	0	0	0	0	0	0	0	0
Veillonella	0	4.9104	0	0	0	0	0	0	2.31088	0	0	0	0	0	0.14231	0	0	0	0	0	0	0	0	0	2.90248	0	0	0	0	0	0	0	0	0	0	0	0	0	0	0	0	0	0	0	0	0	0	4.15964	0
Limosilactobacillus	0	3.80819	0	0	0	0	0	0	0.12933	0	0	0	0	0	0.44489	0	0	0.19263	0	0	0	0	0	0.23458	0	3.88112	0	0	0	0.00245	0	0	0	0	0	0	0	0.01107	0	0	0	0	0	0	0	0	0	0.10815	0
Ruminococcus	0	3.31491	1.87701	4.90382	1.7076	1.21007	1.40638	0	4.74288	2.60016	0	1.82934	1.14915	0	1.05545	0	0.86525	0.88186	3.29085	0.812	5.43375	0.03542	0	1.63058	0	0.02639	0	0.41912	0.31622	0	0.05209	1.79128	1.74878	0.41455	0.02826	1.82452	2.65559	1.02609	0.05094	4.0771	0.75418	5.85022	1.85418	0	0.94355	0.42597	2.45682	2.04365	1.71489
Negativibacillus	0	1.46319	0.94723	0	0	0	0	0	0.30988	0	0	0	0	0	0.08547	0	0	0.05314	0	0	0	0	0	0	0	0	0	0	0	0	0	0	0	0	0.17996	0	0	0	0	0	0.34262	0.27538	0	0	0.526	0.49342	0	0	0
Flavonifractor	0	1.10836	0	0.21511	0	0.52689	0	0	0.02384	0	0.77893	0.02784	0	0	0.00088	0	0.45346	0	0.41987	0.0076	0	0	0.29572	0.01158	0	0.01028	0	0.58107	0	0.81254	2.32697	0.00807	0.3385	0.70104	0	0	1.42957	0.4353	0	0	0.08077	0	0.43499	0.09207	0.06154	0.33681	0	0	0
GGB24132	0	1.03098	0	0.17705	0	0	0	0	0	0	0	0	0	0	0	0	0	0	0	0	0	0	0	0	0	0	0	0	0	0	0	0	0	0	0	0	0	0	0	0	0	0	0	0	0	0	0	0	0
GGB9715	0	1.0072	1.00124	0.11741	0.2832	0	0.22306	0	1.54698	0.56946	0	0.38859	0.06671	0	0.35642	0	0	0.42983	0	0.17511	0.13373	0	0	0.24219	0	0	0	0	0.4846	0	0	0	0.07809	0	0	0	0	0	0.69311	0.28036	1.64784	0	0	0	0	0.92546	0	0	2.40834
Candidatus_Borkfalkia	0	0.96981	0.28714	0	0	0	0	0	0	0	0	0	0	0	0	0	0	0	0	0	0	0	0	0	0	0	0	0	0	0	0	0	0	0	0	0	0	0	0	0	0	0	0	0	0	0	0	0	0
GGB3304	0	0.96017	0	0	24.81209	0	0	0	0	0	0	0	0	0	3.42138	0	0	3.45274	0	0	0	0	0	0	0	0	0	0	2.49766	0	0	0	2.30712	0	0	1.90145	0	0	3.62732	2.78001	0.19166	0	0	0	0	0	0	0	1.72015
Barnesiella	0	0.6532	0	0.10129	0	0	0	0	0	2.12198	2.00533	0.97599	3.08557	3.03374	0.6923	1.28217	0	0.68158	0	0.55672	1.86427	0.08859	4.64838	1.15975	0	0	0.03482	0	0.66478	4.46141	2.29684	0	0	0	2.3507	0	1.39851	0	0	0.47575	0	0.45695	1.45858	2.00911	0	0	0.00151	0	0
Eisenbergiella	0	0.61708	0.34766	0	0	0	0.05251	0	0	0	0	0	0.08219	0.1994	0	0.07054	0.0122	0	0.11374	0.05876	0.28358	0.01151	0.35522	0	0	0	0	0.17981	0.39353	0.57927	3.17507	0	0.65068	0.78386	0	0.69986	0.58579	0.37608	0	0.16458	0	0.6735	0	0	0	0	0.00482	0	0
GGB3537	0	0.40952	0	0	0	0	0	0	0	0	1.88144	0	0.12443	0.04309	0	0.24856	0	0	0.02941	0.02827	0	0.4788	0.10509	0	0	0	0	0	0	0	0	0	0	0	0	0	0	0	0	0	0	0	0	0	0.01331	0	0	0	0
Faecalibaculum	0	0.40105	0	0	0	0	0	0	0	0	0	0	0	0	0	0	0	0	0	0	0	0	0	0	0	0	0	0	0	0	0	0	0	0	0	0	0	0	0	0	0	0	0	0	0	0	0	0	0
Coprococcus	0	0.39521	0	0.09524	0.21208	0.03699	1.28011	0	0.33176	0.20293	0	0.3547	0	0	0.17685	0	0.09431	0.26	0	0	0.25089	1.07654	0	0.11602	0	0	0	0.00553	0	0	0	0	0	0	0.00562	0.04443	0.41311	0	0.15614	0	0.30918	0.01194	0.59064	0.40489	0.50302	0.38464	0	0.09991	4.27094
GGB3740	0	0.36826	0	0	0	0	0	0	1.94228	0	0	2.40637	0	0	0	0	0	0	3.06234	0	0	0	0	0	0	0	0	0	0	0	0	0	0	0	0	0	0	0	0	0	0	0	0	0	0	0	0	0	0.08714
GGB27782	0	0.30472	0	0	0	0	0	0	0	0	0	0	0	0	0	0	0	0	0	0	0	0	0	0	0	0	0	0	0	0	0	0	0	0	0	0	0	0	0	0	0	0	0	0	0	0	0	0	0
Bifidobacterium	0	0.29821	0	0.03361	0.016	15.73993	2.99402	0	1.18571	0.07963	0.39078	0	0	0	0.28929	0	0.74975	0.38433	0.82578	0	7.95262	0	0	0	0.05548	13.28498	0	0	0.04001	0	4.3329	0	3.85368	0.00294	0	0	2.73406	0.01533	0	0.13941	0.00743	2.77247	0	0	0.5401	0.28631	0.9459	0.1061	0
Parasutterella	0	0.29242	0	0	0	3.78372	0	0	0.34966	0.01631	0	1.81517	0	0	0.47684	0	0	0.30418	1.73391	0	0	0	0	0	0	0	0	0	0.04483	0	0	1.54292	0	0	0	0	0	0	0	0.05307	0.84959	0	0	0.53354	0	0	0	0.57384	0
GGB9574	0	0.26094	0	0	0	0	0	0	0	0	0.07781	0	0.12441	0	0	0	0	0	0	0	0	0	0	0	0	0	0	0	0	0	0	0	0	0	0	0	0	0	0	0	0	0	0.10165	0	0	0	0	0	0
Butyricimonas	0	0.17616	0	0.08072	0.007	0	0	0	0	0.00507	0	0	0.1503	0.6457	0.28249	0	0	0.37486	0	0.35436	0.04304	0.08307	0.86459	0	0	0	0.42749	0	0.35432	0	0	0	0.00895	0	0.19552	1.18524	0	0.14291	0.21776	0.13292	0	0	0	0.12554	0	0	0.16588	0	0.08938
Muribaculaceae_unclassified	0	0.17003	0	0	0	0	0	0	0	0	0	0	0	0	0	0	0	0	0	0	0	0	0	0	0	0	0	0	0	0	0	0	0	0	0	0	0	0	0	0	0	0	0	0	0	0	0	0	0
GGB3746	0	0.14806	0	0	0	0	0	0	0	0.5652	0	0	0	0	0	0	0.12749	0	0.87863	0	0	0.06428	0	0	0	0.61297	0	0.4244	0	0.15333	0	0	0	0	0	0	0	0.00564	0	0	0	0	0	0	1.09234	0	0	0	0
GGB27849	0	0.14233	0	0	0	0	0	0	0	0	0	0	0	0	0	0	0	0	0	0	0	0	0	0	0	0	0	0	0	0	0	0	0	0	0	0	0	0	0	0	0	0	0	0	0	0	0	0	0
GGB9342	0	0.14087	0	0.15647	5.12507	0	0	0	0	0	0	0	0	0	0	0	0	0	0.05103	0.26572	0	0.39852	0	0	0	0	0	0	7.24329	0	0	0	0.46931	0	0.31272	1.99569	0	0	0.57731	0.48154	0	0.15394	0	0	0	0	0	0	0
Fusicatenibacter	0	0.1332	0.11568	1.55984	0.18855	0.51757	0.11375	0	0.54739	0.1916	0	0.95776	0	0	0	0	1.40295	0	1.94912	0	0.40172	0	0	0.84794	0	2.0766	0	0.39416	0	0	0	0.28406	0	0	0.068	0	0.35401	0	0	0.00642	0.07994	0.07068	0.27104	0.08218	0.3876	0.34413	0	0.5764	0.12583
GGB9691	0	0.12092	0	0	0	0	0	0	0	0	0	0	0	0	0	0	0	0	0	0	0	0	0	0	0	0	0	0	0	0	0	0	0	0	0	0	0	0	0	0	0	0	0	0	0	0	0	0	0
Tissierellaceae_unclassified	0	0.11604	0	0	0	0	0	0	0	0	0	0	0	0	0	0	0	0	0	0	0	0	0	0	0	0	0	0	0	0	0	0	0	0	0	0	0	0	0	0	0	0	0	0	0	0	0	0	0
Holdemania	0	0.08861	0	0	0	0	0	0	0.00505	0.12414	0.06527	0	0.07133	0.13598	0	0.16757	0	0	0.06939	0	0	0.06507	0	0	0	0	0	0	0	0	0	0.00186	0	0.07232	0	0	0	0.14058	0	0.00953	0	0	0.00281	0	0	0	0	0.00824	0
Turicimonas	0	0.07015	0	0	0	0	0	0	0	0	0	0	0	0	0	0	0	0	0.17729	0	0	0	0	0	0	0	0	0	0	0	0	0	0	0	0	0	0	0.2162	0	0	0	0	0	0	0	0	0	0	0
GGB2653	0	0.05246	0	0	0	0	0.79675	0	0	0	0.0023	0	0	0	0	0.05953	0	0	0	0	0	0	0	0	0	0	0	0	0	0	0	0	0	0	0	0	0.11193	0	0	0.02657	0	0.00958	0	0	0.03952	0	0	0	0
Anaerostipes	0	0.04371	0.21668	0.79895	0.25053	1.38475	0.22032	0	0.08746	0.81265	0	0.43224	0.14461	0.07096	0	0.43555	0.5632	0	0.46036	0.08986	0.91656	0.43619	0.96576	1.04781	0	1.26887	0	0.83392	0	1.23591	0.05736	0.24878	0	0.05869	0.83063	0.1685	0.25591	0.04431	0	0	0.34783	0.54383	0	1.94455	0	0.08875	0	1.96766	0.02813
Coprobacillus	0	0.04181	0	0	0	0	0.17676	0	0.10976	0	0	0	0	0	0	0	0	0	0	0	0.08977	0	0	0	0	0	0	0	0	0	0	0	0	0.11113	0	1.01889	0	0	0	0	0	0	0	0	0	0	0	0.02239	0
Harryflintia	0	0.0361	0	0	0	0	0	0	0	0	0	0	0	0.08352	0	0	0	0	0	0	0	0.0108	0	0	0	0	0	0	0.04795	0.15261	0	0	0	0	0	0	0	0.01436	0	0	0	0	0	0	0	0	0	0	0
GGB30861	0	0.02459	0	0	0	0	0	0	0	0	0	0	0	0	0	0	0	0	0	0	0	0	0	0	0	0	0	0	0	0	0	0	0	0	0	0	0	0	0	0	0	0	0	0	0	0	0	0	0
Paramuribaculum	0	0.01568	0	0.10418	0	0	0	0	0	0	0	0	0	0	0	0	0	0	0	0	0	0	0	0	0	0	0	0	0	0	0	0	0	0	0	0	0	0	0	0	0	0	0	0	0	0	0	0	0
Intestinibacter	0	0.00352	0	0	0	0	0.22463	0	0.26563	0	0	0	0	0	0	0	0	0	0.09092	0	0	0	0	0	0	0.39219	0	0	0	0.14913	0.51713	0.09836	0	0.06934	0	0	0	0	0	0	0	0	0	0	0	0	0	0	0
GGB34540	0	0.00259	0	0	0	0	0	0	0	0	0	0	0	0	0	0	0	0	0	0	0	0	0	0	0	0	0	0	0	0	0	0	0	0	0	0	0	0	0	0	0	0	0	0	0	0	0	0	0
Odoribacter	0	0	17.46502	0.57397	0.04735	0	0.16525	0	0	3.61266	0.09643	0.11944	0.88594	6.08993	0.7212	0.09522	0	0.9468	0	0	0.22342	14.82536	2.04789	0.40375	0	0	10.63219	0.63187	4.36613	0	0	0	2.0947	0	3.34413	0.98196	0.16528	7.72004	0.38722	4.62046	0	5.76149	0.04345	0.2049	0	0.10791	26.17227	0.02239	0
GGB9708	0	0	4.04039	0	1.50297	0	0	0	0	4.41691	0	0	0.00604	0	0	0	0	0	0	0	0.9909	0	0	0	0	0	0	0	0.27625	0	0	0	0	0	0.31269	0.51917	0	0	0.32262	2.35781	0.21519	0	0	0	0	0	0	0	0
GGB4277	0	0	1.18095	0	0	0	0	0	0	0	0	0	0	0	0	0	0	0	0	0	0	0	0	0	0	0	0	0	0	0	0	0	0	0	0	0	0	0	0	0	0	0	0	0	0	0	0	0	0
GGB9468	0	0	1.08812	0	0.27286	0	0	0	1.08219	2.61422	0.72983	1.37835	0	0	0	0	0	0	0	0	3.20556	0.76018	0	0.67507	0	0	0	0	1.23967	0	0	1.69219	0.05524	0	0.00159	0	1.54174	0	1.31006	1.15779	1.71597	0	0.46946	0.01446	0	0	8.76314	2.87129	0.78072
GGB4584	0	0	0.75868	0	0	0	0	0	0	0	0	0	0	0	0	0	0	0	0	0	0	0	0	0	0	0	0	0	0	0	0	0	0	0	0.23488	0	0	0	0	0	0	0	0	0	0	0	0	0	0
GGB3497	0	0	0.75716	0	0	0	0	0	0	0	0	0	0.90818	0.07166	0	0.39708	0	0	0	0.20764	0	0.82028	0	0	0	0	4.91664	0	0	0	0	0	0.28107	0	0.42119	0	0	0.37197	0	0	0	1.11782	0	0	0	0	0	0	0
Firmicutes_unclassified	0	0	0.70854	1.63406	0	0	0.13421	0	0.8681	0	0	0	0.16789	0	0.23418	0	1.05142	0.12773	0	0	0	0	0	0.98603	0	0	0	0.40809	0	0	0	0.11636	0	0	0.10418	0	0	0	0.10991	0	1.28539	0	0	0.06205	0.06028	0	0	4.77491	0.434
Lachnospira	0	0	0.61476	2.30969	0	0	0.01364	0	0.20583	2.57611	0	0	0.92018	0	0.57201	0	1.96178	1.08947	0	0.33576	0	0.75629	0	2.50015	0	0	0	0.01273	0.19402	0	0	2.2721	0	0.24164	0.65179	0	0	0	0.49921	0.24355	1.10777	1.03631	0	3.33597	0.46554	0.13812	0	1.99749	0
GGB4745	0	0	0.58522	0	1.06747	0	0	0	0	0	0	0	0.0014	0	0	0	0	0	0	0	0	0.11041	0	0	0	0	0	0	0	0	0	0	0	0	0	0	0	0	0	1.07096	0	0	0	0	0	0	1.30552	0	0
Methanobrevibacter	0	0	0.49921	0	0.68181	0	0	0	0	0.42143	0.02317	0	0	0	0	0	0	0	0	1.01443	4.88821	2.76278	0	0	0	0	4.72812	0	0.80978	0	0	0.05408	2.95568	0	1.37505	3.18949	0	1.44132	0.14772	0.5561	0	3.29137	0	0	0	0	3.93486	0	0.99095
GGB9719	0	0	0.46191	0	0.04176	0	0.10973	0	0	0.00874	1.92323	0	0.03606	0.081	0.01522	0	0	0	0	0.10131	0.0908	0.01474	0	0	0	0	0	0	0	0	1.81717	0.04574	0	0	0	0	0.00483	0.46472	0	0.01095	0	0	0	0	1.66041	0	0	0	0
Bariatricus	0	0	0.34436	0	0	0	0	0	0	0	0	0	0	0	0	0	0	0	0	0	0	0	0	0	0	0	0.01582	0	0	0	0	0	0	0	0	0	0	0	0	0	0	0	0	0	0	0	0	0	0
Pseudoruminococcus	0	0	0.31951	0	0	0	0	0	0	0	0	0	0	0.83892	0	0.09517	0	0	0	0	0	2.15822	0	0	0	0	0.10992	0	0.00512	0	0	0	0	0	0.53419	0	0	0	0	0	0	0	0	0	0	0	0	0.22981	0.22343
Sarcina	0	0	0.31454	0	0	0	0	0	0	0	0	0	0	0	0	0	0	0	0	0	0	0	0	0	0	0	0	0	0	0	0	0	0	0	0	0	0	0	0	0	0	0	0	0	0	0	0	0	0
GGB9240	0	0	0.2957	0	0	0	0	0	0	0	0	0	0	0	0	0	0	0	0	0	0	0.21121	0	0	0	0	0	0	0	0	0	0	0	0	0	0	0	0	0.01413	0.07605	0	0	0	0	0	0	0	0	0
Lawsonibacter	0	0	0.27462	0	0.03269	0	0	0	0.16169	0.49053	0.64955	0	0.02373	0.10182	0.02181	0.04032	0.29518	0	0.31402	0	0.01607	0.89878	0.04816	0	0	0	0.89568	0.23508	0	1.07848	0	0	0.15501	0.02173	0.11382	0.44649	0.01734	0.06428	0.05472	1.08548	0.13309	0.76242	0	0	0	0	0	0.05427	0
GGB9531	0	0	0.25841	0.09379	0	0	0.09039	0	0	0.03873	0	0	0	0	0	0	0	0	0	0.09479	0.00982	0.21962	0	0	0	0	0.59705	0	1.17259	0	0.47	0.56802	0	0.07383	0	4.09152	0.38498	0.15123	0.01018	0	0	0.02602	0	0	0	0	0	0	0.06857
GGB3220	0	0	0.24879	0	0	0	0	0	0	0	0	0	0	1.84744	1.62976	0.16294	0	3.58188	0	0	0	0	0	0	0	0	0	0	0	0	0	0	0	0	1.81468	0	0	0	0	0	0	2.91981	0	0	0	0	0	0	0
GGB9782	0	0	0.22336	0	0.2648	0	0	0	0	0	0	0	0	0	0	0	0	0	0	0	0	0.22017	0.00163	0	0	0	0	0	0	0	0	0	0.16549	0	0.01554	0	0	0	0	0	0	0	0	0	0	0	0	0	0
GGB36331	0	0	0.18896	0	0	0	0	0	0	0.28541	0.37	0.02243	0	0	0	0	0	0	0	0.13596	0	0	0	0	0	0	0.08786	0	0	0	0	0.13567	0.93292	0	0.42613	0	0.37635	0	0	0.19189	0	0.30939	0	0	0.12796	0	0	0.31174	0
GGB3005	0	0	0.14736	0	0	0	0	0	0	0.12241	0	0	0	0	0	0	0	0	0	0.00243	0	0	0.58872	0	0	0	0	0	0	0	0.07465	0	0	0	0	0	0	0.11481	0	0	0	0.3089	0	0	0	0	0	0	0
GGB3256	0	0	0.13149	0	0	0	2.69059	0	0	0	0	0	0.36791	0	0	0	0	0	1.3349	0	0.12464	0	0	0	0	0	0	0	0.42862	0	0	0	0	0	0.51312	0	0	0	0.22691	0	0.6803	0	0	0	0	0.03636	0	0	0
GGB33512	0	0	0.12471	0	1.90462	0	0	0	0	0.76056	0	0	0	1.31139	0.01429	0	0	0.00193	0	0	0	0	0.27239	0	0	0	0	0	0	0	0	0	0	0	0.19226	0.95579	0	0.02341	0	0.44393	0	0	0	0	0	0	0.20148	0	0
GGB9211	0	0	0.11128	0	0.15986	0	0	0	0	0	0	0	0	0.1491	0	0	0	0	0	0	0	0	0	0	0	0	0.07037	0	0	0	0	0	0	0	0	0	0	0	0	0.04311	0	0	0	0	0	0	0	0	0
GGB9770	0	0	0.10987	0.02667	0.28354	0	0	0	0	1.16566	0.02501	0	0	0	0	0	0	0	0	0	0.10715	0.32202	0.40171	0	0	0	0.02946	0	0	0	0	0	3.12877	0	0.01661	0	0	0.12109	0	0.03601	0	3.07851	0	0	0	0	1.59433	0	0
Longibaculum	0	0	0.10541	0	0	0	0	0	0	0	0.15687	0	0	0	0	0	0	0	0	0	0	0.11151	0	0.013	0	0	0	0	0	0	0	0	0	0	0	0	0	0.15247	0	0	0	0	0	0	0	0	0	0	0
GGB4684	0	0	0.0497	0	0.37903	0	0	0	0	0	0	0	0	0	0	0	0	0	0	0	0	0	0	0	0	0	0	0	0	0	0	0	0	0	0	0	0	0	0	0	0	0	0	0	0	0	0.08383	0	0
GGB3109	0	0	0.04617	0.10635	0.22332	0	0.08551	0	0	0	0	0.01826	0.05277	0	0	0	0.04281	0	0.09578	0	0	0	0.02191	0	0.44532	0	0	0	0	0	0	0	0.02138	0.11501	0.15555	0	0	0.03477	0	0	0	0.36783	0	0	0	0.06443	0	0.06515	0
GGB9721	0	0	0.03827	0	0	0	0	0	0	0	0	0	0	0	1.45397	0	0	0.89914	0	0	0	0	0	0	0	0	0	0	0	0	0	0	0.09396	0	0	0	0	0	0	0.0595	0	3.94112	0	0	0	0	0.48582	0	0
GGB9365	0	0	0.02251	0.09506	0	0	0.0433	0	0	0	0	0	0.0765	0	0.30467	0	0	0.23635	0	0	0	0	0	0	0	0	0	0	0.14351	0	0	0	0	0	0	0	0	0.03113	0	0	0	1.23832	0.25102	0	0	0	0.04087	0	0
Longicatena	0	0	0.02247	0	0	0	1.45333	0	0.04578	0.08037	0	0	0	0.58145	0	0	0	0	0	0	0	0.64913	0	0	0	0	0.13135	0.2278	0	0	0	0.00637	0.04051	0.40055	0	0.11197	0	2.49631	0	0.0806	0	0.38089	0	0.24836	0	0.59093	0	0.68505	0
Gordonibacter	0	0	0.00692	0	0	0	0.10536	0	0.07361	0.21569	0.11313	0	0	0	0	0	0	0	0	0	0.00161	0	0	0	0	0.02936	0	0	0.05171	0	0	0	0	0	0	0	0.05211	0.03172	0	0	0.0388	0.01861	0	0	0.04079	0	0.00358	0	0.01946
Candidatus_Avispirillum	0	0	0.00418	0	0	0	0	0	0	0	0	0	0	0	0	0	0	0	0	0	0	0	0	0	0	0	0	0	0	0	0	0	0	0	0	0	0	0	0	0	0	0	0	0	0	0	0	0	0
GGB9634	0	0	0	4.85776	0	0	0	0	0	0	0	0	0	0	0	0	0	0	0	0	0	0	0	0	0	0	0	0	4.38393	0	0	0	0	0	0.11562	0	0	0	0	0	0	0	0	0	0	0	0	0	0
Lacrimispora	0	0	0	2.93624	0.34029	2.57	0.24909	0	0.15219	0.41501	0.85804	0.46426	0.15363	0	0	0	0.3606	0	0.40535	0.01899	0.15966	0	0	1.26624	0	0.47841	0	0.70524	0	0.2095	0	0	0	1.77237	0.14711	0.05772	0	0.55841	0.30967	0.03158	0.07405	0	0.24866	0	0	0.33952	0	2.3173	0
Gemmiger	0	0	0	1.78572	0.0952	0	0.40985	0	0.42452	0	0	0.73462	1.07659	0	0	0	0.79705	0	0	0.20004	0	1.11467	0	0.09379	0	0.79699	0	0	0.09208	0	0	0.90049	0.08793	0	0.95956	0.03324	0.05151	0	0.09407	0.14319	0.00227	0	0.59782	0	3.08182	0	0	0.77575	0.05961
GGB3614	0	0	0	1.61248	0.0535	0	0	0	0.00737	0	0	0	0	0	0	0	0	0	0	0	0	0	0	0	0	0	0	0	0	0	0	0	0.25567	0	0.48035	0	0	0	0	0.06615	0	0	0	0	0	0	0	0	0
GGB3612	0	0	0	0.68551	0	0	0	0	0.21038	0	0	0	0	0	0	0	0	0	0	0	0	0	0	0	0	0	0	0	0	0	0	0	0	0	0.03299	0	0	0	0	0	0	0	0	0	0	0	0	0	0
GGB9758	0	0	0	0.48478	3.65	0	0	0	0.17653	0	0	0	0	0	0	0	0	0	0	0	0	0	0	0	0	0	0	0	0.03532	0	0	0	0	0	0	0	0	0	0.15053	0	0	0	0	0	0	0	0	0	0
GGB3052	0	0	0	0.38097	0	0	0	0	0	0	0	0	0	0	0	0	0	0	0	0	0	0	0	0	0	0	0	0	0	0	0	0	0.08033	0	0.13865	0	0	0	0	0	0	0	0	0	0	0	0	0	0
GGB6612	0	0	0	0.35597	0	0	0	0	0	0	0	0	0	0	0	0	1.46611	0	0	0	0	0	0	0.13572	0	0	0	0	0	0	0	0	0	0	0.86501	0.06398	0	0	0.53408	0	0	0.35944	0	0	0	0	0	0	0
GGB6567	0	0	0	0.35338	0	0	0	0	0	0	0	0	0	0	0	0	0	0	0	0	0	0	0	0	0	0	0	0	0	0	0	0	0	0	0	0	0	0	0	0	0	0	0	0	0	0	0	0	0
GGB3518	0	0	0	0.27868	0	0	0	0	0	0	0	0	0	0	0	0	0	0	0	0	0	0.01624	0	0	0	0	0	0	0	0	0	0	0	0	0	0	0	0	0	0	0	0.99149	0	0	0	0	0	0	0
GGB3550	0	0	0	0.24635	0	0	0.42441	0	0	0.10959	0	0	0	0	0	0	0	0	0	0	0	0	0	0.09775	0	0	0	0	0	0	0	0	0	0	0	0	0.01191	0.06245	0	0	0.01769	0	0.51432	0	0	0	0	0.83247	0
Rikenellaceae_unclassified	0	0	0	0.20043	0.20246	0	0	0	0	0	0	0	5.88896	0	0	0	0	0	3.14143	0	0	0	0	0	0	0	1.73609	0	0	0	0	0	0.07623	7.74409	0	0	0	7.79911	0	0.12346	0	0	0	0.75473	0	0	0	0	0
GGB1690	0	0	0	0.15224	0	0	0	0	0	0	0	0	0	0	0	0	0	0	0	0	0	0	0	0	0	0	0	0	0	0	0	0	0	0	0	0	0	0	0	0	0	0	0	0	0	0	0	0	0
Anaerotignum	0	0	0	0.10839	0	0	0	0	0	0	0.10876	0	0.50838	0	0	0	0	0	0	0	0	0	0	1.14976	0	0	0	0	0	0	0	0	0	0	0.47179	0	0	0.83848	0.07987	0	0.40941	0	0	0.09176	0	0	0	0	0.37072
Erysipelatoclostridium	0	0	0	0.09846	0	0	0.00832	0	0	0	0	0	0.10551	0	0	0	0	0	0	0.11626	0.19798	0.12866	0	0	2.33591	0	0	0.00635	0	0.04911	0.26153	0	0	0.05487	0	0	0	0	0	0	0.07976	0	0	0	0	0.24776	0	0.7399	0
Agathobaculum	0	0	0	0.07553	0	0.11499	1.06436	0	0.7652	0.00872	0	0.35193	0	0	0	0	0	0	0.24735	0.15041	0	0	0	0.21405	0	0.10268	0	0.36461	0	0.06175	0	0.18021	0	0.0628	0.42645	0	0.03574	0.22501	0.09231	0	0.44731	0	0	0.00968	0.7267	0	0	0.45616	0
Lactobacillus	0	0	0	0.06549	0	0	0	0	0.16969	0	0	0	0	0	2.84407	0	0	5.50119	0	0	0	0	0	0	0	3.25412	0	0	0	0	0	0	0	0	0	0.03959	0	0.02273	0	0	0	0	0	0.39997	0	0	0	0.20526	0
Hydrogenoanaerobacterium	0	0	0	0.06174	0	0	0	0	0	0	0.08262	0.15495	0.07008	0	0	0	0	0	0	0	0	0	0	0.04228	0	0	0	0.04218	0	0	0	0	0	0.1653	0.08672	0	0	0.04347	0	0	0.04452	0	0	0	0.0255	0	0	0	0
Emergencia	0	0	0	0.0566	0	0	0	0	0	0	0	0	0	0.10084	0	0	0	0	0.04187	0	0	0	0	0	0	0	0	0.1103	0	0	0.13246	0	0	0	0	0	0	0.03732	0	0	0	0	0	0	0	0	0	0	0
GGB9640	0	0	0	0.04212	0	0	0	0	0	0	0	0	0	0	0	0	0	0	0	0	0	0	0	0	0	0	0	0	0	0	0	0	0	0	0	0	0	0	0	0	0	0	0	0	0	0	0	0	0.03996
GGB2998	0	0	0	0.02741	0.19885	0	0	0	0	0	0	0	0.0144	0	0	0	0	0	0	0	0	0	0	0	0	0	0	0	0	0	0	0	0	0	0	0.044	0	0	0.12502	0.04336	0	0	0	0	0	0	0	0	0.03062
Eubacteriaceae_unclassified	0	0	0	0.0236	0	0	0.43268	0	0	0	0.33598	0	0	0	0	0	0.111	0	0.15507	0.01065	0.02272	0	0.38005	0.35908	0	0	0	0	0	0	0	0	0	2.18498	0	0	0	0	0	0.00727	0	0.00242	0	0	0.42777	0.07414	0	0	0
Frisingicoccus	0	0	0	0.02281	0	0	0	0	0	0	0	0	0	0	0	0	0	0	0.10057	0	0	0	0	0	0	0	0	0	0	0	0.45269	0	0	0	0	0.80999	0	0	0	0.32062	0	0	0	0	0	0	0	0	0
Enorma	0	0	0	0.01339	0	0	0	0	0	0	0	0	0	0	0	0	0	0	0	0	0.3991	0	0	0	0	0	0	0	0	0	0	0	0	0	0	0	0	0	0	0	0	0	0	0	0	0	0	0	0
GGB27876	0	0	0	0.01302	0	0	0	0	0	0	0	0	0	0	0	0	0	0	0	0	0	0	0	0	0	0	0	0	0	0	0	0	0	0	0	0	0	0	0	0	0	0	0	0	0	0	0	0	0
GGB32387	0	0	0	0.00442	0	0	0	0	0	0	0	0	0	0	0	0	0	0	0.021	0	0	0	0	0	0	0	0	0	0	0	0	0	0	0	0	0	0	0	0	0	0	0	0	0	0	0	0	0	0
GGB4566	0	0	0	0.00412	0	0	0	0	0	0.42663	0	0	1.98615	1.6075	0	0.24763	0	0	3.47307	0.16388	0	0.28714	0	0	0	0	0	0	0	0	0	0	0	0	0	0.52122	0	0	0	0	0	0.80676	0	0	0	0	0	0.25911	0
GGB9331	0	0	0	0	5.97728	0	0	0	0	0	0	0	0	0	0	0	0	0	0	0	0	0	0	0	0	0	0	0	0	0	0	0	0	0	0	0	0	0	0	0	0	0	0	0	0	0	0	0	0
Holdemanella	0	0	0	0	2.61825	0	0	0	0	0	0	0	0	0	0.05106	0	0	0.16466	0	0	0	0	0	0	0	0	0	0	0	0	0	0	0.20175	0	2.93159	0.68768	0	0	0.41283	0	0	0	0	0	0	0	0	0	0
GGB9345	0	0	0	0	2.46995	0	0	0	0	0	0	0	0	0	0	0	0	0	0	0	0	3.96991	0	0	0	0	0	0	0.84091	0	0	0	0.5449	0	0.36001	2.78695	0	0	0.8013	1.2566	0	1.5059	0	0	0	0	0	0	0
GGB9710	0	0	0	0	2.41699	0	0	0	0	0	0	0	0	0	0	0	0	0	0	0	0	0	0	0	0	0	0	0	1.86874	0	0	0	2.4119	0	0	0	0	0	8.16381	0	0	0	0	0	0	0	0	0	0
GGB9677	0	0	0	0	2.27537	0	0	0	0	0	0	0	0	0	0	0	0	0	0	0	0	0	0	0	0	0	0	0	0	0	0	0.52818	0	0	0	0	0	0.08865	0	0.02492	0	0	0	0	0	0	0	0	0
GGB34797	0	0	0	0	1.72327	0	0	0	0	0	0	0.57315	0	0	0	0	0	0	0	0.03495	2.1391	1.0163	0	0	0	0	0	0	0	0	0	0	0	0	0	0	0	0	0	0	0	0	0	0	0	0	0	0	0
GGB9347	0	0	0	0	1.62737	0	0	0	0	0	0	0	0	0	0	0	0	0	0	0	0	0	0	0	0	0	0	0	3.15771	0	0	0	0.07115	0	0	0	0	0	1.06734	3.08965	0	0	0	0	0	0	0	0	0
GGB9469	0	0	0	0	1.31392	0	0	0	0	0	0	0	0.21999	0	0	0	0	0	0	0.30548	0	0	0	0	0	0	0	0	0	0.72	0	0	0	0	0	0.29236	0	0.93721	0	0	0	0.57376	0	0	0.11422	0.77766	0	0	0
GGB18384	0	0	0	0	1.08854	0	0	0	0	0	0	0	0	0	0	0	0	0	0	0	0	0	0	0	0	0	0	0	0	0	0	0	0	0	0	0	0	0	0	0	0	0	0	0	0	0	0	0	0
GGB4770	0	0	0	0	0.89517	0	0	0	0	0	0	0	0	0	0	0	0	0	0	0	0	0	0	0	0	0	0	0	0	0	0	0	0	0	0	0	0	0	0	0	0	0	0	0	0	0	0	0	0
GGB9288	0	0	0	0	0.80904	0	0	0	0	0	0	0	0	0	0	0	0	0	0	0	0	0	0	0	0	0	0	0	0	0	0	0	0	0	0	0	0	0	0	0	0	0	0	0	0	0	0	0	0
GGB9176	0	0	0	0	0.78555	0	0	0	0	0	0	0	0	0	0	0	0	0	0	0	0	0.26362	0.00754	0	0	0	0.12194	0	0.8027	0	0	0	0.22565	0	0.06343	0.47462	0	0	1.32714	0.88461	0	0.33996	0	0	0	0	0	0	0
GGB9173	0	0	0	0	0.72085	0	0	0	0	0	0	0	0	0	0	0	0	0	0	0	0	0	0	0	0	0	0	0	0	0	0	0	0	0	0	0	0	0	0	0	0	0	0	0	0	0	0	0	0
GGB9762	0	0	0	0	0.69908	0	0	0	0	0	0	0	0	0	0	0	0	0	0	0	0	0	0	0	0	0	0	0	0	0	0	0	0	0	0	0	0	0	0	0	0	0	0	0	0	0	0	0	0
GGB9109	0	0	0	0	0.68239	0	0	0	0	0	0	0	0	0	0	0	0	0	0	0	0	0	0	0	0	0	0	0	0	0	0	0	0	0	0	0	0	0	0	0	0	0	0	0	0	0	0	0	0
GGB3277	0	0	0	0	0.64187	0	0	0	0	0	0	0	0	0	0	0	0	0	0	0	2.55979	0	0	2.23512	0	0.83406	0	0	0	0	0	0.93793	0	0	0	0	0	0	0	0	0	0	0	0	0	1.64188	0	0	0
GGB3496	0	0	0	0	0.599	0	0	0	0	0.33464	0.1456	0	0	0	0	0	0	0	0	0	0	0	0.37533	0	0	0	0	0	0	0	0	0	0	0	0	0	0	0	0	0	0	0	0	0	0.79816	0	0	0	0
GGB9713	0	0	0	0	0.58399	0	0	0	0	1.38161	0	0	0.79438	0	0	0	0	0	0	0	0	1.85704	0	0	0	0	0	0	0	0	0	0	0.19547	0	0	0.26658	0	0.33991	0.16248	0.38915	0	0	0	0	0	0	0	0	0
Senegalimassilia	0	0	0	0	0.51649	0	0	0	0	0	0	0	0	0	0	0	0	0.05996	0	0	0	0	0	0	0	0	0	0	0.02013	0	0	0	0	0	0	0	0	0	0	0	0	0	0	0	0	0	0	0	0
GGB9278	0	0	0	0	0.45869	0	0	0	0	0	0	0	0	0	0	0	0	0	0	0	0	0	0	0	0	0	0	0	0	0	0	0	0	0	0	0	0	0	0	0	0	0	0	0	0	0	0	0	0
GGB9746	0	0	0	0	0.45184	0	0	0	0	0	0	0	0	0	0	0	0	0	0	0	0	0	0	0	0	0	0	0	0	0	0	0	0	0	0	0	0	0	0	0	0	0	0	0	0	0	0	0	0
GGB9350	0	0	0	0	0.43224	0	0	0	0	0.50362	0	0	0	0	0	0	0	0	0	0	0	0	0	0	0	0	0	0	0	0	0	0	0.03695	0	0.60858	0	0	0	0.08633	0	0	0.02896	0	0	0	0	0.27767	0	0
GGB4552	0	0	0	0	0.40453	0	0	0	0	0	0	0	0	0	0	0	0	0	0	0	0	0	0	0	0	0	0	0	0	0	0	0.02608	0	0	0	0	0	0	0	0	0	2.16177	0	0	0	0	0.58465	0	0
GGB9747	0	0	0	0	0.35619	0	0	0	0.12713	0	0	0	0	0	0	0	0	0	0	0	0	0	0	0	0	0	0	0	0.09307	0	0	0	0.0629	0	2.93693	0	0	0	0	0	0	0	0	0	0	0	0	0	0
GGB9642	0	0	0	0	0.34846	0	0	0	0	0	0	0	0	0	0	0	0	0	0	0	0	0	0	0	0	0	0	0.20811	0.28965	0	0	0	0	0	0	0	0	0	0	0	0	0	0.17823	0	0	0	0	0	0
GGB38716	0	0	0	0	0.29337	0	0	0	0	0	0	0	0	0	0	0	0	0	0	0	0	0	0	0	0	0	0	0	0	0	0	0	0	0	0	0	0	0	0	0	0	0	0	0	0	0	0	0	0
GGB9453	0	0	0	0	0.28176	0	0	0	0	0.0546	1.69295	0	0	0	0	0	0	0	0	0	0.0125	0.27725	0	0	0	0	0.09617	0	0	0.07359	0	0	1.26631	0	0	0	0.56053	0	0	0.03468	0	0.01904	0	0	0	0	0	0	0
GGB9769	0	0	0	0	0.27722	0	0	0	0	0	0	0	0	0	0	0	0	0	0	0	0	0	0	0	0	0	0	0	0	0	0	0	0	0	0	0	0	0	0	0	0	0	0	0	0	0	0	0	0
GGB9361	0	0	0	0	0.26156	0	0	0	0	0	0	0	0	0	0	0	0	0	0	0	0	0	0	0	0	0	0	0	0	0	0	0.02679	1.90155	0	0	0	0	0	0	0	0.08151	0	0	0	0	0	0	0	0.51502
GGB33469	0	0	0	0	0.2417	0	0	0	0	0.11705	0	0	0	0	0.16378	0	0	0.04581	0	0	0.00785	0	0	0	0	0	0	0	0	0	0	0	0.03118	0	0.11131	0.17055	0	0	0.19035	0	0	0.27993	0	0	0	0	0	0	0
Anaeromassilibacillus	0	0	0	0	0.23581	0	0	0	0	0.02401	0.15559	0	0	0	0	0	0	0	0	0	0	0	0	0	0	0	0	0	0	0	0	0	0	0	0	0	0	0.07312	0	0	0	0	0	0	0	0	0	0	0
GGB9635	0	0	0	0	0.23302	0	0	0	0	0	4.10735	0	1.64906	0	0	0	0	0	0	0	0	0	0	0	0	0	0	0	0	0	0	0	0	0	0	0	0	0	0.05283	0	0	0	0	0	0	0	0	0	0
GGB9243	0	0	0	0	0.23234	0	0	0	0	0	0	0	0	0	0	0	0	0	0	0	0	0	0	0	0	0	0	0	0	0	0	0	0.08861	0	0	0	0	0	0	0	0	0	0	0	0	0	0	0	0
GGB9627	0	0	0	0	0.18984	0	0	0	0	0.16193	0	0	0	0	0	0	0	0	0	0	0	0	0	0	0	0	0	0	0	0	0	0.14115	0	0	0	0	0	0	0	0	0	0	0	0	0	0	0	0	0
GGB3480	0	0	0	0	0.17697	0	0	0	0	0.78461	0	0	0	0	0	0	0	0	0	0	0	0	0	0	0	0	0	0	0	0.15637	0	0	0.07584	0	0.03368	0	0	0	0.37498	0	0.09899	0	0	0	0	0	0	0	0.09798
GGB9591	0	0	0	0	0.17093	0	0	0	0	0	0	0	0	0	0	0	0	0	0	0	0	0	0	0	0	0	0	0	0	0	0	0	0	0	0	0	0	0	0	0	0	0	0	0	0	0	0	0	0
Massilimicrobiota	0	0	0	0	0.16662	0	0	0	0	0	3.30941	0	0.17519	0	0	0.03467	0	0	0.06136	0	0	0.097	0.01188	0	0	0	0.12432	0	0	0	0.0562	0	0	0	0	0	0	0	0	0	0	0	0	0	0	0	0	0	0
GGB9291	0	0	0	0	0.15035	0	0	0	0	0	0	0	0.00738	0	0	0	0	0	0	0	0	0.11432	0	0	0	0	0	0	0.49709	0	0	0	0	0	0	0	0	0	0	0	0	0	0	0	0	0	0	0	0
GGB1661	0	0	0	0	0.13912	0	0	0	0	0	0	0	0	0	0	0	0	0	0	0	0	0.81968	0	0	0	0	0	0	0	0	0	0	0	0	0.24591	0.45915	0	0.04049	0.03641	0	0	0	0	0	0	0	0	0	0
GGB9290	0	0	0	0	0.13817	0	0	0	0	0	0	0	0	0	0	0	0	0	0	0	0	0	0	0	0	0	0	0	0	0	0	0	0	0	0.21509	0	0	0	0	0	0	0	0	0	0	0	0	0	0
Eubacterium	0	0	0	0	0.1241	1.16171	0.03855	0	1.95432	0	0	0.54977	0	0	0	0.32215	0	0	0	0	0.00918	0	0.03462	0.25728	0	0.18158	0.08085	0.21765	0.00886	1.03432	0	0	0	0.22697	0.16951	0.01574	0.0513	0.71877	0	0.21378	1.16565	0.05573	0.85102	0	0	0.29847	0	0.54705	0
Ellagibacter	0	0	0	0	0.12206	0	0	0	0	0	0	0	0	0	0	0	0	0	0	0	0	0	0	0	0	0	0	0	0	0	0	0	0	0	0.11726	0	0	0	0	0	0	0	0	0	0	0	0	0	0
GGB9767	0	0	0	0	0.11957	0	0	0	0	0	0	0	0	0	0	0	0	0	0	0	0.50918	0	0	0	0	0	0	0	0	0	0	0	0	0	0	0.72093	0	0	0.02107	0	0	0	0	0	0	0	0	0	0
GGB9551	0	0	0	0	0.10617	0	0	0	0	0	0	0	0	0	0	0	0	0	0	0	0	0.0123	0	0	0	0	0	0	0	0	0	0	0	0	0.05924	0	0	0	0	0	0	0	0	0	0	0	0	0	0
Faecalibacillus	0	0	0	0	0.10387	0	0	0	0	0.40075	0	0.33938	0	0	0	0	0.03087	0	0	0	0	0	0	0	0	0	0	0	0	0	0	0	0.20492	0	0.32924	0.24083	0	0	0	0	0	0	0	0.22523	0	0	0	0	0
GGB9602	0	0	0	0	0.09867	0	0	0	0	0	0	0	0	0	0	0	0	0	0	0	0	0.1408	0.67577	0	0	0	0	0	0	0	0	0	0	0	2.66531	0	0	0	0.08873	0	0	0	0	0	0	0	0	0	0
GGB9186	0	0	0	0	0.09824	0	0	0	0	0	0	0	0	0	0	0	0	0	0	0	0	0	0	0	0	0	0	0	0	0	0	0	0	0	0	0	0	0	0	0	0	0	0	0	0	0	0	0	0
GGB9759	0	0	0	0	0.09226	0	0	0	0	0	0	0	0	0	0	0	0	0	0	0	0	0	0	0	0	0	0	0	0	0	0	0	0	0	0.12059	0	0	0	0	0	0	0	0	0	0	0	0	0.41101	0
Methanomassiliicoccus	0	0	0	0	0.08212	0	0	0	0	0	0	0	0	0	0.59945	0	0	1.15592	0	0	0	0.14588	0	0	0	0	0.19724	0	0	0	0	0	0	0	0	0	0	0	0	0	0	0.76018	0	0	0	0	0.71215	0	0
GGB9701	0	0	0	0	0.07115	0	0	0	0	0	0	0	0	0	0	0	0	0	0	0	0	0	0	0	0	0	0	0	0	0	0	0	0	0	0	0	0	0	0	0.21063	0	0	0	0	0	0	0	0	0
Pseudoflavonifractor	0	0	0	0	0.06906	0	0	0	0	0	0.94148	0	0	0	0	0	0	0	0.57688	0	0	0	0	0	0	0	0	0	0	0	0	0.03444	0	0.04457	0	0	0	0	0	0	0	0.0503	0	0	1.35425	0	0	0	0
Lacticaseibacillus	0	0	0	0	0.06373	0	0	0	0	0	0	0	0	0	0.0079	0	0	0.04214	0	0	0	0	0	0	0	0	0	0	0	0	0	0	0	0	0	0	0	0	0	0	0	0	0	0	0	0	0	0.11004	0.01889
GGB1408	0	0	0	0	0.05991	0	0	0	0	0	0	0	0	0	0	0	0	0	0	0	0	0	0	0	0	0	0	0	0	0	0	0	0	0	0	0	0	0	0	0	0	0	0	0	0	0	0	0	0
GGB1691	0	0	0	0	0.05601	0	0	0	0	0	0	0	0	0	0	0	0	0	0	0	0	0	0	0	0	0	0	0	0	0	0	0	0	0	0	0	0	0	0	0	0	0	0	0	0	0	0	0	0
Duodenibacillus	0	0	0	0	0.04575	0	0	0	0	0	0	0	0.53445	1.02999	0	0	0	0	0	0	0	0	0	0	0	0	0	0	0	0	0	0	0	0	0	0	0	0	0	0	0	0	0	0	0	0	0	0	0
Paratractidigestivibacter	0	0	0	0	0.04532	0	0	0	0	0	0	0	0	0	0	0	0	0	0	0	0	0	0	0	0	0	0	0	0	0	0	0	0	0	0	0.00334	0	0	0.02402	0	0	0	0	0	0	0	0	0	0
GGB9781	0	0	0	0	0.04096	0	0	0	0	0	0	0	0	0	0	0	0	0	0	0	0	0.04863	0	0	0	0	0	0	0.01943	0	0	0	1.04523	0	0	0	0	0	0	0	0	0	0	0	0	0	0.04612	0	0
Actinomyces	0	0	0	0	0.03829	0	0	0	0	0	0	0	0	0	0	0	0	0	0	0	0	0	0	0	0.11348	0	0	0	0	0	0	0	0	0	0	0	0.05108	0	0	0	0	0	0	0	0	0	0	0.00394	0
Butyricicoccus	0	0	0	0	0.03388	0	0	0	0.21636	0.1396	0	0	0	0	0	0	0.36208	0	0	0	0	0	0	0.41452	0	0	0	0	0	0	0	0	0	0	0	0	0	0	0	0	0.08827	0	0	1.48517	0	0	0	0.19784	0
GGB4605	0	0	0	0	0.03097	0	0	0	0	0	0	0	0	0	0	0	0	0	0	0	0	0	0	0	0	0	0	0	0	0	0	0	0	0	0.1722	0	0	0	0	0	0	0	0	0	0	0	0	0	0
GGB1689	0	0	0	0	0.02815	0	0	0	0	0	0	0	0	0	0	0	0	0	0	0	0	0	0	0	0	0	0	0	0	0	0	0	0	0	0	0	0	0	0	0	0	0	0	0	0	0	0	0	0
Massilistercora	0	0	0	0	0.02771	0	0	0	0	0	0	0	0	0	0	0	0	0	0	0	0	0	0	0	0	0	0	0	0	0	0	0	8.10509	0	0	0	0	0	0	0	0	0	0	0	0	0	0.08327	0	0
GGB9765	0	0	0	0	0.02523	0	0	0	0	0	0	0	0	0	0	0	0	0	0	0	0.039	0.07624	0	0	0	0	0	0	0	0	0	0	0.06839	0	0.07806	0	0	0	0	0.03581	0	0	0	0	0	0	0	0	0
Erysipelotrichaceae_unclassified	0	0	0	0	0.02399	0	0	0	0	0	1.81573	0	0	0	0	0	0	0	0	0	0	0	0	0	0	0	0.00202	0	0	0	0	0	0	0.0036	0	0	0	0	0	0	0	0	0	0	0	0	0	0	0
GGB9434	0	0	0	0	0.02303	0	0	0	0	0	0	0	0	0	0	0	0	0	0	0	0	0	0	0	0	0	0	0	0	0	0	0	0	0	0	0	0	0	0	0	0	0	0	0	0	0	0	0	0
GGB1146	0	0	0	0	0.02267	0	0	0	0	0	0	0	0	0	1.14856	0	0	0.76438	0	0	0	0	0	0	0	0	0	0	0	0	0	0	0	0	3.75157	0	0	0	4.51895	0	0	0	0	0	0	0	0	0	0
GGB9724	0	0	0	0	0.02161	0	0	0	0	0	0.69094	0	0	0	0	0	0	0	0	0	0	0.07263	0	0	0	0	0	0	0	0	0	0.13691	0	0	0	0	0	0	0	0.01312	0	0	0	0	0	0	0	0	0
Mogibacterium	0	0	0	0	0.01951	0	0.63112	0	0	0.00614	0	0	0	0	0.06917	0	0	0.02272	0	0	0.04463	0	0	0	0.00911	0	0	0	0.33806	0	0	0	0	0	0	0.43597	0	0	0.15514	0	0.09911	0.14171	0	0	0	0	0.22637	0	0.54037
GGB9618	0	0	0	0	0.01783	0	0	0	0	0	0	0	0	0	0	0	0	0	0	0	0	0	0	0	0	0	0	0	0	0	0	0	0	0	0	0	0	0	0.20588	0	0	0	0	0	0	0	0	0	0
Christensenellaceae_unclassified	0	0	0	0	0.01736	0	0	0	0	0	0	0	0	0	0	0	0	0	0	0	0	0	0	0	0	0	0	0	0	0	0	0	0	0	0	0	0	0	0.01844	0	0	0	0	0	0	0	0	0	0
GGB1421	0	0	0	0	0.01666	0	0	0	0	0	0	0	0	0	0	0	0	0	0	0	0	0	0	0	0	0	0	0	0	0	0	0	0	0	0	0	0	0	0	0	0	0	0	0	0	0	0	0	0
GGB2652	0	0	0	0	0.01527	0	0	0	0	0	0	0	0	0	0	0	0	0	0	0	0	0	0	0	0	0	0	0	0	0	0	0	0	0	0	0	0	0	0	0	0	0	0	0	0	0	0	0	0
GGB13489	0	0	0	0	0.01117	0	0	0	0	0	0	0	0	0	0	0	0	0	0	0	0	0	0	0	0	0	0	0	0	0	0	0	0	0	0.11671	0	0	0	0.01289	0	0	0	0	0	0	0	0	0	0
GGB9667	0	0	0	0	0.01102	0	0	0	0	0	0	0.00808	0	0	0	0	0	0	0	0.11658	0	0.00768	0.10958	0	0	0	0	0.03184	0	0	0	0	0.08068	0	0	0	0	0	0	0	0	0.0194	0	0	0	0	0	0	0.02329
GGB6544	0	0	0	0	0.00783	0	0	0	0	0	0	0	0.14623	0	0	0	0	0	0	0	0.01006	0	0	0	0	0	0	0	0.15579	0	0	0	0	0	0	0.05893	0	0	1.22208	0.87131	0	0	0	0	0	0	0	0	0
Candidatus_Allobutyricicoccus	0	0	0	0	0.00779	0	0	0	0	0	0	0	0	0	0	0	0	0	0	0	0	0	0	0	0	0	0	0	0	0	0	0	0	0	0	0	0	0	0	0	0	0	0	0	0	0	0	0	0
GGB2958	0	0	0	0	0.00777	0	0	0	0	0	0	0	0	0	0	0	0	0	0	0	0	0	0	0	0	0	0	0	0.0397	0	0	0	0	0	0	0	0.07205	0	0.05743	0	0	0	0	0	0	0	0	0	0
Butyrivibrio	0	0	0	0	0.00285	0	0	0	0	0	0	0	0	0	0	0	0	0	0	0	0	0	0	0	0	0	0	0	0	0	0	0	0	0	0	0	0	0	0	0	0	0	0	0	0	0	0	0	0
GGB9646	0	0	0	0	0.00264	0	0	0	0	0	0	0	0.08528	0	0	0	0	0	0.26584	0	0	0	0	0	0	0	0	0	0	0	0	0	0	0	0	0.01522	0	0	0	0.03747	0	0	0	0	0	0	0	0.04728	0
GGB9534	0	0	0	0	0.00171	0	0	0	0	0.29565	0	0	0	0	0	0	0	0	0	0	0	0	0	0	0	0	0	0	0	0	0	0	0	0	0	0.02075	0	0	0.24057	0.06216	0	0.14047	0	0	0	0	0	0	0.30976
GGB9696	0	0	0	0	0.00128	0	0	0	0	0	0	0	0	0	0	0	0	0	0	0	0	0	0	0	0	0	0	0	0.00574	0	0	0	0	0	0	0	0	0	0	0	0	0	0	0	0	0	0	0	0
Megasphaera	0	0	0	0	0	3.84983	0	0	0.30287	0	0	0	0	0	2.49988	0	0	2.06139	0	0	0	0	0	0	0.05736	0	0	0	0	0	0	0	0	0	0	0	0	0	0	0	0	0	0	0	0	0	0	0	0
Dialister	0	0	0	0	0	2.19714	4.55431	0	4.337	3.59848	0	3.1146	0	0	0	0	1.36616	0	6.49956	0	2.73874	0	0	0	0	6.05606	0	3.14348	0.74212	0	0.73656	0	0	0	0	0	0	0	0	0	0	0	0	0	0	0	0	0	0
GGB13727	0	0	0	0	0	0.23061	0	0	0	0	0	0	0	0	0	0	0	0	0	0	0	0	0	0	0	0	0	0	0	0	0	0	0	0	0	0	0	0	0	0	0	0	0	0	0	0	0	0	0
GGB4239	0	0	0	0	0	0	6.44456	0	0	0	0	0	0	0	0	0	0	0	0	0	0	1.9646	0	0	0	0	2.56877	0	0	0	0	0	2.73188	0	0	0	0	0	0	0	0	0.03488	0	0	0	0	0	0	0
Faecalitalea	0	0	0	0	0	0	3.68994	0	0	0	0	0	0	0	4.59111	0	0	7.04158	0	0	0.85176	0	0	0	0	0	0	0.34008	0	0	0	0.10632	0	0	0.12808	0	0	0	0	0	0	0	0	0	0	0	0	0	0
GGB1266	0	0	0	0	0	0	0.38212	0	0	0.8451	0	6.77451	0	0	0	0	0	0	0	0	0.07475	0	0	0	0	0	0	0	0	0	0	0.3532	1.0611	0	0	0	0	0	0	0	0	0.3768	0	0	0	0	0	0	0
GGB51139	0	0	0	0	0	0	0.32745	0	0	0	0	0	0	0	0	0	0	0	0	0	0	0	0	0	0	0	0	0	0	0	0	0	0	0	0	0	0.17894	0.05186	0	0	0	0	0	0	0	0	0	0	0
GGB3321	0	0	0	0	0	0	0.30197	0	0	0	0	0	0	0	0	0	0	0	0	0	0	0	0	0	0	0	0	0	0	0	0	0	0	0	0	0.43654	0	0	0.11672	0	0	0	0	0	0	0	0	0	0
Hydrogeniiclostidium	0	0	0	0	0	0	0.08243	0	0	0	0	0	0	0	0	0	0	0	0	0	0.10142	0	0	0	0	0	0	0	0	0	0	0	0	0	0	0	0	0	0	0	0	0	0	0	0	0	0	0	0
GGB1096	0	0	0	0	0	0	0.08154	0	0	0	0	0	0	0	0	0	0	0	0	0	0	0	0	0	0	0	0	0	0	0	0	0.33961	0	0	0	0	0	0	0	0	0	0	0	0	0	0	0	0	0
Christensenella	0	0	0	0	0	0	0.0351	0	0	0	0	0	0	0	0	0	0	0	0	0	0.01483	0	0	0	0	0	0.02232	0	0.0248	0	0	0	0.00721	0	0	0	0	0	0	0	0	0.02578	0	0	0	0	0	0	0
GGB9513	0	0	0	0	0	0	0	0.06245	0	0	0	0	0	0	0	0	0	0	0.97475	0	0	0	0	0	0	0	0	0	0	0	0	0	0	0	0	0	1.67488	0.53027	0	0	0	0	0	0	0	0	0	0	0
Oscillibacter	0	0	0	0	0	0	0	0	3.88539	0.4679	0	0.17695	0	0	0.2758	0	0	0.20535	0.09861	0	0.41951	0.03172	0	1.80806	0	0	0	0	0	0	0	0	0	0	0	0	0	0	0.67618	0	0	0	0	0	0.04406	1.20583	0	1.31082	2.60361
GGB3278	0	0	0	0	0	0	0	0	0.89196	0	0	0	0	0	0	0	0	0	0	0	0	0	0	0	0	0	0	0	0	0	0	0	0	0	0	0	0	0	0	0.31845	0	0	0	0	0	0	0	0	0
Waltera	0	0	0	0	0	0	0	0	0.68885	0	0	0	0	0	1.42006	0	0	0.36269	0	0.16202	0	0	0	0	0	0	0	0	0	0	0	0.27045	0	0	0	0	0	0	0.46744	0	0	0	0	0	0	0	0	0	0
Faecalicatena	0	0	0	0	0	0	0	0	0.32642	0	0	0.00627	0.56541	0	0	0	0	0	0	0	0	0	0	0.78128	0	0.13638	0	0	0	0	0	0	0.02515	0	0	0	0	0	0	0	0	0.00583	0	1.60858	0	0.07423	0	0	0
Romboutsia	0	0	0	0	0	0	0	0	0.19794	0	0	0	0	0	0.01847	0	0	0.08354	0	0	0.26629	0	0	0	0.29261	0	0	0	0	0	0	0	0.02614	0	0	0	0	0	0	0	0	0	0	0	0	0	0	0	0
Haemophilus	0	0	0	0	0	0	0	0	0.17581	0	0	0	0	0	0	0	0	0	0	0	0	0	0	0.09157	0	0	0	0	0	0	0	0	0	0	0	0	0	0	0	0	0	0	0	0	0.11538	0	0	0.13983	0
GGB9697	0	0	0	0	0	0	0	0	0.16607	0	0	0	0	0	0	0	0	0	0	0	0	0	0	0	0	0	0	0	0	0	0	0	0	0	0	0	0	0	0	0	0	0	0	0	0	0	0	0	0
GGB33928	0	0	0	0	0	0	0	0	0.16488	0	0	0	0	0	0	0	0	0	0	0	0	0	0	0	0	0	0	0	0	0	0	0	0	0	0	0	0	0	0	0	0	0	0	0	0	0	0	0	0
GGB9730	0	0	0	0	0	0	0	0	0.14193	0	0	0	0.65066	0	0	0	0	0	0	0	0	0	0	0.04447	0	0	0	0	0	0	0	0	0	0	0	0	0	0	0	0.05243	0.22757	0	0	0	0	0	0	0	0
GGB9616	0	0	0	0	0	0	0	0	0.11032	0	0	0	0	0	0	0	0	0	0	0	0	0	0	0	0	0	0	0	0	0	0	0	0	0	0	0	0	0	0	0	0	0	0	0	0	0	0	0	0
GGB9614	0	0	0	0	0	0	0	0	0.07286	0	0	0	0	0	0	0	0	0	0	0	0	0	0	0.04245	0	0	0	0	0	0	0	0	0	0	0	0	0	0	0	0	0	0	0	0	0	0	0	0	0
GGB4456	0	0	0	0	0	0	0	0	0.05457	0	0	0	0	0	0	0	0	0	0	0	0	0	0	0	0	0	0	0	0	0	0	0	0	0	0	0	0	0	0	0	0	0	0	0	0	0	0	0	0
GGB9491	0	0	0	0	0	0	0	0	0.02993	0	0	0	0	0	0	0	0	0	0	0	0	0	0	0	0	0	0	0	0	0	0	0	0	0	0	0	0	0.01525	0	0	0	0	0	0	0	0	0	0	0
GGB3288	0	0	0	0	0	0	0	0	0.01508	0	0	0	0	0	0	0	0	0	0	0	0	0	0	0	0	0	0	0	0	0	0	0	0	0	0	0	0	0	0	0	0	0	0	0	0	0	0	0	0
GGB3167	0	0	0	0	0	0	0	0	0	1.44161	0	0	0	0	0	0	0	0	0	0	0	0	0	0	0	0	0	0	0	0	0	0	0	0	0	0.25669	0	0.73368	0	0	0	0.54767	0	0	0.59259	0	0	0.1451	0
GGB3002	0	0	0	0	0	0	0	0	0	1.21539	0	0	0	0	0	0	0	0	0	0	0	0	0	0	0	0	0	0	0	0	0	0	0	0	0	0	0.04673	0.22817	0	0	0	0.00947	0	0	0	0	0	0	0
GGB9712	0	0	0	0	0	0	0	0	0	1.09002	0	0	0	0	0	0	0	0	0	0	0.32129	0	0	0	0	0	0	0	0.4202	0	0	0	0.09746	0	0	0	0	0	0.52568	0.18017	0	0	0	0	0	0	0	0	0
GGB3363	0	0	0	0	0	0	0	0	0	0.75715	0	0.70524	0	0	0	0	0.21819	0	0	0	0	0	0	0.51486	0	0.09473	0	0.1572	0	0.05478	0	0.00741	0	0	0	0	0	0.57332	0	0	0	0	0	0	0	0	0	0	0
GGB9343	0	0	0	0	0	0	0	0	0	0.47234	0	0	0	0	0	0	0	0	0	0	0	0.63955	0	0	0	0	1.12405	0	0	0	0	0	0	0	0.15856	0	0	0	0	0	0	0.32393	0	0	0	0	0.272	0	0
Paraprevotella	0	0	0	0	0	0	0	0	0	0.45699	0	0	0	0.16239	0.44351	0.01739	0	0.36741	0	0	0	0	0	1.02586	0	0	0	0	0	0	0	0	0	0	0.21507	0.04834	0	0	0.08709	0.0214	1.58498	0	0.37474	0.39752	0	0	0.06569	0	0
GGB29535	0	0	0	0	0	0	0	0	0	0.18501	0	0	0	0	0	0	0	0	0	0	0	0	0	0	0	0	0	0	0	0	0	0	0	0	0	0	0	0	0	0	0	0	0	0	0	0	0	0	0
Candidatus_Gastranaerophilales_unclassified	0	0	0	0	0	0	0	0	0	0.13323	0	0	2.4763	0	0	0	0	0	0	0	0	0	0.00493	0	0	0	0	0	0	0	0	0	0	0	1.142	0.01742	0	0	0.27614	0	0	0.16201	0	0	0	0	0	0	0
GGB9775	0	0	0	0	0	0	0	0	0	0.09856	0	0	0	0	0	0	0	0	0	0.00747	0	0	0	0	0	0	0	0	0	0	0	0	0	0	0	0	0	0	0	0.0202	0	0	0	0	0	0	0	0	0
GGB9501	0	0	0	0	0	0	0	0	0	0.07992	0	0	0	0.1586	0	0.03437	0	0	0	0	0.07089	0	0	0	0	0	0	0	0	0	0	0	0	0	0	0	0	0	0	0.01961	0	0	0	0	0.00821	0	0	0	0.06295
GGB9198	0	0	0	0	0	0	0	0	0	0.07598	0	0	0	0	0	0	0	0	0	0	0	0	0	0	0	0	0	0	0	0	0	0	0	0	0	0	0	0	0	0	0	0	0	0	0	0	0	0	0
GGB9695	0	0	0	0	0	0	0	0	0	0.05731	0	0	0	0	0	0	0	0	0	0	0	0	0	0	0	0	0	0	0	0	0	0	0.13344	0	0	0	0	0	0	0	0	0	0	0	0	0	0	0	0
Candidatus_Woodwardibium	0	0	0	0	0	0	0	0	0	0.05499	0.00226	0	0	0	0	0	0	0	0	0	0	0	0	0	0	0	0.07337	0	0	0	0	0	0.26078	0	0	0	0	0	0.08219	0.0692	0	0.4986	0	0	0	0	0.17239	0	0
Faecalimonas	0	0	0	0	0	0	0	0	0	0.052	0	0	0	0	0	0	0	0	0.09978	0	0	0	0	0.09882	3.60009	0	0	0	0	0	0.15671	0	0	0.30895	0	0	0	0	0	0	0.85929	0	0	0	0	0	0	0.10644	0
Candidatus_Alangreenwoodia	0	0	0	0	0	0	0	0	0	0.0487	0	0	0	0	0	0	0	0	0	0	0	0	0	0	0	0	0	0	0	0	0	0	0	0	0	0	0	0	0	0	0	0	0	0	0	0	0	0	0
GGB4555	0	0	0	0	0	0	0	0	0	0.04476	0	0	0	0	0	0	0	0	0	0	0	0	0	0	0	0	0	0	0	0	0	0	0	0	0	0	0	0	0	0	0	0	0	0	0	0	0	0	0
GGB9739	0	0	0	0	0	0	0	0	0	0.04192	0	0	0	0	0	0	0	0	0	0	0	0	0	0	0	0	0	0	0	0	0	0	0	0	0	0	0	0	0	0	0	0	0	0	0	0	0	1.67302	0
GGB9412	0	0	0	0	0	0	0	0	0	0.04179	0	0	0	0	0	0	0	0	0	0	0.75444	1.04539	0	0	0	0	0	0	0.05541	0	0	0	1.50013	0	0	0	0	0	0	0.16798	0	0	0	0	0	0	0	0	0
GGB3061	0	0	0	0	0	0	0	0	0	0.03162	0	0	0	0	0	0	0	0	0	0	0.01144	0	0	0	0	0	0	0	0	0	0	0	0	0	0	0	0	0	0	0	0	0.0112	0	0	0	0	0	0	0
GGB9694	0	0	0	0	0	0	0	0	0	0.01553	0	0	0	0	0	0	0	0	0	0	0	3.54636	0	0	0	0	5.73107	0	0	0	0	0	3.50425	0	0.0041	0.09309	0	0	0	0.02621	0	3.08791	0	0	0	0	3.81801	0	0
GGB3724	0	0	0	0	0	0	0	0	0	0.01189	0	0.01308	0	0	0	0	0	0	0	0	0	0	0	0	0	0	0	0	0	0	0	0	0	0	0	0	0	0	0	0	0	0	0	0	0	0	0	0	0
GGB2980	0	0	0	0	0	0	0	0	0	0.00399	0	0	0	0	0	0	0	0	0	0	0	0	0	0	0	0	0	0	0	0	0	0	0.12522	0	0	0	0	0.007	0	0	0	0	0	0	0	0	0.01314	0	0
GGB47687	0	0	0	0	0	0	0	0	0	0	7.30543	0	0	0	0	0	0	0	0	0	0	0.54793	0	0	0	0	0	0	0	0	0	0	0	0	0.03243	0.03035	0	0	0	0	0	0	0	0	0	0	0	0	0
GGB9454	0	0	0	0	0	0	0	0	0	0	1.77113	0	0	0	0	0	0	0	0	0	0	0	0	0	0	0	0	0	0	0	0	0	0	0	0	0	0	0	0	0	0	0	0	0	0	0	0	0	0
Coprobacter	0	0	0	0	0	0	0	0	0	0	0.7621	0.20809	0.3441	0	0	0	0	0	0	0	0	0	0	0	0	0	0	0	0	0	0	0	0	0	0	0	0	0	0	0	1.19875	0	0.86224	0	0	0	0.16936	0	0
Sellimonas	0	0	0	0	0	0	0	0	0	0	0.72567	0	0	0.02473	0	0.03834	0	0	0	0	0.05834	0	0	0	0	0.09437	0	0	0	0	0	0	0	0	0	0	0	0	0	0	0	0	0	0	0	0.40316	0	0	0
GGB3463	0	0	0	0	0	0	0	0	0	0	0.4944	0	0	0	0	0	0	0	0	0	0	0	0	0	0	0	0	0	0	0	0	0	0	0	0	0	0	0	0	0	0	0	0	0	0.05887	0	0	0	0
GGB3534	0	0	0	0	0	0	0	0	0	0	0.44319	0	0	0	0	0	0	0	0	0	0	0	0	0	0	0	0	0	0	0	0	0	0	0	0	0	0	0	0	0	0	0	0	0	0	0	0	0	0
GGB3444	0	0	0	0	0	0	0	0	0	0	0.36031	0	0	0	0	0	0	0	0	0	0	0	0	0	0	0	0	0	0	0	0	0	0	0	0	0	0	0	0	0	0	0	0	0	0.01419	0	0	0	0
GGB52130	0	0	0	0	0	0	0	0	0	0	0.35208	0	0	0	0	0	0	0	0	0	0	0	0	0	0	0	0	0	0	0	0	0	0	0	0	0	0	0	0	0	0	0	0	0	0	0	0	0	0
GGB3678	0	0	0	0	0	0	0	0	0	0	0.24257	0	0	0	0	0	0	0	0	0	0	0	0.00806	0	0	0	0	0	0	0	0	0	0	0	0	0	0.04053	0	0	0	0	0	0	0	0	0	0	0	0
GGB9619	0	0	0	0	0	0	0	0	0	0	0.23995	0	0.03009	0	0	0	0	0	0	0	0	0	0	0	0	0	0	0	0	0	0	0	0	0	0	0	0	0	0	0	0	0	0	0	0.03686	0	0	0	0
GGB9452	0	0	0	0	0	0	0	0	0	0	0.22495	0	0	0	0	0	0	0	0	0	0	0	0	0	0	0	0	0	0	0	0	0	0	0	0	0	0	0	0	0	0	0	0	0	0	0	0	0	0
GGB9818	0	0	0	0	0	0	0	0	0	0	0.16169	0.20044	0	0	0	0	0	0	0	0	0	0.06305	0.09659	0	0	0	0	0	0	0	0	0	0	0	0	0	0	0	0	0	0	0.13748	0	0	0	0	0.00834	0	0
GGB3034	0	0	0	0	0	0	0	0	0	0	0.14061	0	0	0	0	0	0	0	0	0	0	0	0	0	0	0	0.09893	0	0	0	0	0.04283	0	0	0	0	0	0	0	0	0	0.14076	0	0	0	0.06349	0	0	0
GGB9210	0	0	0	0	0	0	0	0	0	0	0.10591	0	0	0	0.09943	0	0	0.16744	0	0.02621	0	0	0	0	0	0	0	0	0	0	0	0	0	0	0	0.16982	0	0	0	0	0	0.20327	0	0	0	0	0.01764	0	0
GGB3424	0	0	0	0	0	0	0	0	0	0	0.07873	0	0	0	0	0	0	0	0	0	0	0	0	0	0	0	0	0	0	0	0	0	0	0	0	0	0	0	0	0	0	0	0	0	0	0	0	0	0
GGB42689	0	0	0	0	0	0	0	0	0	0	0.076	0	0	0	0	0	0	0	0	0	0	0	0	0	0	0	0	0	0	0	0	0	0	0	0	0	0	0	0	0	0	0	0	0	0	0	0	0	0
GGB34900	0	0	0	0	0	0	0	0	0	0	0.02924	0	0	0	0	0	0	0	0	0	0	0	0	0	0	0	0	0	0	0	0	0	0	0	0	0	0.09047	0	0	0	0	0.03385	0	0	0	0	0	0	0
Monoglobus	0	0	0	0	0	0	0	0	0	0	0.02878	0	0	0.07246	0	0	0	0	0.09409	0	0.06296	0.23662	0	0	0	0	0	0.11752	0	0.03331	0.03364	0	0	0.06113	0	0	0.08056	0.07355	0	0	0.13513	1.36496	1.33711	0	0.02472	0	0	0	0
Massilicoli	0	0	0	0	0	0	0	0	0	0	0.01969	0	0	0	0	0	0	0	0	0	0	0	0	0	0	0	1.2805	0	0	0	0	0	0.12259	0	0	0	0	0.64441	0	0	0	0.67417	0	0	0	0	0	0	0
GGB74505	0	0	0	0	0	0	0	0	0	0	0.0148	0	0	0	0	0	0	0	0	0	0	0	0	0	0	0	0	0	0	0	0	0	0	0	0	0	0	0	0	0	0	0	0	0	0	0	0	0	0
GGB9611	0	0	0	0	0	0	0	0	0	0	0.00527	0	0	0	0	0	0	0	0	0	0	0	0	0	0	0	0	0	0	0	0	0	0	0	0	0	0	0	0	0	0	0	0	0	0	0	0	0	0
GGB1332	0	0	0	0	0	0	0	0	0	0	0	0.41328	0	0	0	0	0	0	0	0	0	0	0	0	0	0	0	0	0	0	0	0	0	0	0	0	0	0	0	0	0	0	0	0	0	0	0	0	0
GGB3265	0	0	0	0	0	0	0	0	0	0	0	0.33137	0	0	0	0	0	0	0	0	0	0	0	0	0	0	0	0	0	0	0	0	0	0	0	0	0	0	0	0	0	0	0	0	0	0	0	0	0
GGB9641	0	0	0	0	0	0	0	0	0	0	0	0.0307	0	0	0.03333	0	0	0	0	0	0	0	0	0	0	0	0	0	0	0	0	0	0	0	0	0	0.02094	0	0	0	0	0	0	0	0	0	0	0	0
Candidatus_Neoanaerotignum	0	0	0	0	0	0	0	0	0	0	0	0.00441	0	0	0	0	0	0	0	0	0	0	0	0	0	0	0	0	0	0	0	0	0	0	0	0	0	0	0	0	0	0	0	0	0	0	0	0	0
GGB5980	0	0	0	0	0	0	0	0	0	0	0	0	2.42342	0	0	0	0	0	0	0	0	0	0	0.2811	0	0	0	0	0	0	0	0	0	0	0	0	0	0	0	0	0	0	0	0	0	0	0	0	0
GGB3365	0	0	0	0	0	0	0	0	0	0	0	0	1.78422	0	0	0	0	0	0	0	0	0	0	0	0	0	0	0	0	0	0	0	0	0	0	0	0	0	0	0	0	0	0	0	0	0	0	0	0
GGB4571	0	0	0	0	0	0	0	0	0	0	0	0	0.90522	1.6117	0	1.05881	0	0	0	0	0	0	0.41877	0	0	0	0	0	0	0	0	0	0	0	2.61486	0	0	0	0	0	0	0	0	0	0	0	0	0	0
GGB9819	0	0	0	0	0	0	0	0	0	0	0	0	0.71822	0	0	0	0	0	0	0	0	0	0	0	0	0	0	0	0	0	0	0	0	0	0	0.30479	0	0	0.15702	0.05449	0	0	0	0	0	0	0	0	0
GGB4549	0	0	0	0	0	0	0	0	0	0	0	0	0.63289	0	0	0	0	0	0	0	0	0	0	0	0	0	0	0	0	0	0	0	0	0	0	0	0	0	0	0.94489	0	0	0	0	0	0	0	0	0
GGB1420	0	0	0	0	0	0	0	0	0	0	0	0	0.31782	0	0	0	0	0	0	0	0	0	0	0	0	0	0	0	0	0	0	0	0	0	0.12044	0	0	0	0	0.15006	0	0	0	0	0	0	0	0	0
GGB4683	0	0	0	0	0	0	0	0	0	0	0	0	0.24456	0	0	0	0	0	0	0	0	0	0	0	0	0	0	0	0	0	0	0	0	0	0.60048	0	0	0	0	0.76272	0	0	0	0	0	0	0	0	0
GGB47150	0	0	0	0	0	0	0	0	0	0	0	0	0.11796	0	0	0	0	0	0	0	0	0	0	0	0	0	0.63912	0	0	0	0	0	0	0	0	0	0	0	0	0	0	0	0	0	0	0	0	0	0
Candidatus_Neochristensenella	0	0	0	0	0	0	0	0	0	0	0	0	0.10727	0	0	0	0	0	0	0	0	0	0	0	0	0	0	0	0	0	0	0	0	0	0	0	0	0	0	0	0	0	0	0	0	0	0	0	0
GGB9502	0	0	0	0	0	0	0	0	0	0	0	0	0.09407	0	0	0	0	0	0	0	0	0	0	0	0	0	0	0.13168	0	0	0	0	0	0	0.02869	0	0	0	0.03775	0	0	0.07927	0.01239	0	0	0	0	0.02459	0
GGB4569	0	0	0	0	0	0	0	0	0	0	0	0	0.08945	0	0	0	0	0	0	0	0	0	0	0	0	0	0	0	0	0	0	0	1.74567	0	0.10675	12.76236	0	0	0	2.21137	0	0	0	0	0	0	0	0	0
Marvinbryantia	0	0	0	0	0	0	0	0	0	0	0	0	0.08298	0.84675	0	0.47821	0	0	0	0	0	0.0983	0	0	0	0	0	0	0	0	0	0	0	0	0	0	0	0	0	0	0	0	0	0	0	0	0	0	0
GGB2970	0	0	0	0	0	0	0	0	0	0	0	0	0.03872	0	0	0	0	0	0	0	0	0	0	0	0	0	0	0	0	0	0	0	0	0	0	0	0	0	0.01825	0	0	0	0	0	0	0	0	0	0
GGB9261	0	0	0	0	0	0	0	0	0	0	0	0	0.03429	0	0	0	0	0	0	0	0	0.20451	0	0	0	0	0	0	0	0	0	0	0.36067	0	0	0	0	0	0	0	0	0	0	0	0	0	0	0	0
GGB3032	0	0	0	0	0	0	0	0	0	0	0	0	0.02231	0	0	0	0	0	0	0	0	0	0	0	0	0	0	0	0	0	0	0	0	0	0	0	0	0	0	0	0	0	0	0	0	0	0	0	0
Drancourtella	0	0	0	0	0	0	0	0	0	0	0	0	0.01481	0	0	0	0	0	0	0	0	0	0	0	0	0	0	0	0	0	0	0	0	0	0	0	0	0	0	0	0	0	0	0	0	0	0	0	0
Victivallis	0	0	0	0	0	0	0	0	0	0	0	0	0.00171	0	0	0	0	0	0	0	0	0	0	0	0	0	0.05503	0	0	0	0	0	0	0	0	0.01266	0	0	0.5127	0.11799	0	0	0	0	0	0	0.33358	0	0
Pseudomonas	0	0	0	0	0	0	0	0	0	0	0	0	0	12.59982	0	0.08146	0	0	0	0	0	0	0	0	0	0	0	0	0	0	0	0	0	0	0	0	0	0	0	0.03259	0	0	0	0	0	0	0	0	0
GGB6006	0	0	0	0	0	0	0	0	0	0	0	0	0	4.99794	0	0.27619	0	0	0	0	0	0	0	0	0	0	0	0	0	0	0	0	0	0	0	0.0501	0	0	0	0	0	0.05511	0	0.91295	0	0	0	0	0
GGB9512	0	0	0	0	0	0	0	0	0	0	0	0	0	1.30275	0	0.24736	0	0	0	0.15668	0.78941	0	0	0	0	0	0	0	0.00463	0	0	0.15981	0.76833	0	0.52842	0.06973	0	0	0.58511	0.0584	0	0	0	0.3553	0	0	0.02612	0	1.35076
GGB42900	0	0	0	0	0	0	0	0	0	0	0	0	0	1.10677	0	0	0	0	0	0	0	0	0	0	0	0	0	0	0	0	0	0	0	0	0	0	0	0	0	0	0	0	0	0	0	0	0	0	0
GGB1153	0	0	0	0	0	0	0	0	0	0	0	0	0	0.29064	0	0.11261	0	0	0	0	0	0	0	0	0	0	0.11088	0	0	0	0	0	0	0	0	0	0	0	0	0	0	0	0	0	0	0	0	0	0
GGB9580	0	0	0	0	0	0	0	0	0	0	0	0	0	0.24273	0	0.19581	0	0	0	0	0	0	0	0	0	0	0	0	0	0	0	0	0	0	0	0	0	0	0	0	0	0	0	0	0	0	0	0	0
GGB3441	0	0	0	0	0	0	0	0	0	0	0	0	0	0.04714	0	0	0	0	0	0	0	0	0	0	0	0	0	0	0	0	0	0	0	0	0	0	0	0	0	0	0	0	0	0	0	0	0	0	0
GGB58158	0	0	0	0	0	0	0	0	0	0	0	0	0	0.00165	0	0	0	0	0	0	0	0	0	0	0	0	0	0	0	0	0	0	0	0	0	0	0	0	0	0	0	0.00154	0	0	0	0	0	0	0
Cloacibacillus	0	0	0	0	0	0	0	0	0	0	0	0	0	0	0.78627	0	0	0.95866	0	0	0.02959	0	0	0	0	0	3.1902	0	0	0	0	0	6.95961	0	0	0.03073	0	0.12343	0.80681	0.22393	0	0	0	0	0	0	1.23685	0	0
GGB1663	0	0	0	0	0	0	0	0	0	0	0	0	0	0	0.62421	0	0	0.51863	0	0	0	0	0	0	0	0	0	0	0	0	0	0	0	0	1.82384	0	0	0	0	0	0	0	0	0	0	0	0	0	0
Catenibacterium	0	0	0	0	0	0	0	0	0	0	0	0	0	0	0.12971	0	0	0.17234	0	0	0	0	0	0	0	0	0	0	0.1437	0	0	0	0	0	0	0	0	0	0	0	0	0	0	0	0	0	0	0	0
GGB3000	0	0	0	0	0	0	0	0	0	0	0	0	0	0	0.09161	0	0	0.03469	0	0	0	0.01334	0	0	0	0	0	0	0	0	0	0	0	0	0	0	0	0	0	0	0	0	0	0	0	0	0	0	0
GGB28317	0	0	0	0	0	0	0	0	0	0	0	0	0	0	0.0763	0	0	0	0	0	0	0	0	0	0	0	0	0	0	0	0	0	0	0	0	0	0	0	0	0	0	0	0	0	0	0	0	0	0
GGB4802	0	0	0	0	0	0	0	0	0	0	0	0	0	0	0.05957	0	0	0	0	0	0	0	0	0	0	0	0	0	0	0	0	0.10921	0	0	0.03858	0	0	0	0	0.02306	0	0	0	0	0	0	0	0	0
GGB9621	0	0	0	0	0	0	0	0	0	0	0	0	0	0	0.05542	0	0	0	0	0	0	0	0	0	0	0	0	0	0	0	0	0	0	0	0	0	0	0	0	0	0	0	0	0	0	0	0	0	0
GGB9380	0	0	0	0	0	0	0	0	0	0	0	0	0	0	0.05168	0	0	0	0	0	0	0	0	0	0	0	0	0	0	0	0	0	0	0	0	0	0	0	0	0	0	0	0	0	0	0	0	0	0
GGB9423	0	0	0	0	0	0	0	0	0	0	0	0	0	0	0.04239	0	0	0	0	0	0	0	0	0	0	0	0	0	0	0	0	0	0	0	0	0	0	0	0	0	0	0	0	0	0	0	0	0	0
Candidatus_Pararuminococcus	0	0	0	0	0	0	0	0	0	0	0	0	0	0	0.02639	0	0	0	0.03216	0	0.08356	0	0	0	0	0	0	0	0	0	0	0	0	0	0	0	0.0234	0	0	0	0	0.02624	0	0	0	0	0	0	0
Methanobacterium	0	0	0	0	0	0	0	0	0	0	0	0	0	0	0.01981	0	0	0.02277	0	0	0	0	0	0	0	0	0	0	0	0	0	0	0	0	0	0	0	0	0	0	0	0	0	0	0	0	0	0	0
GGB9525	0	0	0	0	0	0	0	0	0	0	0	0	0	0	0.00818	0	0	0	0	0	0	0	0	0	0	0	0	0	0	0	0	0	0	0	0	0	0	0	0	0	0	0	0	0	0	0	0	0	0
Candidatus_Cryptoclostridium	0	0	0	0	0	0	0	0	0	0	0	0	0	0	0.00758	0	0	0	0	0	0	0	0	0	0	0	0	0	0.04953	0	0	0	0	0	0	0	0	0	0	0	0	0.12407	0	0	0	0	0	0	0
Candidatus_Neoclostridium	0	0	0	0	0	0	0	0	0	0	0	0	0	0	0.00438	0	0	0	0	0	0	0.01088	0	0	0	0	0	0	0	0	0	0	0	0	0	0	0	0	0	0	0	0	0	0	0	0	0	0	0
Candidatus_Stoquefichus	0	0	0	0	0	0	0	0	0	0	0	0	0	0	0	0.00572	0	0	0	0	0	0	0	0	0	0	0	0	0	0	0	0	0	0	0	0	0	0	0	0	0	0	0	0	0	0	0	0	0
GGB3603	0	0	0	0	0	0	0	0	0	0	0	0	0	0	0	0.00108	0	0	0	0	0	0	0	0	0	0	0	0	0	0	0	0	0	0	0	0	0	0	0	0	0	0	0	0	0	0	0	0	0
GGB3281	0	0	0	0	0	0	0	0	0	0	0	0	0	0	0	0	2.54462	0	0	0	0	0	0	0	0	0	0	0	0	0	0	0	0	0	0	0	0	0	0	0	0	0	0	0	0	0	0	0	0
GGB42639	0	0	0	0	0	0	0	0	0	0	0	0	0	0	0	0	0	0	0.4888	0	0	0	0	0	0	0	0	0	0	0	0	0	0	0	0	0	0	0	0	0	0	0	0	0	0	0	0	0	0
GGB3538	0	0	0	0	0	0	0	0	0	0	0	0	0	0	0	0	0	0	0.15249	0	0	0	0	0	0	0	0	0	0	0	0	0	0	0	0	0	0	0	0	0	0	0	0	0	0.08926	0	0	0	0
GGB3817	0	0	0	0	0	0	0	0	0	0	0	0	0	0	0	0	0	0	0.13366	0	0	0	0.14976	0	0	0	0	0	0	0	0	0	0	0	0	0	0	0.07173	0	0	0	0	0	0	0.22035	0	0	0	0
GGB9523	0	0	0	0	0	0	0	0	0	0	0	0	0	0	0	0	0	0	0.06076	0	0	0	0	0	0	0	0	0	0	0	0	0	0	0	0	0	0	0	0	0	0	0.05969	0	0	0	0	0	0	0
Phocea	0	0	0	0	0	0	0	0	0	0	0	0	0	0	0	0	0	0	0.05884	0	0	0	0	0	0	0	0	0	0	0	0	0	0	0	0	0	0	0.00763	0	0	0	0	0	0.00638	0	0	0	0	0
GGB9530	0	0	0	0	0	0	0	0	0	0	0	0	0	0	0	0	0	0	0.03423	0	0.19386	0	0	0	0	0	0	0	0	0	0	0	0.17503	0	0	0	0	0	0	0	0	0	0	0	0	0	0	0	0
GGB42389	0	0	0	0	0	0	0	0	0	0	0	0	0	0	0	0	0	0	0.01782	0	0	0	0	0	0	0	0	0	0	0	0	0	0	0	0	0	0	0	0	0	0	0	0	0	0	0	0	0	0
Klebsiella	0	0	0	0	0	0	0	0	0	0	0	0	0	0	0	0	0	0	0	1.00793	0	0	0	4.07166	0	0	0	1.19995	0	0	0	0	0	0	0	0	0	0	0	0	0	0	0	0	0	0	0	0	0
GGB1627	0	0	0	0	0	0	0	0	0	0	0	0	0	0	0	0	0	0	0	0	1.07242	0	0	0	0	0	0	0	0	0	0	0	6.75269	0	0	0	0	0	0	0	0	0	0	0	0	0	0	0	0
Turicibacter	0	0	0	0	0	0	0	0	0	0	0	0	0	0	0	0	0	0	0	0	0.35516	0	0	0	0.93866	0	0	0	0	0	0	0	0.19313	0	0	0	0	0	0	0	0	0	0	0	0.13161	0	0	0	0
GGB9495	0	0	0	0	0	0	0	0	0	0	0	0	0	0	0	0	0	0	0	0	0.21038	0	0	0	0	0	0	0	0	0	0	0	0.05152	0	0.13465	0	0	0	0	0	0	0	0	0	0	0	0	0	0
Lachnotalea	0	0	0	0	0	0	0	0	0	0	0	0	0	0	0	0	0	0	0	0	0.09066	0	0	0	0	0	0	0.00454	0	0	0	0	0	0	0	0	0	0	0	0	0	0	0	0	0	0	0	0	0
GGB38987	0	0	0	0	0	0	0	0	0	0	0	0	0	0	0	0	0	0	0	0	0.08707	0	0.02749	0	0	0	0	0	0	0	0	0.00697	0	0	0	0	0	0	0	0	0	0	0	0	0	0	0	0	0
GGB32900	0	0	0	0	0	0	0	0	0	0	0	0	0	0	0	0	0	0	0	0	0.07632	0	0	0	0	0	0	0	0	0	0	0	0	0	0	0	0	0.02275	0	0	0	0	0	0	0	0	0	0	0
GGB6648	0	0	0	0	0	0	0	0	0	0	0	0	0	0	0	0	0	0	0	0	0.07108	0	0	0	0	0	0	0	0	0	0	0	0	0	0	0	0	0	0	0	0	0	0	0	0	0	0	0	0
GGB38744	0	0	0	0	0	0	0	0	0	0	0	0	0	0	0	0	0	0	0	0	0.06195	0	0	0	0	0	0	0.04798	0	0	0	0	0	0	0	0	0	0	0	0	0.01532	0	0	0	0	0	0	0	0
Lactococcus	0	0	0	0	0	0	0	0	0	0	0	0	0	0	0	0	0	0	0	0	0.05637	0	0	0	0	0	0	0	0	0	0	0	0	0	0	0	0	0	0	0	0	0	0	0	0	0	0	0	0
Massilioclostridium	0	0	0	0	0	0	0	0	0	0	0	0	0	0	0	0	0	0	0	0	0.0353	0	0	0	0	0	0	0	0	0	0	0	0	0	0	0	0.02979	0	0	0	0	0	0	0	0	0	0	0	0
GGB9561	0	0	0	0	0	0	0	0	0	0	0	0	0	0	0	0	0	0	0	0	0.03361	0	0	0	0	0	0	0	0	0	0	0	0	0	0	0	0	0	0	0	0	0	0	0	0	0	0	0	0
GGB9707	0	0	0	0	0	0	0	0	0	0	0	0	0	0	0	0	0	0	0	0	0.02803	0	0.04611	0	0	0	0	0	0	0	0	0.13137	0	0	0	0	0	0	0	0	0	0	0	0	0	0.98181	0	0	1.67125
GGB2982	0	0	0	0	0	0	0	0	0	0	0	0	0	0	0	0	0	0	0	0	0.00607	0.00128	0	0.00286	0	0	0	0	0	0	0	0	0	0	0	0	0	0.00479	0	0	0.04349	0	0	0	0	0	0	0	0.05452
GGB9334	0	0	0	0	0	0	0	0	0	0	0	0	0	0	0	0	0	0	0	0	0	5.76028	0	0	0	0	0	0	0	0	0	0	0	0	0	0	0	0	0	0	0	0	0	0	0	0	0	0	0
GGB9051	0	0	0	0	0	0	0	0	0	0	0	0	0	0	0	0	0	0	0	0	0	5.44036	0	0	0	0	0	0	0	0	0	0	0	0	0	0	0	0	0	0	0	0	0	0	0	0	0	0	0
GGB40351	0	0	0	0	0	0	0	0	0	0	0	0	0	0	0	0	0	0	0	0	0	1.43749	0.07283	0	0	0	0.53613	0	0	4.86354	0	0	0	0	0	0	0	0.15078	0	0.52837	0	15.1282	0	0	0	0	3.359	0	0
GGB105	0	0	0	0	0	0	0	0	0	0	0	0	0	0	0	0	0	0	0	0	0	0.90994	0	0	0	0	0	0	0	0	0	0	0	0	0	0	0	0	0	0	0	0	0	0	0	0	0	0	0
GGB9349	0	0	0	0	0	0	0	0	0	0	0	0	0	0	0	0	0	0	0	0	0	0.62025	0	0	0	0	0	0	0	0	0	0	0	0	0	0	0	0	0	0	0	0	0	0	0	0	0	0	0
GGB9184	0	0	0	0	0	0	0	0	0	0	0	0	0	0	0	0	0	0	0	0	0	0.455	0	0	0	0	0	0	0	0	0	0	0	0	0	0	0	0	0	0	0	0	0	0	0	0	0	0	0
GGB33544	0	0	0	0	0	0	0	0	0	0	0	0	0	0	0	0	0	0	0	0	0	0.36404	0	0	0	0	0	0	0	0	0	0	0	0	0.04902	0	0	0	0	0	0	0	0	0	0	0	0	0	0
GGB41366	0	0	0	0	0	0	0	0	0	0	0	0	0	0	0	0	0	0	0	0	0	0.30374	0	0	0	0	0	0	0	0	0	0	0	0	0	0	0	0	0	0	0	0	0	0	0	0	0	0	0
GGB2999	0	0	0	0	0	0	0	0	0	0	0	0	0	0	0	0	0	0	0	0	0	0.28682	0	0	0	0	0.12231	0	0	0	0	0	0	0	0	0	0	0	0	0	0	0	0	0	0	0	0.01717	0	0
GGB3619	0	0	0	0	0	0	0	0	0	0	0	0	0	0	0	0	0	0	0	0	0	0.22492	0	0	0	0	0	0	0	0	0	0	0	0	0.04121	0	0	0	0.06978	0.04448	0	0	0	0	0	0	0	0	0
GGB74504	0	0	0	0	0	0	0	0	0	0	0	0	0	0	0	0	0	0	0	0	0	0.20679	0	0	0	0	0	0	0	0	0	0	0	0	0	0	0	0	0	0	0	0	0	0	0	0	0	0	0
GGB6613	0	0	0	0	0	0	0	0	0	0	0	0	0	0	0	0	0	0	0	0	0	0.1648	0	0	0	0	0	0	0	0	0	0	0	0	0	0	0	0	0.20992	0.18589	0	0	0	0	0	0	0	0	0
GGB4722	0	0	0	0	0	0	0	0	0	0	0	0	0	0	0	0	0	0	0	0	0	0.1584	0	0	0	0	0	0	0	0	0	0	0	0	0	0	0	0	0	0	0	0	0	0	0	0	0	0	0
GGB5979	0	0	0	0	0	0	0	0	0	0	0	0	0	0	0	0	0	0	0	0	0	0.13649	0	0	0	0	0	0	0	0	0	0	0	0	0	0	0	0	0	0	0	0	0	0	0	0	0	0	0
GGB48165	0	0	0	0	0	0	0	0	0	0	0	0	0	0	0	0	0	0	0	0	0	0.09408	0	0	0	0	0	0	0	0	0	0	0	0	0	0	0	0	0	0	0	0	0	0	0	0	0	0	0
GGB45495	0	0	0	0	0	0	0	0	0	0	0	0	0	0	0	0	0	0	0	0	0	0.05825	0	0	0	0	0	0	0.01236	0	0	0	0	0	0	0	0	0	0	0	0	0	0	0	0	0	0	0	0
GGB48168	0	0	0	0	0	0	0	0	0	0	0	0	0	0	0	0	0	0	0	0	0	0.03769	0	0	0	0	0	0	0	0	0	0	0	0	0	0	0	0	0	0	0	0	0	0	0	0	0	0	0
GGB4593	0	0	0	0	0	0	0	0	0	0	0	0	0	0	0	0	0	0	0	0	0	0.03265	0	0	0	0	0	0.00835	0	0	0	0	0	0	0	0	0	0.02239	0	0	0	0	0	0	0	0	0	0	0
GGB34231	0	0	0	0	0	0	0	0	0	0	0	0	0	0	0	0	0	0	0	0	0	0.03161	0	0	0	0	0	0	0	0	0	0	0	0	0	0	0	0	0	0	0	0	0	0	0	0	0	0	0
GGB9582	0	0	0	0	0	0	0	0	0	0	0	0	0	0	0	0	0	0	0	0	0	0.02894	0	0	0	0	0	0	0	0	0	0	0	0	0.35292	0	0	0	0	0	0	0	0	0	0	0	0	0	0
GGB45491	0	0	0	0	0	0	0	0	0	0	0	0	0	0	0	0	0	0	0	0	0	0.02377	0	0	0	0	0	0	0	0	0	0	0.02869	0	0	0	0	0	0	0	0	0	0	0	0	0	0	0	0
GGB27848	0	0	0	0	0	0	0	0	0	0	0	0	0	0	0	0	0	0	0	0	0	0.01926	0	0	0	0	0	0	0	0	0	0	0	0	0	0	0	0	0	0	0	0	0	0	0	0	0	0	0
GGB9464	0	0	0	0	0	0	0	0	0	0	0	0	0	0	0	0	0	0	0	0	0	0	0.38202	0	0	0	0	0	0	4.82763	0	0	0	0	0	0	0	0	0	0	0	0	0	0	0	0	0	0	0
GGB3124	0	0	0	0	0	0	0	0	0	0	0	0	0	0	0	0	0	0	0	0	0	0	0.14431	0	0	0	0	0	0	0	0	0	0	0	0	0	0	0	0	0	0	0	0	0	0	0	0	0	0
Enterobacter	0	0	0	0	0	0	0	0	0	0	0	0	0	0	0	0	0	0	0	0	0	0	0.05264	0	0	0	0	0	0	0	0	0	0	0	0	0	0	0	0	0	0	0	0	0	0	0	0	0	0
GGB3345	0	0	0	0	0	0	0	0	0	0	0	0	0	0	0	0	0	0	0	0	0	0	0	0.80607	0	0	0	0	0	0	0	0	0	0	0	0	0	0	0	0	0.26307	0	0	0	0	0	0	0	0
Weissella	0	0	0	0	0	0	0	0	0	0	0	0	0	0	0	0	0	0	0	0	0	0	0	0.09796	0	0.18285	0	0	0	0	0	0	0	0	0	0	0	0	0	0	0	0	0	0	0	0	0	0	0
Rothia	0	0	0	0	0	0	0	0	0	0	0	0	0	0	0	0	0	0	0	0	0	0	0	0.02228	0	0	0	0	0	0	0	0	0	0	0	0	0	0	0	0	0	0	0	0	0.16108	0	0	0	0
Proteus	0	0	0	0	0	0	0	0	0	0	0	0	0	0	0	0	0	0	0	0	0	0	0	0	0.97369	0	0	0	0	0	0	0	0	0	0	0	0	0	0	0	0	0	0	0	0	0	0	0	0
Terrisporobacter	0	0	0	0	0	0	0	0	0	0	0	0	0	0	0	0	0	0	0	0	0	0	0	0	0.7538	0	0	0	0	0	0	0	0	0	0	0	0	0	0	0	0	0	0	0	0	0	0	0	0
Enterococcus	0	0	0	0	0	0	0	0	0	0	0	0	0	0	0	0	0	0	0	0	0	0	0	0	0.43221	0	0	0	0	0	0	0	0	0	0	0	0	0	0	0	0	0	0	0	0	0	0	0	0
GGB55957	0	0	0	0	0	0	0	0	0	0	0	0	0	0	0	0	0	0	0	0	0	0	0	0	0.26494	0	0	0	0	0	0	0	0	0	0	0	0	0	0	0	0	0	0	0	0	0	0	0	0
GGB51441	0	0	0	0	0	0	0	0	0	0	0	0	0	0	0	0	0	0	0	0	0	0	0	0	0	0.04846	0	0	0	0	0	0	0	0	0	0	0	0	0	0	0	0	0	0	0	0	0	0	0
GGB6132	0	0	0	0	0	0	0	0	0	0	0	0	0	0	0	0	0	0	0	0	0	0	0	0	0	0	0.82394	0	0	0	0	0	0	0	0	0	0	0	0	0	0	0	0	0	0	0	0.75411	0	0
Fenollaria	0	0	0	0	0	0	0	0	0	0	0	0	0	0	0	0	0	0	0	0	0	0	0	0	0	0	0.70308	0	0	0	0	0	0	0	0	0	0	0	0	0	0	0	0	0	0	0	0	0	0
GGB1456	0	0	0	0	0	0	0	0	0	0	0	0	0	0	0	0	0	0	0	0	0	0	0	0	0	0	0.48169	0	0	0	0	0	0	0	0	0	0	0	0	0	0	0	0	0	0	0	0	0	0
Mobiluncus	0	0	0	0	0	0	0	0	0	0	0	0	0	0	0	0	0	0	0	0	0	0	0	0	0	0	0.43038	0	0	0	0	0	0	0	0	0	0	0	0	0	0	0	0	0	0	0	0	0	0
Sanguibacteroides	0	0	0	0	0	0	0	0	0	0	0	0	0	0	0	0	0	0	0	0	0	0	0	0	0	0	0.41954	0	0	0	0	0	0	0	0.0649	0.05941	0	0	0.04127	0	0	0	0	0	0	0	0	0	0
GGB1215	0	0	0	0	0	0	0	0	0	0	0	0	0	0	0	0	0	0	0	0	0	0	0	0	0	0	0.22638	0	0	0	0	0	0	0	0	0	0	0	0	0	0	0	0	0	0	0	0	0	0
Ezakiella	0	0	0	0	0	0	0	0	0	0	0	0	0	0	0	0	0	0	0	0	0	0	0	0	0	0	0.20542	0	0	0	0	0	0	0	0	0	0	0	0	0	0	0	0	0	0	0	0	0	0
GGB9059	0	0	0	0	0	0	0	0	0	0	0	0	0	0	0	0	0	0	0	0	0	0	0	0	0	0	0.1983	0	0	0	0	0	0	0	0.10945	0	0	0	0	0	0	0	0	0	0	0	0	0	0
Methanosphaera	0	0	0	0	0	0	0	0	0	0	0	0	0	0	0	0	0	0	0	0	0	0	0	0	0	0	0.15371	0	0	0	0	0	0.6813	0	0	0	0	0	0	0	0	0	0	0	0	0	0	0	0
GGB45432	0	0	0	0	0	0	0	0	0	0	0	0	0	0	0	0	0	0	0	0	0	0	0	0	0	0	0.02192	0	0	0	0	0	0	0	0	0	0.01227	0	0	0	0	0.20497	0	0	0	0	0	0	0
GGB3818	0	0	0	0	0	0	0	0	0	0	0	0	0	0	0	0	0	0	0	0	0	0	0	0	0	0	0	0.15199	0	0	0	0	0	0	0	0	0	0	0	0	0	0	0	0	0	0	0	0	0
GGB9058	0	0	0	0	0	0	0	0	0	0	0	0	0	0	0	0	0	0	0	0	0	0	0	0	0	0	0	0	10.2352	0	0	0	0	0	0	0	0	0	0	0.17945	0	0	0	0	0	0	0	0	0
Pyramidobacter	0	0	0	0	0	0	0	0	0	0	0	0	0	0	0	0	0	0	0	0	0	0	0	0	0	0	0	0	5.31105	0	0	0	0	0	0	0	0	0	0	0	0	0	0	0	0	0	0	0	0
GGB9110	0	0	0	0	0	0	0	0	0	0	0	0	0	0	0	0	0	0	0	0	0	0	0	0	0	0	0	0	0.36379	0	0	0	0	0	0	0.08485	0	0	0	0	0	0	0	0	0	0	0	0	0
GGB3140	0	0	0	0	0	0	0	0	0	0	0	0	0	0	0	0	0	0	0	0	0	0	0	0	0	0	0	0	0.23157	0	0	0	0	0	0	0	0	0	0	0	0	0	0	0	0	0	0	0	0
GGB3730	0	0	0	0	0	0	0	0	0	0	0	0	0	0	0	0	0	0	0	0	0	0	0	0	0	0	0	0	0.15128	0	0	0	0.03843	0	0	0	0	0	0.01712	0	0	0	0	0.02023	0	0	0	0	0.32815
GGB9383	0	0	0	0	0	0	0	0	0	0	0	0	0	0	0	0	0	0	0	0	0	0	0	0	0	0	0	0	0.11258	0	0	0	0	0	0	0	0	0	0	0	0	0	0	0	0	0	0	0	0
Candidatus_Avimonas	0	0	0	0	0	0	0	0	0	0	0	0	0	0	0	0	0	0	0	0	0	0	0	0	0	0	0	0	0.08483	0	0	0	0	0	0	0	0	0	0	0	0	0.01169	0	0	0	0	0	0	0.05462
GGB9091	0	0	0	0	0	0	0	0	0	0	0	0	0	0	0	0	0	0	0	0	0	0	0	0	0	0	0	0	0.08257	0	0	0	0	0	0	0	0	0	0	0	0	0	0	0	0	0	0	0	0
GGB9690	0	0	0	0	0	0	0	0	0	0	0	0	0	0	0	0	0	0	0	0	0	0	0	0	0	0	0	0	0.08006	0	0	0	0	0	0	0	0	0	0	0	0	0	0	0	0	0	0	0	0
GGB9537	0	0	0	0	0	0	0	0	0	0	0	0	0	0	0	0	0	0	0	0	0	0	0	0	0	0	0	0	0.06777	0	0	0	0	0	0	0	0	0	0	0	0	0	0	0	0	0	0	0	0
GGB9545	0	0	0	0	0	0	0	0	0	0	0	0	0	0	0	0	0	0	0	0	0	0	0	0	0	0	0	0	0.01686	0	0	0	0	0	0	0	0	0	0	0	0	0	0	0	0	0	0	0	0
GGB9636	0	0	0	0	0	0	0	0	0	0	0	0	0	0	0	0	0	0	0	0	0	0	0	0	0	0	0	0	0.00996	0	0	0	0	0	0	0	0	0	0.12951	0.71083	0	0	0	0	0	0	0	0	0
GGB9509	0	0	0	0	0	0	0	0	0	0	0	0	0	0	0	0	0	0	0	0	0	0	0	0	0	0	0	0	0	0.21391	0	0	0	0	0	0	0	0	0	0	0	0	0	0	0	0	0	0	0
GGB74463	0	0	0	0	0	0	0	0	0	0	0	0	0	0	0	0	0	0	0	0	0	0	0	0	0	0	0	0	0	0.12055	0	0	0	0	0	0	0	0	0	0	0	0	0	0	0	0	0	0	0
GGB25053	0	0	0	0	0	0	0	0	0	0	0	0	0	0	0	0	0	0	0	0	0	0	0	0	0	0	0	0	0	0.02941	0	0	0	0	0	0	0	0	0	0	0	0	0	0	0	0	0	0	0
GGB3606	0	0	0	0	0	0	0	0	0	0	0	0	0	0	0	0	0	0	0	0	0	0	0	0	0	0	0	0	0	0	3.65775	0	0	0	0	0	0	0	0	0	0	0	0	0	0	0	0	0	0
GGB3548	0	0	0	0	0	0	0	0	0	0	0	0	0	0	0	0	0	0	0	0	0	0	0	0	0	0	0	0	0	0	2.84383	0	0	0	0	0	0	0	0	0	0	0	0.03002	0	0	0	0	0	0.10552
GGB9474	0	0	0	0	0	0	0	0	0	0	0	0	0	0	0	0	0	0	0	0	0	0	0	0	0	0	0	0	0	0	0.12791	0	0	0	0	0	0	0	0	0	0	0	0	0	0	0	0	0	0
Clostridioides	0	0	0	0	0	0	0	0	0	0	0	0	0	0	0	0	0	0	0	0	0	0	0	0	0	0	0	0	0	0	0.05041	0	0	0	0	0	0	0	0	0	0	0	0	0	0	0	0	0	0
GGB41473	0	0	0	0	0	0	0	0	0	0	0	0	0	0	0	0	0	0	0	0	0	0	0	0	0	0	0	0	0	0	0.04346	0	0	0	0	0	0	0	0	0	0	0	0	0	0	0	0	0	0
GGB3511	0	0	0	0	0	0	0	0	0	0	0	0	0	0	0	0	0	0	0	0	0	0	0	0	0	0	0	0	0	0	0.0071	0	0	0	0	0	0	0	0	0	0	0	0	0	0	0	0	0	0
Mediterranea	0	0	0	0	0	0	0	0	0	0	0	0	0	0	0	0	0	0	0	0	0	0	0	0	0	0	0	0	0	0	0	16.09865	0	0	0	0	0	0	0	0	0	0	0	0	0	0	0	0	0
GGB38145	0	0	0	0	0	0	0	0	0	0	0	0	0	0	0	0	0	0	0	0	0	0	0	0	0	0	0	0	0	0	0	0.51478	0	0	0	0	0	0	0	0	0	0	0	0	0	0	0	0	0
Methanomassiliicoccaceae_unclassified	0	0	0	0	0	0	0	0	0	0	0	0	0	0	0	0	0	0	0	0	0	0	0	0	0	0	0	0	0	0	0	0.16641	0	0	0	0	0	0	0	0	0	0	0	0	0	0	0	0	0
GGB36267	0	0	0	0	0	0	0	0	0	0	0	0	0	0	0	0	0	0	0	0	0	0	0	0	0	0	0	0	0	0	0	0.10451	0	0	0	0	0	0	0	0.49825	0	0	0	0	0	0	0	0	0
GGB3722	0	0	0	0	0	0	0	0	0	0	0	0	0	0	0	0	0	0	0	0	0	0	0	0	0	0	0	0	0	0	0	0.03278	0	0	0	0	0	0	0	0	0	0	0	0	0	0	0	0	0
Tyzzerella	0	0	0	0	0	0	0	0	0	0	0	0	0	0	0	0	0	0	0	0	0	0	0	0	0	0	0	0	0	0	0	0	0.3414	0	0.23378	0	0	0	0	0.22506	0.04835	0	0	0	0	0	0	0	0
Mordavella	0	0	0	0	0	0	0	0	0	0	0	0	0	0	0	0	0	0	0	0	0	0	0	0	0	0	0	0	0	0	0	0	0.12929	0	0	0	0	0	0	0	0	0	0	0	0	0	0	0	0
GGB1093	0	0	0	0	0	0	0	0	0	0	0	0	0	0	0	0	0	0	0	0	0	0	0	0	0	0	0	0	0	0	0	0	0.04407	0	0	0	0	0	0	0	0	0	0	0	0	0	0	0	0
GGB2987	0	0	0	0	0	0	0	0	0	0	0	0	0	0	0	0	0	0	0	0	0	0	0	0	0	0	0	0	0	0	0	0	0.04329	0	0	0	0	0	0	0	0	0	0	0	0.22082	0	0	0	0
GGB32033	0	0	0	0	0	0	0	0	0	0	0	0	0	0	0	0	0	0	0	0	0	0	0	0	0	0	0	0	0	0	0	0	0	1.18093	0	0	0	0	0	0	0	0	0	0	0	0	0	0	0
GGB3175	0	0	0	0	0	0	0	0	0	0	0	0	0	0	0	0	0	0	0	0	0	0	0	0	0	0	0	0	0	0	0	0	0	0.09969	0	0	0	0	0.31838	0	0	0	0	0	1.14816	0	0	0	0
GGB1354	0	0	0	0	0	0	0	0	0	0	0	0	0	0	0	0	0	0	0	0	0	0	0	0	0	0	0	0	0	0	0	0	0	0	1.41274	0	0	0	0	0	0	0	0	0	0	0	0	0	0
GGB9813	0	0	0	0	0	0	0	0	0	0	0	0	0	0	0	0	0	0	0	0	0	0	0	0	0	0	0	0	0	0	0	0	0	0	1.21434	0	0	0	0	0	0	0	0	0	0	0	0	0	0
GGB3754	0	0	0	0	0	0	0	0	0	0	0	0	0	0	0	0	0	0	0	0	0	0	0	0	0	0	0	0	0	0	0	0	0	0	0.49543	0	0	0	0	0	0	0	0	0	0	0	0	0	0
Megamonas	0	0	0	0	0	0	0	0	0	0	0	0	0	0	0	0	0	0	0	0	0	0	0	0	0	0	0	0	0	0	0	0	0	0	0.20049	0	0	0	0	0	0	0	0	0	0	0	0	0	0
GGB4632	0	0	0	0	0	0	0	0	0	0	0	0	0	0	0	0	0	0	0	0	0	0	0	0	0	0	0	0	0	0	0	0	0	0	0.11533	0	0	0	0	0	0	0	0	0	0	0	0	0	0
GGB3344	0	0	0	0	0	0	0	0	0	0	0	0	0	0	0	0	0	0	0	0	0	0	0	0	0	0	0	0	0	0	0	0	0	0	0.10009	0	0	0	0	0	0	0	0	0	0	0	0	0	0
GGB9674	0	0	0	0	0	0	0	0	0	0	0	0	0	0	0	0	0	0	0	0	0	0	0	0	0	0	0	0	0	0	0	0	0	0	0.06766	0	0	0	0	0	0	0	0	0	0	0	0	0	0
GGB6512	0	0	0	0	0	0	0	0	0	0	0	0	0	0	0	0	0	0	0	0	0	0	0	0	0	0	0	0	0	0	0	0	0	0	0.02648	0	0	0	0.00936	0	0	0	0	0	0	0	0	0	0
GGB76327	0	0	0	0	0	0	0	0	0	0	0	0	0	0	0	0	0	0	0	0	0	0	0	0	0	0	0	0	0	0	0	0	0	0	0.01616	0	0	0	0	0	0	0	0	0	0	0	0	0	0
GGB6002	0	0	0	0	0	0	0	0	0	0	0	0	0	0	0	0	0	0	0	0	0	0	0	0	0	0	0	0	0	0	0	0	0	0	0.00175	0	0	0	0	0	0	0	0	0.02348	0	0	0	0	0
GGB6611	0	0	0	0	0	0	0	0	0	0	0	0	0	0	0	0	0	0	0	0	0	0	0	0	0	0	0	0	0	0	0	0	0	0	0	0.47164	0	0	0.06703	0	0	0	0	0	0	0	0	0	0
GGB6470	0	0	0	0	0	0	0	0	0	0	0	0	0	0	0	0	0	0	0	0	0	0	0	0	0	0	0	0	0	0	0	0	0	0	0	0.33122	0	0	0.06852	0	0	0	0	0	0	0	0	0	0
GGB6609	0	0	0	0	0	0	0	0	0	0	0	0	0	0	0	0	0	0	0	0	0	0	0	0	0	0	0	0	0	0	0	0	0	0	0	0.32144	0	0	0	0	0	0	0	0	0	0	0	0	0
GGB4266	0	0	0	0	0	0	0	0	0	0	0	0	0	0	0	0	0	0	0	0	0	0	0	0	0	0	0	0	0	0	0	0	0	0	0	0.18662	0	0	0	0	0	0	0	0	0	0	0	0	0
GGB1249	0	0	0	0	0	0	0	0	0	0	0	0	0	0	0	0	0	0	0	0	0	0	0	0	0	0	0	0	0	0	0	0	0	0	0	0.12582	0	0	0.4612	0	0	0	0	0	0	0	0	0	0
GGB41458	0	0	0	0	0	0	0	0	0	0	0	0	0	0	0	0	0	0	0	0	0	0	0	0	0	0	0	0	0	0	0	0	0	0	0	0.05043	0	0	0	0	0	0	0	0	0	0	0	0	0
Candidatus_Parachristensenella	0	0	0	0	0	0	0	0	0	0	0	0	0	0	0	0	0	0	0	0	0	0	0	0	0	0	0	0	0	0	0	0	0	0	0	0.02847	0	0	0	0	0	0	0	0	0	0	0	0	0.06441
GGB58233	0	0	0	0	0	0	0	0	0	0	0	0	0	0	0	0	0	0	0	0	0	0	0	0	0	0	0	0	0	0	0	0	0	0	0	0.00819	0	0	0	0	0	0.00538	0	0	0	0	0	0	0
Mesosutterella	0	0	0	0	0	0	0	0	0	0	0	0	0	0	0	0	0	0	0	0	0	0	0	0	0	0	0	0	0	0	0	0	0	0	0	0	1.64118	0	0	0	0	0	0	0	0	0	0	0	0
GGB3600	0	0	0	0	0	0	0	0	0	0	0	0	0	0	0	0	0	0	0	0	0	0	0	0	0	0	0	0	0	0	0	0	0	0	0	0	0.99565	0	0	0	0	0	0	0	0	0	0	0	0
Amedibacillus	0	0	0	0	0	0	0	0	0	0	0	0	0	0	0	0	0	0	0	0	0	0	0	0	0	0	0	0	0	0	0	0	0	0	0	0	0.07449	0	0	0	0.07416	0	0	0	0	0	0	0	0
GGB33586	0	0	0	0	0	0	0	0	0	0	0	0	0	0	0	0	0	0	0	0	0	0	0	0	0	0	0	0	0	0	0	0	0	0	0	0	0.03527	0	0	0	0	0.01419	0	0	0	0	0	0	0
Enteroscipio	0	0	0	0	0	0	0	0	0	0	0	0	0	0	0	0	0	0	0	0	0	0	0	0	0	0	0	0	0	0	0	0	0	0	0	0	0.02048	0	0	0	0	0	0	0	0	0	0	0	0
Oxalobacter	0	0	0	0	0	0	0	0	0	0	0	0	0	0	0	0	0	0	0	0	0	0	0	0	0	0	0	0	0	0	0	0	0	0	0	0	0.00348	0	0	0	0	0	0	0	0	0	0	0	0
Massiliimalia	0	0	0	0	0	0	0	0	0	0	0	0	0	0	0	0	0	0	0	0	0	0	0	0	0	0	0	0	0	0	0	0	0	0	0	0	0.00155	0	0	0	0	0	0	0	0	0	0	0	0
GGB9355	0	0	0	0	0	0	0	0	0	0	0	0	0	0	0	0	0	0	0	0	0	0	0	0	0	0	0	0	0	0	0	0	0	0	0	0	0	0.91653	0	0	0	0	0	0	0	0	0	0	0
Bacteroidales_unclassified	0	0	0	0	0	0	0	0	0	0	0	0	0	0	0	0	0	0	0	0	0	0	0	0	0	0	0	0	0	0	0	0	0	0	0	0	0	0.57565	0	0	0	0	0	0	0	0	0	0	0
Extibacter	0	0	0	0	0	0	0	0	0	0	0	0	0	0	0	0	0	0	0	0	0	0	0	0	0	0	0	0	0	0	0	0	0	0	0	0	0	0.02579	0	0	0	0	0	0	0	0	0	0	0
GGB9309	0	0	0	0	0	0	0	0	0	0	0	0	0	0	0	0	0	0	0	0	0	0	0	0	0	0	0	0	0	0	0	0	0	0	0	0	0	0.01585	0	0	0	0	0	0	0	0	0	0	0
Angelakisella	0	0	0	0	0	0	0	0	0	0	0	0	0	0	0	0	0	0	0	0	0	0	0	0	0	0	0	0	0	0	0	0	0	0	0	0	0	0.00218	0	0	0	0	0	0	0	0	0	0	0
GGB1497	0	0	0	0	0	0	0	0	0	0	0	0	0	0	0	0	0	0	0	0	0	0	0	0	0	0	0	0	0	0	0	0	0	0	0	0	0	0	6.13347	0	0	0	0	0	0	0	0	0	0
GGB3751	0	0	0	0	0	0	0	0	0	0	0	0	0	0	0	0	0	0	0	0	0	0	0	0	0	0	0	0	0	0	0	0	0	0	0	0	0	0	2.31021	0	0	0	0	0	0	0	0	0	0
GGB9063	0	0	0	0	0	0	0	0	0	0	0	0	0	0	0	0	0	0	0	0	0	0	0	0	0	0	0	0	0	0	0	0	0	0	0	0	0	0	0.37176	0.02504	0	0	0	0	0	0	0	0	0
Anaerobiospirillum	0	0	0	0	0	0	0	0	0	0	0	0	0	0	0	0	0	0	0	0	0	0	0	0	0	0	0	0	0	0	0	0	0	0	0	0	0	0	0.36202	0	0	0	0	0	0	0	0	0	0
GGB9774	0	0	0	0	0	0	0	0	0	0	0	0	0	0	0	0	0	0	0	0	0	0	0	0	0	0	0	0	0	0	0	0	0	0	0	0	0	0	0.2403	0	0	0	0	0	0	0	0	0	0
GGB9511	0	0	0	0	0	0	0	0	0	0	0	0	0	0	0	0	0	0	0	0	0	0	0	0	0	0	0	0	0	0	0	0	0	0	0	0	0	0	0.18739	0	0	0	0	0	0	0	0	0	0
GGB4884	0	0	0	0	0	0	0	0	0	0	0	0	0	0	0	0	0	0	0	0	0	0	0	0	0	0	0	0	0	0	0	0	0	0	0	0	0	0	0.18513	0	0	0	0	0	0	0	0	0	0
GGB74220	0	0	0	0	0	0	0	0	0	0	0	0	0	0	0	0	0	0	0	0	0	0	0	0	0	0	0	0	0	0	0	0	0	0	0	0	0	0	0.13284	0	0	0	0	0	0	0	0	0	0
GGB4386	0	0	0	0	0	0	0	0	0	0	0	0	0	0	0	0	0	0	0	0	0	0	0	0	0	0	0	0	0	0	0	0	0	0	0	0	0	0	0.12286	0	0	0	0	0	0	0	0	0	0
GGB4379	0	0	0	0	0	0	0	0	0	0	0	0	0	0	0	0	0	0	0	0	0	0	0	0	0	0	0	0	0	0	0	0	0	0	0	0	0	0	0.10351	0	0	0	0	0	0	0	0	0	0
GGB1495	0	0	0	0	0	0	0	0	0	0	0	0	0	0	0	0	0	0	0	0	0	0	0	0	0	0	0	0	0	0	0	0	0	0	0	0	0	0	0.06604	0	0	0	0	0	0	0	0	0	0
GGB6606	0	0	0	0	0	0	0	0	0	0	0	0	0	0	0	0	0	0	0	0	0	0	0	0	0	0	0	0	0	0	0	0	0	0	0	0	0	0	0.04258	0	0	0	0	0	0	0	0	0	0
GGB2732	0	0	0	0	0	0	0	0	0	0	0	0	0	0	0	0	0	0	0	0	0	0	0	0	0	0	0	0	0	0	0	0	0	0	0	0	0	0	0.03615	0	0	0	0	0	0	0	0	0	0
GGB9297	0	0	0	0	0	0	0	0	0	0	0	0	0	0	0	0	0	0	0	0	0	0	0	0	0	0	0	0	0	0	0	0	0	0	0	0	0	0	0.03391	0	0	0	0	0	0	0	0	0	0
GGB9786	0	0	0	0	0	0	0	0	0	0	0	0	0	0	0	0	0	0	0	0	0	0	0	0	0	0	0	0	0	0	0	0	0	0	0	0	0	0	0.01126	0	0	0	0	0	0	0	0	0	0
GGB9370	0	0	0	0	0	0	0	0	0	0	0	0	0	0	0	0	0	0	0	0	0	0	0	0	0	0	0	0	0	0	0	0	0	0	0	0	0	0	0.00866	0	0	0	0	0	0	0	0	0	0
Anaerofilum	0	0	0	0	0	0	0	0	0	0	0	0	0	0	0	0	0	0	0	0	0	0	0	0	0	0	0	0	0	0	0	0	0	0	0	0	0	0	0.00858	0	0	0	0	0	0	0	0	0	0
GGB3474	0	0	0	0	0	0	0	0	0	0	0	0	0	0	0	0	0	0	0	0	0	0	0	0	0	0	0	0	0	0	0	0	0	0	0	0	0	0	0.00416	0	0	0	0	0	0	0	0	0	0
GGB9296	0	0	0	0	0	0	0	0	0	0	0	0	0	0	0	0	0	0	0	0	0	0	0	0	0	0	0	0	0	0	0	0	0	0	0	0	0	0	0.00286	0	0	0	0	0	0	0	0	0	0
GGB3733	0	0	0	0	0	0	0	0	0	0	0	0	0	0	0	0	0	0	0	0	0	0	0	0	0	0	0	0	0	0	0	0	0	0	0	0	0	0	0	5.32059	0	0	0	0	0	0	0	0	0
GGB9045	0	0	0	0	0	0	0	0	0	0	0	0	0	0	0	0	0	0	0	0	0	0	0	0	0	0	0	0	0	0	0	0	0	0	0	0	0	0	0	0.36706	0	0	0	0	0	0	0	0	0
GGB9052	0	0	0	0	0	0	0	0	0	0	0	0	0	0	0	0	0	0	0	0	0	0	0	0	0	0	0	0	0	0	0	0	0	0	0	0	0	0	0	0.33024	0	0	0	0	0	0	0	0	0
GGB9293	0	0	0	0	0	0	0	0	0	0	0	0	0	0	0	0	0	0	0	0	0	0	0	0	0	0	0	0	0	0	0	0	0	0	0	0	0	0	0	0.31638	0	0	0	0	0	0	0	0	0
GGB9332	0	0	0	0	0	0	0	0	0	0	0	0	0	0	0	0	0	0	0	0	0	0	0	0	0	0	0	0	0	0	0	0	0	0	0	0	0	0	0	0.31084	0	0	0	0	0	0	0	0	0
GGB9359	0	0	0	0	0	0	0	0	0	0	0	0	0	0	0	0	0	0	0	0	0	0	0	0	0	0	0	0	0	0	0	0	0	0	0	0	0	0	0	0.30234	0.68172	0	0	0	0	0	0	0	0
GGB9768	0	0	0	0	0	0	0	0	0	0	0	0	0	0	0	0	0	0	0	0	0	0	0	0	0	0	0	0	0	0	0	0	0	0	0	0	0	0	0	0.26664	0	0	0	0	0	0	0	0	0
GGB3475	0	0	0	0	0	0	0	0	0	0	0	0	0	0	0	0	0	0	0	0	0	0	0	0	0	0	0	0	0	0	0	0	0	0	0	0	0	0	0	0.09121	0	0	0	0	0	0	0	0	0
Candidatus_Schneewindia	0	0	0	0	0	0	0	0	0	0	0	0	0	0	0	0	0	0	0	0	0	0	0	0	0	0	0	0	0	0	0	0	0	0	0	0	0	0	0	0.00936	0	0	0	0	0	0	0	0	0
GGB9115	0	0	0	0	0	0	0	0	0	0	0	0	0	0	0	0	0	0	0	0	0	0	0	0	0	0	0	0	0	0	0	0	0	0	0	0	0	0	0	0.0092	0	0	0	0	0	0	0	0	0
GGB3664	0	0	0	0	0	0	0	0	0	0	0	0	0	0	0	0	0	0	0	0	0	0	0	0	0	0	0	0	0	0	0	0	0	0	0	0	0	0	0	0.00361	0	0	0	0	0	0	0	0	0
Cetobacterium	0	0	0	0	0	0	0	0	0	0	0	0	0	0	0	0	0	0	0	0	0	0	0	0	0	0	0	0	0	0	0	0	0	0	0	0	0	0	0	0	5.99952	0	0	0	0	0	0	0	0
GGB15850	0	0	0	0	0	0	0	0	0	0	0	0	0	0	0	0	0	0	0	0	0	0	0	0	0	0	0	0	0	0	0	0	0	0	0	0	0	0	0	0	0.87836	0	0	0	0	0	0	0	0
GGB52002	0	0	0	0	0	0	0	0	0	0	0	0	0	0	0	0	0	0	0	0	0	0	0	0	0	0	0	0	0	0	0	0	0	0	0	0	0	0	0	0	0.00629	0	0	0	0	0	0	0	0
GGB9623	0	0	0	0	0	0	0	0	0	0	0	0	0	0	0	0	0	0	0	0	0	0	0	0	0	0	0	0	0	0	0	0	0	0	0	0	0	0	0	0	0	3.75823	0	0	0	0	0	0	0
GGB4567	0	0	0	0	0	0	0	0	0	0	0	0	0	0	0	0	0	0	0	0	0	0	0	0	0	0	0	0	0	0	0	0	0	0	0	0	0	0	0	0	0	1.03551	0	0	0	0	0	0	0
GGB9200	0	0	0	0	0	0	0	0	0	0	0	0	0	0	0	0	0	0	0	0	0	0	0	0	0	0	0	0	0	0	0	0	0	0	0	0	0	0	0	0	0	0.37895	0	0	0	0	0	0	0
Puniceicoccaceae_unclassified	0	0	0	0	0	0	0	0	0	0	0	0	0	0	0	0	0	0	0	0	0	0	0	0	0	0	0	0	0	0	0	0	0	0	0	0	0	0	0	0	0	0.14208	0	0	0	0	0	0	0
GGB9090	0	0	0	0	0	0	0	0	0	0	0	0	0	0	0	0	0	0	0	0	0	0	0	0	0	0	0	0	0	0	0	0	0	0	0	0	0	0	0	0	0	0.02303	0	0	0	0	0	0	0
Murimonas	0	0	0	0	0	0	0	0	0	0	0	0	0	0	0	0	0	0	0	0	0	0	0	0	0	0	0	0	0	0	0	0	0	0	0	0	0	0	0	0	0	0.02157	0	0	0	0	0	0	0
GGB44201	0	0	0	0	0	0	0	0	0	0	0	0	0	0	0	0	0	0	0	0	0	0	0	0	0	0	0	0	0	0	0	0	0	0	0	0	0	0	0	0	0	0.01144	0	0	0	0	0	0	0
GGB9575	0	0	0	0	0	0	0	0	0	0	0	0	0	0	0	0	0	0	0	0	0	0	0	0	0	0	0	0	0	0	0	0	0	0	0	0	0	0	0	0	0	0	0.43231	0	0	0	0	0	0
GGB1538	0	0	0	0	0	0	0	0	0	0	0	0	0	0	0	0	0	0	0	0	0	0	0	0	0	0	0	0	0	0	0	0	0	0	0	0	0	0	0	0	0	0	0	2.24035	0	0	0	0	0
GGB1407	0	0	0	0	0	0	0	0	0	0	0	0	0	0	0	0	0	0	0	0	0	0	0	0	0	0	0	0	0	0	0	0	0	0	0	0	0	0	0	0	0	0	0	0.10579	0	0	0	0	0
Scardovia	0	0	0	0	0	0	0	0	0	0	0	0	0	0	0	0	0	0	0	0	0	0	0	0	0	0	0	0	0	0	0	0	0	0	0	0	0	0	0	0	0	0	0	0.01763	0	0	0	0	0
GGB3593	0	0	0	0	0	0	0	0	0	0	0	0	0	0	0	0	0	0	0	0	0	0	0	0	0	0	0	0	0	0	0	0	0	0	0	0	0	0	0	0	0	0	0	0.00644	0	0	0	0	0
Amedibacterium	0	0	0	0	0	0	0	0	0	0	0	0	0	0	0	0	0	0	0	0	0	0	0	0	0	0	0	0	0	0	0	0	0	0	0	0	0	0	0	0	0	0	0	0	0.23479	0	0	0	0
GGB35068	0	0	0	0	0	0	0	0	0	0	0	0	0	0	0	0	0	0	0	0	0	0	0	0	0	0	0	0	0	0	0	0	0	0	0	0	0	0	0	0	0	0	0	0	0	0.00967	0	0	0
GGB9092	0	0	0	0	0	0	0	0	0	0	0	0	0	0	0	0	0	0	0	0	0	0	0	0	0	0	0	0	0	0	0	0	0	0	0	0	0	0	0	0	0	0	0	0	0	0	0.47869	0	0
Lawsonella	0	0	0	0	0	0	0	0	0	0	0	0	0	0	0	0	0	0	0	0	0	0	0	0	0	0	0	0	0	0	0	0	0	0	0	0	0	0	0	0	0	0	0	0	0	0	0.10388	0	0
GGB26772	0	0	0	0	0	0	0	0	0	0	0	0	0	0	0	0	0	0	0	0	0	0	0	0	0	0	0	0	0	0	0	0	0	0	0	0	0	0	0	0	0	0	0	0	0	0	0.08403	0	0
GGB9209	0	0	0	0	0	0	0	0	0	0	0	0	0	0	0	0	0	0	0	0	0	0	0	0	0	0	0	0	0	0	0	0	0	0	0	0	0	0	0	0	0	0	0	0	0	0	0.0453	0	0
Isoptericola	0	0	0	0	0	0	0	0	0	0	0	0	0	0	0	0	0	0	0	0	0	0	0	0	0	0	0	0	0	0	0	0	0	0	0	0	0	0	0	0	0	0	0	0	0	0	0.04362	0	0
GGB78973	0	0	0	0	0	0	0	0	0	0	0	0	0	0	0	0	0	0	0	0	0	0	0	0	0	0	0	0	0	0	0	0	0	0	0	0	0	0	0	0	0	0	0	0	0	0	0	0.03547	0
GGB4599	0	0	0	0	0	0	0	0	0	0	0	0	0	0	0	0	0	0	0	0	0	0	0	0	0	0	0	0	0	0	0	0	0	0	0	0	0	0	0	0	0	0	0	0	0	0	0	0	0.39609
GGB3341	0	0	0	0	0	0	0	0	0	0	0	0	0	0	0	0	0	0	0	0	0	0	0	0	0	0	0	0	0	0	0	0	0	0	0	0	0	0	0	0	0	0	0	0	0	0	0	0	0.33981
