2026-07-16 22:28:03.109055 INFO::Writing function arguments to log file
2026-07-16 22:28:03.123668 DEBUG::Function arguments
2026-07-16 22:28:03.140991 DEBUG::Output folder: ../../results/MG_results/Taxonomics_results/MaAsLin3_16S_genus_update_output
2026-07-16 22:28:03.142235 DEBUG::Formula: ~ Sex + Age +
                        TimeNW + FIScore + Location + (1|Individual)
2026-07-16 22:28:03.14354 DEBUG::Fixed effects:
2026-07-16 22:28:03.144813 DEBUG::Reference:
2026-07-16 22:28:03.14738 DEBUG::Random effects:
2026-07-16 22:28:03.149297 DEBUG::Group effects:
2026-07-16 22:28:03.150907 DEBUG::Ordered effects:
2026-07-16 22:28:03.152329 DEBUG::Strata effects:
2026-07-16 22:28:03.153807 DEBUG::Min Abundance: 0.000000
2026-07-16 22:28:03.15597 DEBUG::Min Prevalence: 0.000000
2026-07-16 22:28:03.157741 DEBUG::Max Prevalence: 1.010000
2026-07-16 22:28:03.159413 DEBUG::Zero Threshold: 0.000000
2026-07-16 22:28:03.161037 DEBUG::Min variance: 0.000000
2026-07-16 22:28:03.162913 DEBUG::Max significance: 0.100000
2026-07-16 22:28:03.164669 DEBUG::Normalization: TSS
2026-07-16 22:28:03.165921 DEBUG::Transform: LOG
2026-07-16 22:28:03.166972 DEBUG::Correction method: BH
2026-07-16 22:28:03.168011 DEBUG::Standardize: TRUE
2026-07-16 22:28:03.169044 DEBUG::Abundance median comparison: TRUE
2026-07-16 22:28:03.170306 DEBUG::Prevalence median comparison: FALSE
2026-07-16 22:28:03.171943 DEBUG::Abundance median comparison threshold: 0
2026-07-16 22:28:03.173768 DEBUG::Prevalence median comparison threshold: 0
2026-07-16 22:28:03.175339 DEBUG::Subtract median: FALSE
2026-07-16 22:28:03.176964 DEBUG::Warn prevalence: TRUE
2026-07-16 22:28:03.178573 DEBUG::Small random effects: FALSE
2026-07-16 22:28:03.18008 DEBUG::Augment: TRUE
2026-07-16 22:28:03.181596 DEBUG::Evaluate only:
2026-07-16 22:28:03.183119 DEBUG::Cores: 4
2026-07-16 22:28:03.184334 DEBUG::Balanced Summary plot: FALSE
2026-07-16 22:28:03.185735 INFO::Verifying options selected are valid
2026-07-16 22:28:03.209675 INFO::Determining format of input files
2026-07-16 22:28:03.212535 INFO::Input format is data samples as rows and metadata samples as rows
2026-07-16 22:28:03.215148 DEBUG::A total of 205 samples were found in both the data and metadata
2026-07-16 22:28:03.21673 DEBUG::Reordering data/metadata to use same sample ordering
2026-07-16 22:28:03.224475 INFO::Running selected normalization method: TSS
2026-07-16 22:28:03.259421 INFO::Creating output feature tables folder
2026-07-16 22:28:03.273793 INFO::Writing normalized data to file ../../results/MG_results/Taxonomics_results/MaAsLin3_16S_genus_update_output/features/data_norm.tsv
2026-07-16 22:28:03.381057 INFO::Filter data based on min abundance, min prevalence, and max prevalence
2026-07-16 22:28:03.384751 INFO::Total samples in data: 205
2026-07-16 22:28:03.390125 INFO::Min samples required with min abundance for a feature not to be filtered: 0.000000
2026-07-16 22:28:03.394411 INFO::Max samples allowed with min abundance for a feature not to be filtered: 207.050000
2026-07-16 22:28:03.44949 INFO::Total filtered features: 0
2026-07-16 22:28:03.452333 INFO::Filtered feature names from abundance, min prevalence, and max prevalence filtering:
2026-07-16 22:28:03.468544 INFO::Total features filtered by non-zero variance filtering: 18
2026-07-16 22:28:03.472514 INFO::Filtered feature names from variance filtering: Cellulosilyticum, Anaeroglobus, Mobiluncus, Robinsoniella, Lachnoanaerobaculum, Gemella, Oribacterium, Morganella, Anaerococcus, Catabacter, Epulopiscium, Pseudoflavonifractor, Peptostreptococcus, Sedimentibacter, Fastidiosipila, Parvimonas, Pseudomonas, UCG-007
2026-07-16 22:28:03.475388 INFO::Writing filtered data to file ../../results/MG_results/Taxonomics_results/MaAsLin3_16S_genus_update_output/features/filtered_data.tsv
2026-07-16 22:28:03.573571 INFO::Running selected transform method: LOG
2026-07-16 22:28:03.582725 INFO::Writing normalized, filtered, transformed data to file ../../results/MG_results/Taxonomics_results/MaAsLin3_16S_genus_update_output/features/data_transformed.tsv
2026-07-16 22:28:03.682433 INFO::Factor detected for categorial metadata 'Sex'. Using as-is.
2026-07-16 22:28:03.686502 INFO::Factor detected for categorial metadata 'Location'. Using as-is.
2026-07-16 22:28:03.691413 INFO::Applying z-score to standardize continuous metadata
2026-07-16 22:28:03.714076 INFO::Running the linear model component
2026-07-16 22:28:05.357175 INFO::Creating cluster of 4 R processes
2026-07-16 22:28:26.182508 DEBUG::Object: augment, Size: 56
2026-07-16 22:28:26.188428 DEBUG::Object: cluster, Size: 6136
2026-07-16 22:28:26.19041 DEBUG::Object: cores, Size: 56
2026-07-16 22:28:26.192422 DEBUG::Object: correction, Size: 112
2026-07-16 22:28:26.194152 DEBUG::Object: extract_out, Size: 2984
2026-07-16 22:28:26.195801 DEBUG::Object: feature_specific_covariate, Size: 0
2026-07-16 22:28:26.197683 DEBUG::Object: feature_specific_covariate_name, Size: 0
2026-07-16 22:28:26.199251 DEBUG::Object: feature_specific_covariate_record, Size: 0
2026-07-16 22:28:26.200732 DEBUG::Object: features, Size: 370208
2026-07-16 22:28:26.202063 DEBUG::Object: formula, Size: 2576
2026-07-16 22:28:26.203613 DEBUG::Object: fun_list, Size: 124640
2026-07-16 22:28:26.205724 DEBUG::Object: func_to_run, Size: 435336
2026-07-16 22:28:26.207485 DEBUG::Object: groups, Size: 48
2026-07-16 22:28:26.209417 DEBUG::Object: median_comparison, Size: 56
2026-07-16 22:28:26.210851 DEBUG::Object: median_comparison_threshold, Size: 56
2026-07-16 22:28:26.212227 DEBUG::Object: metadata, Size: 67320
2026-07-16 22:28:26.213529 DEBUG::Object: model, Size: 112
2026-07-16 22:28:26.217398 DEBUG::Object: model_function, Size: 71464
2026-07-16 22:28:26.219005 DEBUG::Object: ordereds, Size: 48
2026-07-16 22:28:26.220481 DEBUG::Object: random_effects_formula, Size: 2576
2026-07-16 22:28:26.222345 DEBUG::Object: ranef_function, Size: 1240
2026-07-16 22:28:26.224462 DEBUG::Object: save_models, Size: 56
2026-07-16 22:28:26.226007 DEBUG::Object: small_random_effects, Size: 56
2026-07-16 22:28:26.227371 DEBUG::Object: strata, Size: 48
2026-07-16 22:28:26.228732 DEBUG::Object: subtract_median, Size: 56
2026-07-16 22:28:26.230041 DEBUG::Object: summary_function, Size: 51456
2026-07-16 22:28:26.232511 DEBUG::Object: func_to_run, Size: 435336
2026-07-16 22:29:02.19805 INFO::Performing tests against medians
2026-07-16 22:29:09.690757 INFO::Counting total values for each feature
2026-07-16 22:29:09.725958 INFO::Running the logistic model component
2026-07-16 22:29:09.737034 INFO::Creating cluster of 4 R processes
2026-07-16 22:32:53.331989 DEBUG::Object: augment, Size: 56
2026-07-16 22:32:58.135295 DEBUG::Object: cluster, Size: 6136
2026-07-16 22:32:58.139863 DEBUG::Object: cores, Size: 56
2026-07-16 22:32:58.143214 DEBUG::Object: correction, Size: 112
2026-07-16 22:32:58.146474 DEBUG::Object: extract_out, Size: 2984
2026-07-16 22:32:58.339161 DEBUG::Object: feature_specific_covariate, Size: 0
2026-07-16 22:32:58.3424 DEBUG::Object: feature_specific_covariate_name, Size: 0
2026-07-16 22:32:58.345691 DEBUG::Object: feature_specific_covariate_record, Size: 0
2026-07-16 22:32:58.811064 DEBUG::Object: features, Size: 358840
2026-07-16 22:32:58.815865 DEBUG::Object: formula, Size: 2576
2026-07-16 22:32:58.821328 DEBUG::Object: fun_list, Size: 212584
2026-07-16 22:32:59.037721 DEBUG::Object: func_to_run, Size: 435336
2026-07-16 22:32:59.227331 DEBUG::Object: groups, Size: 48
2026-07-16 22:32:59.230796 DEBUG::Object: median_comparison, Size: 56
2026-07-16 22:32:59.233487 DEBUG::Object: median_comparison_threshold, Size: 56
2026-07-16 22:32:59.23645 DEBUG::Object: metadata, Size: 67320
2026-07-16 22:32:59.238395 DEBUG::Object: model, Size: 120
2026-07-16 22:32:59.240211 DEBUG::Object: model_function, Size: 161200
2026-07-16 22:32:59.241896 DEBUG::Object: ordereds, Size: 48
2026-07-16 22:32:59.243323 DEBUG::Object: random_effects_formula, Size: 2576
2026-07-16 22:32:59.244707 DEBUG::Object: ranef_function, Size: 1240
2026-07-16 22:32:59.246086 DEBUG::Object: save_models, Size: 56
2026-07-16 22:32:59.247358 DEBUG::Object: small_random_effects, Size: 56
2026-07-16 22:32:59.248591 DEBUG::Object: strata, Size: 48
2026-07-16 22:32:59.249583 DEBUG::Object: subtract_median, Size: 56
2026-07-16 22:32:59.25084 DEBUG::Object: summary_function, Size: 49664
2026-07-16 22:32:59.252086 DEBUG::Object: func_to_run, Size: 435336
2026-07-16 23:14:13.576956 INFO::Counting total values for each feature
2026-07-16 23:14:19.615836 INFO::Re-running abundances for warn_prevalence
2026-07-16 23:14:19.618814 INFO::Running selected normalization method: TSS
2026-07-16 23:14:24.279574 INFO::Running selected transform method: LOG
2026-07-16 23:14:25.209091 INFO::Creating cluster of 4 R processes
2026-07-16 23:15:10.128649 DEBUG::Object: augment, Size: 56
2026-07-16 23:15:10.20595 DEBUG::Object: cluster, Size: 6136
2026-07-16 23:15:10.215193 DEBUG::Object: cores, Size: 56
2026-07-16 23:15:10.218715 DEBUG::Object: correction, Size: 112
2026-07-16 23:15:10.221937 DEBUG::Object: extract_out, Size: 2984
2026-07-16 23:15:10.224692 DEBUG::Object: feature_specific_covariate, Size: 0
2026-07-16 23:15:10.226812 DEBUG::Object: feature_specific_covariate_name, Size: 0
2026-07-16 23:15:10.229409 DEBUG::Object: feature_specific_covariate_record, Size: 0
2026-07-16 23:15:10.231396 DEBUG::Object: features, Size: 370208
2026-07-16 23:15:10.232942 DEBUG::Object: formula, Size: 2576
2026-07-16 23:15:10.234626 DEBUG::Object: fun_list, Size: 124640
2026-07-16 23:15:10.236111 DEBUG::Object: func_to_run, Size: 435336
2026-07-16 23:15:10.237905 DEBUG::Object: groups, Size: 48
2026-07-16 23:15:10.239573 DEBUG::Object: median_comparison, Size: 56
2026-07-16 23:15:10.240825 DEBUG::Object: median_comparison_threshold, Size: 56
2026-07-16 23:15:10.242281 DEBUG::Object: metadata, Size: 67320
2026-07-16 23:15:10.243711 DEBUG::Object: model, Size: 112
2026-07-16 23:15:10.245115 DEBUG::Object: model_function, Size: 71464
2026-07-16 23:15:10.246311 DEBUG::Object: ordereds, Size: 48
2026-07-16 23:15:10.247553 DEBUG::Object: random_effects_formula, Size: 2576
2026-07-16 23:15:10.248874 DEBUG::Object: ranef_function, Size: 1240
2026-07-16 23:15:10.421025 DEBUG::Object: save_models, Size: 56
2026-07-16 23:15:10.422637 DEBUG::Object: small_random_effects, Size: 56
2026-07-16 23:15:10.424157 DEBUG::Object: strata, Size: 48
2026-07-16 23:15:10.425358 DEBUG::Object: subtract_median, Size: 56
2026-07-16 23:15:10.42654 DEBUG::Object: summary_function, Size: 51456
2026-07-16 23:15:10.427904 DEBUG::Object: func_to_run, Size: 435336
2026-07-16 23:16:02.890083 INFO::Creating fits folder
2026-07-16 23:16:02.894327 INFO::Writing residuals to file ../../results/MG_results/Taxonomics_results/MaAsLin3_16S_genus_update_output/fits/residuals_linear.rds
2026-07-16 23:16:03.014446 INFO::Writing fitted values to file ../../results/MG_results/Taxonomics_results/MaAsLin3_16S_genus_update_output/fits/fitted_linear.rds
2026-07-16 23:16:03.115743 INFO::Writing extracted random effects to file ../../results/MG_results/Taxonomics_results/MaAsLin3_16S_genus_update_output/fits/ranef_linear.rds
2026-07-16 23:16:03.121532 INFO::Writing residuals to file ../../results/MG_results/Taxonomics_results/MaAsLin3_16S_genus_update_output/fits/residuals_logistic.rds
2026-07-16 23:16:03.139386 INFO::Writing fitted values to file ../../results/MG_results/Taxonomics_results/MaAsLin3_16S_genus_update_output/fits/fitted_logistic.rds
2026-07-16 23:16:03.156194 INFO::Writing extracted random effects to file ../../results/MG_results/Taxonomics_results/MaAsLin3_16S_genus_update_output/fits/ranef_logistic.rds
2026-07-16 23:16:06.313734 INFO::Writing all the results to file (ordered 
            by increasing individual q-values): ../../results/MG_results/Taxonomics_results/MaAsLin3_16S_genus_update_output/all_results.tsv
2026-07-16 23:16:06.908901 INFO::Writing the significant results without errors (those which have joint q-values less than or equal to the threshold of 0.100000 ) to file (ordered by increasing individual q-values): ../../results/MG_results/Taxonomics_results/MaAsLin3_16S_genus_update_output/significant_results.tsv
2026-07-16 23:16:07.385659 INFO::Creating output figures folder
2026-07-16 23:16:08.568494 INFO::Writing summary plot of significant
                        results to file: ../../results/MG_results/Taxonomics_results/MaAsLin3_16S_genus_update_output/figures/summary_plot.pdf
2026-07-16 23:17:33.760717 INFO::Writing association plots (one for each significant association) to output folder: ../../results/MG_results/Taxonomics_results/MaAsLin3_16S_genus_update_output/figures
2026-07-16 23:17:33.764638 INFO::All associations had errors 
                                or were insignificant.
